Copyright 1986-2020 Xilinx, Inc. All Rights Reserved.
--------------------------------------------------------------------------------------
| Tool Version : Vivado v.2020.1 (lin64) Build 2902540 Wed May 27 19:54:35 MDT 2020
| Date         : Wed Sep 23 14:47:45 2026
| Host         : linuxvdi-f26-12.ece.iastate.edu running 64-bit unknown
| Command      : report_control_sets -verbose -file piped_mac_control_sets_placed.rpt
| Design       : piped_mac
| Device       : xc7z020
--------------------------------------------------------------------------------------

Control Set Information

Table of Contents
-----------------
1. Summary
2. Histogram
3. Flip-Flop Distribution
4. Detailed Control Set Information

1. Summary
----------

+----------------------------------------------------------+-------+
|                          Status                          | Count |
+----------------------------------------------------------+-------+
| Total control sets                                       |     7 |
|    Minimum number of control sets                        |     7 |
|    Addition due to synthesis replication                 |     0 |
|    Addition due to physical synthesis replication        |     0 |
| Unused register locations in slices containing registers |    38 |
+----------------------------------------------------------+-------+
* Control sets can be merged at opt_design using control_set_merge or merge_equivalent_drivers
** Run report_qor_suggestions for automated merging and remapping suggestions


2. Histogram
------------

+--------------------+-------+
|       Fanout       | Count |
+--------------------+-------+
| Total control sets |     7 |
| >= 0 to < 4        |     2 |
| >= 4 to < 6        |     0 |
| >= 6 to < 8        |     0 |
| >= 8 to < 10       |     0 |
| >= 10 to < 12      |     0 |
| >= 12 to < 14      |     0 |
| >= 14 to < 16      |     1 |
| >= 16              |     4 |
+--------------------+-------+
* Control sets can be remapped at either synth_design or opt_design


3. Flip-Flop Distribution
-------------------------

+--------------+-----------------------+------------------------+-----------------+--------------+
| Clock Enable | Synchronous Set/Reset | Asynchronous Set/Reset | Total Registers | Total Slices |
+--------------+-----------------------+------------------------+-----------------+--------------+
| No           | No                    | No                     |               3 |            1 |
| No           | No                    | Yes                    |               0 |            0 |
| No           | Yes                   | No                     |               0 |            0 |
| Yes          | No                    | No                     |              76 |           18 |
| Yes          | No                    | Yes                    |               0 |            0 |
| Yes          | Yes                   | No                     |              59 |           19 |
+--------------+-----------------------+------------------------+-----------------+--------------+


4. Detailed Control Set Information
-----------------------------------

+-----------------+---------------------------+--------------------+------------------+----------------+--------------+
|   Clock Signal  |       Enable Signal       |  Set/Reset Signal  | Slice Load Count | Bel Load Count | Bels / Slice |
+-----------------+---------------------------+--------------------+------------------+----------------+--------------+
|  ACLK_IBUF_BUFG | SD_AXIS_TREADY_OBUF       | p_0_in             |                1 |              1 |         1.00 |
|  ACLK_IBUF_BUFG |                           |                    |                1 |              3 |         3.00 |
|  ACLK_IBUF_BUFG | s2_sum                    |                    |                2 |             15 |         7.50 |
|  ACLK_IBUF_BUFG | s2_sum                    | s2_sum[31]_i_1_n_0 |                5 |             17 |         3.40 |
|  ACLK_IBUF_BUFG | s0_A                      |                    |                7 |             26 |         3.71 |
|  ACLK_IBUF_BUFG | s1_user                   |                    |                9 |             35 |         3.89 |
|  ACLK_IBUF_BUFG | MO_AXIS_TDATA[31]_i_1_n_0 | p_0_in             |               13 |             41 |         3.15 |
+-----------------+---------------------------+--------------------+------------------+----------------+--------------+


