Copyright 1986-2020 Xilinx, Inc. All Rights Reserved.
--------------------------------------------------------------------------------------------------------------------------------------------------------------------------------------------------
| Tool Version : Vivado v.2020.1 (lin64) Build 2902540 Wed May 27 19:54:35 MDT 2020
| Date         : Wed Sep 23 14:48:00 2026
| Host         : linuxvdi-f26-12.ece.iastate.edu running 64-bit unknown
| Command      : report_timing_summary -max_paths 10 -file piped_mac_timing_summary_routed.rpt -pb piped_mac_timing_summary_routed.pb -rpx piped_mac_timing_summary_routed.rpx -warn_on_violation
| Design       : piped_mac
| Device       : 7z020-clg484
| Speed File   : -1  PRODUCTION 1.12 2019-11-22
--------------------------------------------------------------------------------------------------------------------------------------------------------------------------------------------------

Timing Summary Report

------------------------------------------------------------------------------------------------
| Timer Settings
| --------------
------------------------------------------------------------------------------------------------

  Enable Multi Corner Analysis               :  Yes
  Enable Pessimism Removal                   :  Yes
  Pessimism Removal Resolution               :  Nearest Common Node
  Enable Input Delay Default Clock           :  No
  Enable Preset / Clear Arcs                 :  No
  Disable Flight Delays                      :  No
  Ignore I/O Paths                           :  No
  Timing Early Launch at Borrowing Latches   :  No
  Borrow Time for Max Delay Exceptions       :  Yes
  Merge Timing Exceptions                    :  Yes

  Corner  Analyze    Analyze    
  Name    Max Paths  Min Paths  
  ------  ---------  ---------  
  Slow    Yes        Yes        
  Fast    Yes        Yes        



check_timing report

Table of Contents
-----------------
1. checking no_clock (0)
2. checking constant_clock (0)
3. checking pulse_width_clock (0)
4. checking unconstrained_internal_endpoints (0)
5. checking no_input_delay (29)
6. checking no_output_delay (43)
7. checking multiple_clock (0)
8. checking generated_clocks (0)
9. checking loops (0)
10. checking partial_input_delay (0)
11. checking partial_output_delay (0)
12. checking latch_loops (0)

1. checking no_clock (0)
------------------------
 There are 0 register/latch pins with no clock.


2. checking constant_clock (0)
------------------------------
 There are 0 register/latch pins with constant_clock.


3. checking pulse_width_clock (0)
---------------------------------
 There are 0 register/latch pins which need pulse_width check


4. checking unconstrained_internal_endpoints (0)
------------------------------------------------
 There are 0 pins that are not constrained for maximum delay.

 There are 0 pins that are not constrained for maximum delay due to constant clock.


5. checking no_input_delay (29)
-------------------------------
 There are 29 input ports with no input delay specified. (HIGH)

 There are 0 input ports with no input delay but user has a false path constraint.


6. checking no_output_delay (43)
--------------------------------
 There are 43 ports with no output delay specified. (HIGH)

 There are 0 ports with no output delay but user has a false path constraint

 There are 0 ports with no output delay but with a timing clock defined on it or propagating through it


7. checking multiple_clock (0)
------------------------------
 There are 0 register/latch pins with multiple clocks.


8. checking generated_clocks (0)
--------------------------------
 There are 0 generated clocks that are not connected to a clock source.


9. checking loops (0)
---------------------
 There are 0 combinational loops in the design.


10. checking partial_input_delay (0)
------------------------------------
 There are 0 input ports with partial input delay specified.


11. checking partial_output_delay (0)
-------------------------------------
 There are 0 ports with partial output delay specified.


12. checking latch_loops (0)
----------------------------
 There are 0 combinational latch loops in the design through latch input



------------------------------------------------------------------------------------------------
| Design Timing Summary
| ---------------------
------------------------------------------------------------------------------------------------

    WNS(ns)      TNS(ns)  TNS Failing Endpoints  TNS Total Endpoints      WHS(ns)      THS(ns)  THS Failing Endpoints  THS Total Endpoints     WPWS(ns)     TPWS(ns)  TPWS Failing Endpoints  TPWS Total Endpoints  
    -------      -------  ---------------------  -------------------      -------      -------  ---------------------  -------------------     --------     --------  ----------------------  --------------------  
      0.511        0.000                      0                  316        0.122        0.000                      0                  316       -0.450      -62.100                     138                   140  


Timing constraints are not met.


------------------------------------------------------------------------------------------------
| Clock Summary
| -------------
------------------------------------------------------------------------------------------------

Clock  Waveform(ns)         Period(ns)      Frequency(MHz)
-----  ------------         ----------      --------------
main   {0.000 0.050}        5.000           200.000         


------------------------------------------------------------------------------------------------
| Intra Clock Table
| -----------------
------------------------------------------------------------------------------------------------

Clock             WNS(ns)      TNS(ns)  TNS Failing Endpoints  TNS Total Endpoints      WHS(ns)      THS(ns)  THS Failing Endpoints  THS Total Endpoints     WPWS(ns)     TPWS(ns)  TPWS Failing Endpoints  TPWS Total Endpoints  
-----             -------      -------  ---------------------  -------------------      -------      -------  ---------------------  -------------------     --------     --------  ----------------------  --------------------  
main                0.511        0.000                      0                  316        0.122        0.000                      0                  316       -0.450      -62.100                     138                   140  


------------------------------------------------------------------------------------------------
| Inter Clock Table
| -----------------
------------------------------------------------------------------------------------------------

From Clock    To Clock          WNS(ns)      TNS(ns)  TNS Failing Endpoints  TNS Total Endpoints      WHS(ns)      THS(ns)  THS Failing Endpoints  THS Total Endpoints  
----------    --------          -------      -------  ---------------------  -------------------      -------      -------  ---------------------  -------------------  


------------------------------------------------------------------------------------------------
| Other Path Groups Table
| -----------------------
------------------------------------------------------------------------------------------------

Path Group    From Clock    To Clock          WNS(ns)      TNS(ns)  TNS Failing Endpoints  TNS Total Endpoints      WHS(ns)      THS(ns)  THS Failing Endpoints  THS Total Endpoints  
----------    ----------    --------          -------      -------  ---------------------  -------------------      -------      -------  ---------------------  -------------------  


------------------------------------------------------------------------------------------------
| Timing Details
| --------------
------------------------------------------------------------------------------------------------


---------------------------------------------------------------------------------------------------
From Clock:  main
  To Clock:  main

Setup :            0  Failing Endpoints,  Worst Slack        0.511ns,  Total Violation        0.000ns
Hold  :            0  Failing Endpoints,  Worst Slack        0.122ns,  Total Violation        0.000ns
PW    :          138  Failing Endpoints,  Worst Slack       -0.450ns,  Total Violation      -62.100ns
---------------------------------------------------------------------------------------------------


Max Delay Paths
--------------------------------------------------------------------------------------
Slack (MET) :             0.511ns  (required time - arrival time)
  Source:                 acc0/CLK
                            (rising edge-triggered cell DSP48E1 clocked by main  {rise@0.000ns fall@0.050ns period=5.000ns})
  Destination:            acc0/C[43]
                            (rising edge-triggered cell DSP48E1 clocked by main  {rise@0.000ns fall@0.050ns period=5.000ns})
  Path Group:             main
  Path Type:              Setup (Max at Slow Process Corner)
  Requirement:            5.000ns  (main rise@5.000ns - main rise@0.000ns)
  Data Path Delay:        4.013ns  (logic 2.365ns (58.941%)  route 1.648ns (41.059%))
  Logic Levels:           1  (LUT3=1)
  Clock Path Skew:        0.000ns (DCD - SCD + CPR)
    Destination Clock Delay (DCD):    4.600ns = ( 9.600 - 5.000 ) 
    Source Clock Delay      (SCD):    5.118ns
    Clock Pessimism Removal (CPR):    0.519ns
  Clock Uncertainty:      0.035ns  ((TSJ^2 + TIJ^2)^1/2 + DJ) / 2 + PE
    Total System Jitter     (TSJ):    0.071ns
    Total Input Jitter      (TIJ):    0.000ns
    Discrete Jitter          (DJ):    0.000ns
    Phase Error              (PE):    0.000ns

    Location             Delay type                Incr(ns)  Path(ns)    Netlist Resource(s)
  -------------------------------------------------------------------    -------------------
                         (clock main rise edge)       0.000     0.000 r  
    K19                                               0.000     0.000 r  ACLK (IN)
                         net (fo=0)                   0.000     0.000    ACLK
    K19                  IBUF (Prop_ibuf_I_O)         0.938     0.938 r  ACLK_IBUF_inst/O
                         net (fo=1, routed)           2.205     3.143    ACLK_IBUF
    BUFGCTRL_X0Y16       BUFG (Prop_bufg_I_O)         0.101     3.244 r  ACLK_IBUF_BUFG_inst/O
                         net (fo=139, routed)         1.875     5.118    ACLK_IBUF_BUFG
    DSP48_X4Y38          DSP48E1                                      r  acc0/CLK
  -------------------------------------------------------------------    -------------------
    DSP48_X4Y38          DSP48E1 (Prop_dsp48e1_CLK_P[31])
                                                      2.215     7.333 r  acc0/P[31]
                         net (fo=2, routed)           0.771     8.104    acc0_n_74
    SLICE_X103Y97        LUT3 (Prop_lut3_I1_O)        0.150     8.254 r  acc0_i_3/O
                         net (fo=17, routed)          0.877     9.131    acc0_i_3_n_0
    DSP48_X4Y38          DSP48E1                                      r  acc0/C[43]
  -------------------------------------------------------------------    -------------------

                         (clock main rise edge)       5.000     5.000 r  
    K19                                               0.000     5.000 r  ACLK (IN)
                         net (fo=0)                   0.000     5.000    ACLK
    K19                  IBUF (Prop_ibuf_I_O)         0.804     5.804 r  ACLK_IBUF_inst/O
                         net (fo=1, routed)           2.006     7.810    ACLK_IBUF
    BUFGCTRL_X0Y16       BUFG (Prop_bufg_I_O)         0.091     7.901 r  ACLK_IBUF_BUFG_inst/O
                         net (fo=139, routed)         1.698     9.600    ACLK_IBUF_BUFG
    DSP48_X4Y38          DSP48E1                                      r  acc0/CLK
                         clock pessimism              0.519    10.118    
                         clock uncertainty           -0.035    10.083    
    DSP48_X4Y38          DSP48E1 (Setup_dsp48e1_CLK_C[43])
                                                     -0.441     9.642    acc0
  -------------------------------------------------------------------
                         required time                          9.642    
                         arrival time                          -9.131    
  -------------------------------------------------------------------
                         slack                                  0.511    

Slack (MET) :             0.539ns  (required time - arrival time)
  Source:                 acc0/CLK
                            (rising edge-triggered cell DSP48E1 clocked by main  {rise@0.000ns fall@0.050ns period=5.000ns})
  Destination:            acc0/C[40]
                            (rising edge-triggered cell DSP48E1 clocked by main  {rise@0.000ns fall@0.050ns period=5.000ns})
  Path Group:             main
  Path Type:              Setup (Max at Slow Process Corner)
  Requirement:            5.000ns  (main rise@5.000ns - main rise@0.000ns)
  Data Path Delay:        3.984ns  (logic 2.365ns (59.355%)  route 1.619ns (40.645%))
  Logic Levels:           1  (LUT3=1)
  Clock Path Skew:        0.000ns (DCD - SCD + CPR)
    Destination Clock Delay (DCD):    4.600ns = ( 9.600 - 5.000 ) 
    Source Clock Delay      (SCD):    5.118ns
    Clock Pessimism Removal (CPR):    0.519ns
  Clock Uncertainty:      0.035ns  ((TSJ^2 + TIJ^2)^1/2 + DJ) / 2 + PE
    Total System Jitter     (TSJ):    0.071ns
    Total Input Jitter      (TIJ):    0.000ns
    Discrete Jitter          (DJ):    0.000ns
    Phase Error              (PE):    0.000ns

    Location             Delay type                Incr(ns)  Path(ns)    Netlist Resource(s)
  -------------------------------------------------------------------    -------------------
                         (clock main rise edge)       0.000     0.000 r  
    K19                                               0.000     0.000 r  ACLK (IN)
                         net (fo=0)                   0.000     0.000    ACLK
    K19                  IBUF (Prop_ibuf_I_O)         0.938     0.938 r  ACLK_IBUF_inst/O
                         net (fo=1, routed)           2.205     3.143    ACLK_IBUF
    BUFGCTRL_X0Y16       BUFG (Prop_bufg_I_O)         0.101     3.244 r  ACLK_IBUF_BUFG_inst/O
                         net (fo=139, routed)         1.875     5.118    ACLK_IBUF_BUFG
    DSP48_X4Y38          DSP48E1                                      r  acc0/CLK
  -------------------------------------------------------------------    -------------------
    DSP48_X4Y38          DSP48E1 (Prop_dsp48e1_CLK_P[31])
                                                      2.215     7.333 r  acc0/P[31]
                         net (fo=2, routed)           0.771     8.104    acc0_n_74
    SLICE_X103Y97        LUT3 (Prop_lut3_I1_O)        0.150     8.254 r  acc0_i_3/O
                         net (fo=17, routed)          0.849     9.103    acc0_i_3_n_0
    DSP48_X4Y38          DSP48E1                                      r  acc0/C[40]
  -------------------------------------------------------------------    -------------------

                         (clock main rise edge)       5.000     5.000 r  
    K19                                               0.000     5.000 r  ACLK (IN)
                         net (fo=0)                   0.000     5.000    ACLK
    K19                  IBUF (Prop_ibuf_I_O)         0.804     5.804 r  ACLK_IBUF_inst/O
                         net (fo=1, routed)           2.006     7.810    ACLK_IBUF
    BUFGCTRL_X0Y16       BUFG (Prop_bufg_I_O)         0.091     7.901 r  ACLK_IBUF_BUFG_inst/O
                         net (fo=139, routed)         1.698     9.600    ACLK_IBUF_BUFG
    DSP48_X4Y38          DSP48E1                                      r  acc0/CLK
                         clock pessimism              0.519    10.118    
                         clock uncertainty           -0.035    10.083    
    DSP48_X4Y38          DSP48E1 (Setup_dsp48e1_CLK_C[40])
                                                     -0.441     9.642    acc0
  -------------------------------------------------------------------
                         required time                          9.642    
                         arrival time                          -9.103    
  -------------------------------------------------------------------
                         slack                                  0.539    

Slack (MET) :             0.543ns  (required time - arrival time)
  Source:                 acc0/CLK
                            (rising edge-triggered cell DSP48E1 clocked by main  {rise@0.000ns fall@0.050ns period=5.000ns})
  Destination:            acc0/C[38]
                            (rising edge-triggered cell DSP48E1 clocked by main  {rise@0.000ns fall@0.050ns period=5.000ns})
  Path Group:             main
  Path Type:              Setup (Max at Slow Process Corner)
  Requirement:            5.000ns  (main rise@5.000ns - main rise@0.000ns)
  Data Path Delay:        3.981ns  (logic 2.365ns (59.410%)  route 1.616ns (40.590%))
  Logic Levels:           1  (LUT3=1)
  Clock Path Skew:        0.000ns (DCD - SCD + CPR)
    Destination Clock Delay (DCD):    4.600ns = ( 9.600 - 5.000 ) 
    Source Clock Delay      (SCD):    5.118ns
    Clock Pessimism Removal (CPR):    0.519ns
  Clock Uncertainty:      0.035ns  ((TSJ^2 + TIJ^2)^1/2 + DJ) / 2 + PE
    Total System Jitter     (TSJ):    0.071ns
    Total Input Jitter      (TIJ):    0.000ns
    Discrete Jitter          (DJ):    0.000ns
    Phase Error              (PE):    0.000ns

    Location             Delay type                Incr(ns)  Path(ns)    Netlist Resource(s)
  -------------------------------------------------------------------    -------------------
                         (clock main rise edge)       0.000     0.000 r  
    K19                                               0.000     0.000 r  ACLK (IN)
                         net (fo=0)                   0.000     0.000    ACLK
    K19                  IBUF (Prop_ibuf_I_O)         0.938     0.938 r  ACLK_IBUF_inst/O
                         net (fo=1, routed)           2.205     3.143    ACLK_IBUF
    BUFGCTRL_X0Y16       BUFG (Prop_bufg_I_O)         0.101     3.244 r  ACLK_IBUF_BUFG_inst/O
                         net (fo=139, routed)         1.875     5.118    ACLK_IBUF_BUFG
    DSP48_X4Y38          DSP48E1                                      r  acc0/CLK
  -------------------------------------------------------------------    -------------------
    DSP48_X4Y38          DSP48E1 (Prop_dsp48e1_CLK_P[31])
                                                      2.215     7.333 r  acc0/P[31]
                         net (fo=2, routed)           0.771     8.104    acc0_n_74
    SLICE_X103Y97        LUT3 (Prop_lut3_I1_O)        0.150     8.254 r  acc0_i_3/O
                         net (fo=17, routed)          0.845     9.099    acc0_i_3_n_0
    DSP48_X4Y38          DSP48E1                                      r  acc0/C[38]
  -------------------------------------------------------------------    -------------------

                         (clock main rise edge)       5.000     5.000 r  
    K19                                               0.000     5.000 r  ACLK (IN)
                         net (fo=0)                   0.000     5.000    ACLK
    K19                  IBUF (Prop_ibuf_I_O)         0.804     5.804 r  ACLK_IBUF_inst/O
                         net (fo=1, routed)           2.006     7.810    ACLK_IBUF
    BUFGCTRL_X0Y16       BUFG (Prop_bufg_I_O)         0.091     7.901 r  ACLK_IBUF_BUFG_inst/O
                         net (fo=139, routed)         1.698     9.600    ACLK_IBUF_BUFG
    DSP48_X4Y38          DSP48E1                                      r  acc0/CLK
                         clock pessimism              0.519    10.118    
                         clock uncertainty           -0.035    10.083    
    DSP48_X4Y38          DSP48E1 (Setup_dsp48e1_CLK_C[38])
                                                     -0.441     9.642    acc0
  -------------------------------------------------------------------
                         required time                          9.642    
                         arrival time                          -9.099    
  -------------------------------------------------------------------
                         slack                                  0.543    

Slack (MET) :             0.549ns  (required time - arrival time)
  Source:                 acc0/CLK
                            (rising edge-triggered cell DSP48E1 clocked by main  {rise@0.000ns fall@0.050ns period=5.000ns})
  Destination:            acc0/C[42]
                            (rising edge-triggered cell DSP48E1 clocked by main  {rise@0.000ns fall@0.050ns period=5.000ns})
  Path Group:             main
  Path Type:              Setup (Max at Slow Process Corner)
  Requirement:            5.000ns  (main rise@5.000ns - main rise@0.000ns)
  Data Path Delay:        3.975ns  (logic 2.365ns (59.496%)  route 1.610ns (40.504%))
  Logic Levels:           1  (LUT3=1)
  Clock Path Skew:        0.000ns (DCD - SCD + CPR)
    Destination Clock Delay (DCD):    4.600ns = ( 9.600 - 5.000 ) 
    Source Clock Delay      (SCD):    5.118ns
    Clock Pessimism Removal (CPR):    0.519ns
  Clock Uncertainty:      0.035ns  ((TSJ^2 + TIJ^2)^1/2 + DJ) / 2 + PE
    Total System Jitter     (TSJ):    0.071ns
    Total Input Jitter      (TIJ):    0.000ns
    Discrete Jitter          (DJ):    0.000ns
    Phase Error              (PE):    0.000ns

    Location             Delay type                Incr(ns)  Path(ns)    Netlist Resource(s)
  -------------------------------------------------------------------    -------------------
                         (clock main rise edge)       0.000     0.000 r  
    K19                                               0.000     0.000 r  ACLK (IN)
                         net (fo=0)                   0.000     0.000    ACLK
    K19                  IBUF (Prop_ibuf_I_O)         0.938     0.938 r  ACLK_IBUF_inst/O
                         net (fo=1, routed)           2.205     3.143    ACLK_IBUF
    BUFGCTRL_X0Y16       BUFG (Prop_bufg_I_O)         0.101     3.244 r  ACLK_IBUF_BUFG_inst/O
                         net (fo=139, routed)         1.875     5.118    ACLK_IBUF_BUFG
    DSP48_X4Y38          DSP48E1                                      r  acc0/CLK
  -------------------------------------------------------------------    -------------------
    DSP48_X4Y38          DSP48E1 (Prop_dsp48e1_CLK_P[31])
                                                      2.215     7.333 r  acc0/P[31]
                         net (fo=2, routed)           0.771     8.104    acc0_n_74
    SLICE_X103Y97        LUT3 (Prop_lut3_I1_O)        0.150     8.254 r  acc0_i_3/O
                         net (fo=17, routed)          0.839     9.093    acc0_i_3_n_0
    DSP48_X4Y38          DSP48E1                                      r  acc0/C[42]
  -------------------------------------------------------------------    -------------------

                         (clock main rise edge)       5.000     5.000 r  
    K19                                               0.000     5.000 r  ACLK (IN)
                         net (fo=0)                   0.000     5.000    ACLK
    K19                  IBUF (Prop_ibuf_I_O)         0.804     5.804 r  ACLK_IBUF_inst/O
                         net (fo=1, routed)           2.006     7.810    ACLK_IBUF
    BUFGCTRL_X0Y16       BUFG (Prop_bufg_I_O)         0.091     7.901 r  ACLK_IBUF_BUFG_inst/O
                         net (fo=139, routed)         1.698     9.600    ACLK_IBUF_BUFG
    DSP48_X4Y38          DSP48E1                                      r  acc0/CLK
                         clock pessimism              0.519    10.118    
                         clock uncertainty           -0.035    10.083    
    DSP48_X4Y38          DSP48E1 (Setup_dsp48e1_CLK_C[42])
                                                     -0.441     9.642    acc0
  -------------------------------------------------------------------
                         required time                          9.642    
                         arrival time                          -9.093    
  -------------------------------------------------------------------
                         slack                                  0.549    

Slack (MET) :             0.549ns  (required time - arrival time)
  Source:                 acc0/CLK
                            (rising edge-triggered cell DSP48E1 clocked by main  {rise@0.000ns fall@0.050ns period=5.000ns})
  Destination:            acc0/C[31]
                            (rising edge-triggered cell DSP48E1 clocked by main  {rise@0.000ns fall@0.050ns period=5.000ns})
  Path Group:             main
  Path Type:              Setup (Max at Slow Process Corner)
  Requirement:            5.000ns  (main rise@5.000ns - main rise@0.000ns)
  Data Path Delay:        3.975ns  (logic 2.365ns (59.499%)  route 1.610ns (40.501%))
  Logic Levels:           1  (LUT3=1)
  Clock Path Skew:        0.000ns (DCD - SCD + CPR)
    Destination Clock Delay (DCD):    4.600ns = ( 9.600 - 5.000 ) 
    Source Clock Delay      (SCD):    5.118ns
    Clock Pessimism Removal (CPR):    0.519ns
  Clock Uncertainty:      0.035ns  ((TSJ^2 + TIJ^2)^1/2 + DJ) / 2 + PE
    Total System Jitter     (TSJ):    0.071ns
    Total Input Jitter      (TIJ):    0.000ns
    Discrete Jitter          (DJ):    0.000ns
    Phase Error              (PE):    0.000ns

    Location             Delay type                Incr(ns)  Path(ns)    Netlist Resource(s)
  -------------------------------------------------------------------    -------------------
                         (clock main rise edge)       0.000     0.000 r  
    K19                                               0.000     0.000 r  ACLK (IN)
                         net (fo=0)                   0.000     0.000    ACLK
    K19                  IBUF (Prop_ibuf_I_O)         0.938     0.938 r  ACLK_IBUF_inst/O
                         net (fo=1, routed)           2.205     3.143    ACLK_IBUF
    BUFGCTRL_X0Y16       BUFG (Prop_bufg_I_O)         0.101     3.244 r  ACLK_IBUF_BUFG_inst/O
                         net (fo=139, routed)         1.875     5.118    ACLK_IBUF_BUFG
    DSP48_X4Y38          DSP48E1                                      r  acc0/CLK
  -------------------------------------------------------------------    -------------------
    DSP48_X4Y38          DSP48E1 (Prop_dsp48e1_CLK_P[31])
                                                      2.215     7.333 r  acc0/P[31]
                         net (fo=2, routed)           0.771     8.104    acc0_n_74
    SLICE_X103Y97        LUT3 (Prop_lut3_I1_O)        0.150     8.254 r  acc0_i_3/O
                         net (fo=17, routed)          0.839     9.093    acc0_i_3_n_0
    DSP48_X4Y38          DSP48E1                                      r  acc0/C[31]
  -------------------------------------------------------------------    -------------------

                         (clock main rise edge)       5.000     5.000 r  
    K19                                               0.000     5.000 r  ACLK (IN)
                         net (fo=0)                   0.000     5.000    ACLK
    K19                  IBUF (Prop_ibuf_I_O)         0.804     5.804 r  ACLK_IBUF_inst/O
                         net (fo=1, routed)           2.006     7.810    ACLK_IBUF
    BUFGCTRL_X0Y16       BUFG (Prop_bufg_I_O)         0.091     7.901 r  ACLK_IBUF_BUFG_inst/O
                         net (fo=139, routed)         1.698     9.600    ACLK_IBUF_BUFG
    DSP48_X4Y38          DSP48E1                                      r  acc0/CLK
                         clock pessimism              0.519    10.118    
                         clock uncertainty           -0.035    10.083    
    DSP48_X4Y38          DSP48E1 (Setup_dsp48e1_CLK_C[31])
                                                     -0.441     9.642    acc0
  -------------------------------------------------------------------
                         required time                          9.642    
                         arrival time                          -9.093    
  -------------------------------------------------------------------
                         slack                                  0.549    

Slack (MET) :             0.587ns  (required time - arrival time)
  Source:                 acc0/CLK
                            (rising edge-triggered cell DSP48E1 clocked by main  {rise@0.000ns fall@0.050ns period=5.000ns})
  Destination:            acc0/C[39]
                            (rising edge-triggered cell DSP48E1 clocked by main  {rise@0.000ns fall@0.050ns period=5.000ns})
  Path Group:             main
  Path Type:              Setup (Max at Slow Process Corner)
  Requirement:            5.000ns  (main rise@5.000ns - main rise@0.000ns)
  Data Path Delay:        3.937ns  (logic 2.365ns (60.070%)  route 1.572ns (39.930%))
  Logic Levels:           1  (LUT3=1)
  Clock Path Skew:        0.000ns (DCD - SCD + CPR)
    Destination Clock Delay (DCD):    4.600ns = ( 9.600 - 5.000 ) 
    Source Clock Delay      (SCD):    5.118ns
    Clock Pessimism Removal (CPR):    0.519ns
  Clock Uncertainty:      0.035ns  ((TSJ^2 + TIJ^2)^1/2 + DJ) / 2 + PE
    Total System Jitter     (TSJ):    0.071ns
    Total Input Jitter      (TIJ):    0.000ns
    Discrete Jitter          (DJ):    0.000ns
    Phase Error              (PE):    0.000ns

    Location             Delay type                Incr(ns)  Path(ns)    Netlist Resource(s)
  -------------------------------------------------------------------    -------------------
                         (clock main rise edge)       0.000     0.000 r  
    K19                                               0.000     0.000 r  ACLK (IN)
                         net (fo=0)                   0.000     0.000    ACLK
    K19                  IBUF (Prop_ibuf_I_O)         0.938     0.938 r  ACLK_IBUF_inst/O
                         net (fo=1, routed)           2.205     3.143    ACLK_IBUF
    BUFGCTRL_X0Y16       BUFG (Prop_bufg_I_O)         0.101     3.244 r  ACLK_IBUF_BUFG_inst/O
                         net (fo=139, routed)         1.875     5.118    ACLK_IBUF_BUFG
    DSP48_X4Y38          DSP48E1                                      r  acc0/CLK
  -------------------------------------------------------------------    -------------------
    DSP48_X4Y38          DSP48E1 (Prop_dsp48e1_CLK_P[31])
                                                      2.215     7.333 r  acc0/P[31]
                         net (fo=2, routed)           0.771     8.104    acc0_n_74
    SLICE_X103Y97        LUT3 (Prop_lut3_I1_O)        0.150     8.254 r  acc0_i_3/O
                         net (fo=17, routed)          0.801     9.055    acc0_i_3_n_0
    DSP48_X4Y38          DSP48E1                                      r  acc0/C[39]
  -------------------------------------------------------------------    -------------------

                         (clock main rise edge)       5.000     5.000 r  
    K19                                               0.000     5.000 r  ACLK (IN)
                         net (fo=0)                   0.000     5.000    ACLK
    K19                  IBUF (Prop_ibuf_I_O)         0.804     5.804 r  ACLK_IBUF_inst/O
                         net (fo=1, routed)           2.006     7.810    ACLK_IBUF
    BUFGCTRL_X0Y16       BUFG (Prop_bufg_I_O)         0.091     7.901 r  ACLK_IBUF_BUFG_inst/O
                         net (fo=139, routed)         1.698     9.600    ACLK_IBUF_BUFG
    DSP48_X4Y38          DSP48E1                                      r  acc0/CLK
                         clock pessimism              0.519    10.118    
                         clock uncertainty           -0.035    10.083    
    DSP48_X4Y38          DSP48E1 (Setup_dsp48e1_CLK_C[39])
                                                     -0.441     9.642    acc0
  -------------------------------------------------------------------
                         required time                          9.642    
                         arrival time                          -9.055    
  -------------------------------------------------------------------
                         slack                                  0.587    

Slack (MET) :             0.587ns  (required time - arrival time)
  Source:                 acc0/CLK
                            (rising edge-triggered cell DSP48E1 clocked by main  {rise@0.000ns fall@0.050ns period=5.000ns})
  Destination:            acc0/C[44]
                            (rising edge-triggered cell DSP48E1 clocked by main  {rise@0.000ns fall@0.050ns period=5.000ns})
  Path Group:             main
  Path Type:              Setup (Max at Slow Process Corner)
  Requirement:            5.000ns  (main rise@5.000ns - main rise@0.000ns)
  Data Path Delay:        3.937ns  (logic 2.365ns (60.070%)  route 1.572ns (39.930%))
  Logic Levels:           1  (LUT3=1)
  Clock Path Skew:        0.000ns (DCD - SCD + CPR)
    Destination Clock Delay (DCD):    4.600ns = ( 9.600 - 5.000 ) 
    Source Clock Delay      (SCD):    5.118ns
    Clock Pessimism Removal (CPR):    0.519ns
  Clock Uncertainty:      0.035ns  ((TSJ^2 + TIJ^2)^1/2 + DJ) / 2 + PE
    Total System Jitter     (TSJ):    0.071ns
    Total Input Jitter      (TIJ):    0.000ns
    Discrete Jitter          (DJ):    0.000ns
    Phase Error              (PE):    0.000ns

    Location             Delay type                Incr(ns)  Path(ns)    Netlist Resource(s)
  -------------------------------------------------------------------    -------------------
                         (clock main rise edge)       0.000     0.000 r  
    K19                                               0.000     0.000 r  ACLK (IN)
                         net (fo=0)                   0.000     0.000    ACLK
    K19                  IBUF (Prop_ibuf_I_O)         0.938     0.938 r  ACLK_IBUF_inst/O
                         net (fo=1, routed)           2.205     3.143    ACLK_IBUF
    BUFGCTRL_X0Y16       BUFG (Prop_bufg_I_O)         0.101     3.244 r  ACLK_IBUF_BUFG_inst/O
                         net (fo=139, routed)         1.875     5.118    ACLK_IBUF_BUFG
    DSP48_X4Y38          DSP48E1                                      r  acc0/CLK
  -------------------------------------------------------------------    -------------------
    DSP48_X4Y38          DSP48E1 (Prop_dsp48e1_CLK_P[31])
                                                      2.215     7.333 r  acc0/P[31]
                         net (fo=2, routed)           0.771     8.104    acc0_n_74
    SLICE_X103Y97        LUT3 (Prop_lut3_I1_O)        0.150     8.254 r  acc0_i_3/O
                         net (fo=17, routed)          0.801     9.055    acc0_i_3_n_0
    DSP48_X4Y38          DSP48E1                                      r  acc0/C[44]
  -------------------------------------------------------------------    -------------------

                         (clock main rise edge)       5.000     5.000 r  
    K19                                               0.000     5.000 r  ACLK (IN)
                         net (fo=0)                   0.000     5.000    ACLK
    K19                  IBUF (Prop_ibuf_I_O)         0.804     5.804 r  ACLK_IBUF_inst/O
                         net (fo=1, routed)           2.006     7.810    ACLK_IBUF
    BUFGCTRL_X0Y16       BUFG (Prop_bufg_I_O)         0.091     7.901 r  ACLK_IBUF_BUFG_inst/O
                         net (fo=139, routed)         1.698     9.600    ACLK_IBUF_BUFG
    DSP48_X4Y38          DSP48E1                                      r  acc0/CLK
                         clock pessimism              0.519    10.118    
                         clock uncertainty           -0.035    10.083    
    DSP48_X4Y38          DSP48E1 (Setup_dsp48e1_CLK_C[44])
                                                     -0.441     9.642    acc0
  -------------------------------------------------------------------
                         required time                          9.642    
                         arrival time                          -9.055    
  -------------------------------------------------------------------
                         slack                                  0.587    

Slack (MET) :             0.587ns  (required time - arrival time)
  Source:                 acc0/CLK
                            (rising edge-triggered cell DSP48E1 clocked by main  {rise@0.000ns fall@0.050ns period=5.000ns})
  Destination:            acc0/C[47]
                            (rising edge-triggered cell DSP48E1 clocked by main  {rise@0.000ns fall@0.050ns period=5.000ns})
  Path Group:             main
  Path Type:              Setup (Max at Slow Process Corner)
  Requirement:            5.000ns  (main rise@5.000ns - main rise@0.000ns)
  Data Path Delay:        3.937ns  (logic 2.365ns (60.070%)  route 1.572ns (39.930%))
  Logic Levels:           1  (LUT3=1)
  Clock Path Skew:        0.000ns (DCD - SCD + CPR)
    Destination Clock Delay (DCD):    4.600ns = ( 9.600 - 5.000 ) 
    Source Clock Delay      (SCD):    5.118ns
    Clock Pessimism Removal (CPR):    0.519ns
  Clock Uncertainty:      0.035ns  ((TSJ^2 + TIJ^2)^1/2 + DJ) / 2 + PE
    Total System Jitter     (TSJ):    0.071ns
    Total Input Jitter      (TIJ):    0.000ns
    Discrete Jitter          (DJ):    0.000ns
    Phase Error              (PE):    0.000ns

    Location             Delay type                Incr(ns)  Path(ns)    Netlist Resource(s)
  -------------------------------------------------------------------    -------------------
                         (clock main rise edge)       0.000     0.000 r  
    K19                                               0.000     0.000 r  ACLK (IN)
                         net (fo=0)                   0.000     0.000    ACLK
    K19                  IBUF (Prop_ibuf_I_O)         0.938     0.938 r  ACLK_IBUF_inst/O
                         net (fo=1, routed)           2.205     3.143    ACLK_IBUF
    BUFGCTRL_X0Y16       BUFG (Prop_bufg_I_O)         0.101     3.244 r  ACLK_IBUF_BUFG_inst/O
                         net (fo=139, routed)         1.875     5.118    ACLK_IBUF_BUFG
    DSP48_X4Y38          DSP48E1                                      r  acc0/CLK
  -------------------------------------------------------------------    -------------------
    DSP48_X4Y38          DSP48E1 (Prop_dsp48e1_CLK_P[31])
                                                      2.215     7.333 r  acc0/P[31]
                         net (fo=2, routed)           0.771     8.104    acc0_n_74
    SLICE_X103Y97        LUT3 (Prop_lut3_I1_O)        0.150     8.254 r  acc0_i_3/O
                         net (fo=17, routed)          0.801     9.055    acc0_i_3_n_0
    DSP48_X4Y38          DSP48E1                                      r  acc0/C[47]
  -------------------------------------------------------------------    -------------------

                         (clock main rise edge)       5.000     5.000 r  
    K19                                               0.000     5.000 r  ACLK (IN)
                         net (fo=0)                   0.000     5.000    ACLK
    K19                  IBUF (Prop_ibuf_I_O)         0.804     5.804 r  ACLK_IBUF_inst/O
                         net (fo=1, routed)           2.006     7.810    ACLK_IBUF
    BUFGCTRL_X0Y16       BUFG (Prop_bufg_I_O)         0.091     7.901 r  ACLK_IBUF_BUFG_inst/O
                         net (fo=139, routed)         1.698     9.600    ACLK_IBUF_BUFG
    DSP48_X4Y38          DSP48E1                                      r  acc0/CLK
                         clock pessimism              0.519    10.118    
                         clock uncertainty           -0.035    10.083    
    DSP48_X4Y38          DSP48E1 (Setup_dsp48e1_CLK_C[47])
                                                     -0.441     9.642    acc0
  -------------------------------------------------------------------
                         required time                          9.642    
                         arrival time                          -9.055    
  -------------------------------------------------------------------
                         slack                                  0.587    

Slack (MET) :             0.594ns  (required time - arrival time)
  Source:                 acc0/CLK
                            (rising edge-triggered cell DSP48E1 clocked by main  {rise@0.000ns fall@0.050ns period=5.000ns})
  Destination:            acc0/C[4]
                            (rising edge-triggered cell DSP48E1 clocked by main  {rise@0.000ns fall@0.050ns period=5.000ns})
  Path Group:             main
  Path Type:              Setup (Max at Slow Process Corner)
  Requirement:            5.000ns  (main rise@5.000ns - main rise@0.000ns)
  Data Path Delay:        3.930ns  (logic 2.365ns (60.184%)  route 1.565ns (39.816%))
  Logic Levels:           1  (LUT3=1)
  Clock Path Skew:        0.000ns (DCD - SCD + CPR)
    Destination Clock Delay (DCD):    4.600ns = ( 9.600 - 5.000 ) 
    Source Clock Delay      (SCD):    5.118ns
    Clock Pessimism Removal (CPR):    0.519ns
  Clock Uncertainty:      0.035ns  ((TSJ^2 + TIJ^2)^1/2 + DJ) / 2 + PE
    Total System Jitter     (TSJ):    0.071ns
    Total Input Jitter      (TIJ):    0.000ns
    Discrete Jitter          (DJ):    0.000ns
    Phase Error              (PE):    0.000ns

    Location             Delay type                Incr(ns)  Path(ns)    Netlist Resource(s)
  -------------------------------------------------------------------    -------------------
                         (clock main rise edge)       0.000     0.000 r  
    K19                                               0.000     0.000 r  ACLK (IN)
                         net (fo=0)                   0.000     0.000    ACLK
    K19                  IBUF (Prop_ibuf_I_O)         0.938     0.938 r  ACLK_IBUF_inst/O
                         net (fo=1, routed)           2.205     3.143    ACLK_IBUF
    BUFGCTRL_X0Y16       BUFG (Prop_bufg_I_O)         0.101     3.244 r  ACLK_IBUF_BUFG_inst/O
                         net (fo=139, routed)         1.875     5.118    ACLK_IBUF_BUFG
    DSP48_X4Y38          DSP48E1                                      r  acc0/CLK
  -------------------------------------------------------------------    -------------------
    DSP48_X4Y38          DSP48E1 (Prop_dsp48e1_CLK_P[4])
                                                      2.215     7.333 r  acc0/P[4]
                         net (fo=1, routed)           0.985     8.319    acc0_n_101
    SLICE_X103Y96        LUT3 (Prop_lut3_I1_O)        0.150     8.469 r  acc0_i_30/O
                         net (fo=2, routed)           0.579     9.048    acc0_i_30_n_0
    DSP48_X4Y38          DSP48E1                                      r  acc0/C[4]
  -------------------------------------------------------------------    -------------------

                         (clock main rise edge)       5.000     5.000 r  
    K19                                               0.000     5.000 r  ACLK (IN)
                         net (fo=0)                   0.000     5.000    ACLK
    K19                  IBUF (Prop_ibuf_I_O)         0.804     5.804 r  ACLK_IBUF_inst/O
                         net (fo=1, routed)           2.006     7.810    ACLK_IBUF
    BUFGCTRL_X0Y16       BUFG (Prop_bufg_I_O)         0.091     7.901 r  ACLK_IBUF_BUFG_inst/O
                         net (fo=139, routed)         1.698     9.600    ACLK_IBUF_BUFG
    DSP48_X4Y38          DSP48E1                                      r  acc0/CLK
                         clock pessimism              0.519    10.118    
                         clock uncertainty           -0.035    10.083    
    DSP48_X4Y38          DSP48E1 (Setup_dsp48e1_CLK_C[4])
                                                     -0.441     9.642    acc0
  -------------------------------------------------------------------
                         required time                          9.642    
                         arrival time                          -9.048    
  -------------------------------------------------------------------
                         slack                                  0.594    

Slack (MET) :             0.616ns  (required time - arrival time)
  Source:                 acc0/CLK
                            (rising edge-triggered cell DSP48E1 clocked by main  {rise@0.000ns fall@0.050ns period=5.000ns})
  Destination:            s2_sum_reg[4]/D
                            (rising edge-triggered cell FDRE clocked by main  {rise@0.000ns fall@0.050ns period=5.000ns})
  Path Group:             main
  Path Type:              Setup (Max at Slow Process Corner)
  Requirement:            5.000ns  (main rise@5.000ns - main rise@0.000ns)
  Data Path Delay:        3.984ns  (logic 2.365ns (59.369%)  route 1.619ns (40.631%))
  Logic Levels:           1  (LUT3=1)
  Clock Path Skew:        -0.115ns (DCD - SCD + CPR)
    Destination Clock Delay (DCD):    4.510ns = ( 9.510 - 5.000 ) 
    Source Clock Delay      (SCD):    5.118ns
    Clock Pessimism Removal (CPR):    0.494ns
  Clock Uncertainty:      0.035ns  ((TSJ^2 + TIJ^2)^1/2 + DJ) / 2 + PE
    Total System Jitter     (TSJ):    0.071ns
    Total Input Jitter      (TIJ):    0.000ns
    Discrete Jitter          (DJ):    0.000ns
    Phase Error              (PE):    0.000ns

    Location             Delay type                Incr(ns)  Path(ns)    Netlist Resource(s)
  -------------------------------------------------------------------    -------------------
                         (clock main rise edge)       0.000     0.000 r  
    K19                                               0.000     0.000 r  ACLK (IN)
                         net (fo=0)                   0.000     0.000    ACLK
    K19                  IBUF (Prop_ibuf_I_O)         0.938     0.938 r  ACLK_IBUF_inst/O
                         net (fo=1, routed)           2.205     3.143    ACLK_IBUF
    BUFGCTRL_X0Y16       BUFG (Prop_bufg_I_O)         0.101     3.244 r  ACLK_IBUF_BUFG_inst/O
                         net (fo=139, routed)         1.875     5.118    ACLK_IBUF_BUFG
    DSP48_X4Y38          DSP48E1                                      r  acc0/CLK
  -------------------------------------------------------------------    -------------------
    DSP48_X4Y38          DSP48E1 (Prop_dsp48e1_CLK_P[4])
                                                      2.215     7.333 r  acc0/P[4]
                         net (fo=1, routed)           0.985     8.319    acc0_n_101
    SLICE_X103Y96        LUT3 (Prop_lut3_I1_O)        0.150     8.469 r  acc0_i_30/O
                         net (fo=2, routed)           0.633     9.102    acc0_i_30_n_0
    SLICE_X103Y94        FDRE                                         r  s2_sum_reg[4]/D
  -------------------------------------------------------------------    -------------------

                         (clock main rise edge)       5.000     5.000 r  
    K19                                               0.000     5.000 r  ACLK (IN)
                         net (fo=0)                   0.000     5.000    ACLK
    K19                  IBUF (Prop_ibuf_I_O)         0.804     5.804 r  ACLK_IBUF_inst/O
                         net (fo=1, routed)           2.006     7.810    ACLK_IBUF
    BUFGCTRL_X0Y16       BUFG (Prop_bufg_I_O)         0.091     7.901 r  ACLK_IBUF_BUFG_inst/O
                         net (fo=139, routed)         1.609     9.510    ACLK_IBUF_BUFG
    SLICE_X103Y94        FDRE                                         r  s2_sum_reg[4]/C
                         clock pessimism              0.494    10.004    
                         clock uncertainty           -0.035     9.968    
    SLICE_X103Y94        FDRE (Setup_fdre_C_D)       -0.251     9.717    s2_sum_reg[4]
  -------------------------------------------------------------------
                         required time                          9.717    
                         arrival time                          -9.102    
  -------------------------------------------------------------------
                         slack                                  0.616    





Min Delay Paths
--------------------------------------------------------------------------------------
Slack (MET) :             0.122ns  (arrival time - required time)
  Source:                 s1_tid_reg[1]/C
                            (rising edge-triggered cell FDRE clocked by main  {rise@0.000ns fall@0.050ns period=5.000ns})
  Destination:            s2_tid_reg[1]/D
                            (rising edge-triggered cell FDRE clocked by main  {rise@0.000ns fall@0.050ns period=5.000ns})
  Path Group:             main
  Path Type:              Hold (Min at Fast Process Corner)
  Requirement:            0.000ns  (main rise@0.000ns - main rise@0.000ns)
  Data Path Delay:        0.197ns  (logic 0.141ns (71.611%)  route 0.056ns (28.389%))
  Logic Levels:           0  
  Clock Path Skew:        0.000ns (DCD - SCD - CPR)
    Destination Clock Delay (DCD):    2.020ns
    Source Clock Delay      (SCD):    1.502ns
    Clock Pessimism Removal (CPR):    0.519ns

    Location             Delay type                Incr(ns)  Path(ns)    Netlist Resource(s)
  -------------------------------------------------------------------    -------------------
                         (clock main rise edge)       0.000     0.000 r  
    K19                                               0.000     0.000 r  ACLK (IN)
                         net (fo=0)                   0.000     0.000    ACLK
    K19                  IBUF (Prop_ibuf_I_O)         0.167     0.167 r  ACLK_IBUF_inst/O
                         net (fo=1, routed)           0.674     0.841    ACLK_IBUF
    BUFGCTRL_X0Y16       BUFG (Prop_bufg_I_O)         0.026     0.867 r  ACLK_IBUF_BUFG_inst/O
                         net (fo=139, routed)         0.635     1.502    ACLK_IBUF_BUFG
    SLICE_X107Y93        FDRE                                         r  s1_tid_reg[1]/C
  -------------------------------------------------------------------    -------------------
    SLICE_X107Y93        FDRE (Prop_fdre_C_Q)         0.141     1.643 r  s1_tid_reg[1]/Q
                         net (fo=1, routed)           0.056     1.698    s1_tid[1]
    SLICE_X107Y93        FDRE                                         r  s2_tid_reg[1]/D
  -------------------------------------------------------------------    -------------------

                         (clock main rise edge)       0.000     0.000 r  
    K19                                               0.000     0.000 r  ACLK (IN)
                         net (fo=0)                   0.000     0.000    ACLK
    K19                  IBUF (Prop_ibuf_I_O)         0.355     0.355 r  ACLK_IBUF_inst/O
                         net (fo=1, routed)           0.731     1.086    ACLK_IBUF
    BUFGCTRL_X0Y16       BUFG (Prop_bufg_I_O)         0.029     1.115 r  ACLK_IBUF_BUFG_inst/O
                         net (fo=139, routed)         0.905     2.020    ACLK_IBUF_BUFG
    SLICE_X107Y93        FDRE                                         r  s2_tid_reg[1]/C
                         clock pessimism             -0.519     1.502    
    SLICE_X107Y93        FDRE (Hold_fdre_C_D)         0.075     1.577    s2_tid_reg[1]
  -------------------------------------------------------------------
                         required time                         -1.577    
                         arrival time                           1.698    
  -------------------------------------------------------------------
                         slack                                  0.122    

Slack (MET) :             0.126ns  (arrival time - required time)
  Source:                 s1_tid_reg[0]/C
                            (rising edge-triggered cell FDRE clocked by main  {rise@0.000ns fall@0.050ns period=5.000ns})
  Destination:            s2_tid_reg[0]/D
                            (rising edge-triggered cell FDRE clocked by main  {rise@0.000ns fall@0.050ns period=5.000ns})
  Path Group:             main
  Path Type:              Hold (Min at Fast Process Corner)
  Requirement:            0.000ns  (main rise@0.000ns - main rise@0.000ns)
  Data Path Delay:        0.197ns  (logic 0.141ns (71.611%)  route 0.056ns (28.389%))
  Logic Levels:           0  
  Clock Path Skew:        0.000ns (DCD - SCD - CPR)
    Destination Clock Delay (DCD):    2.020ns
    Source Clock Delay      (SCD):    1.502ns
    Clock Pessimism Removal (CPR):    0.519ns

    Location             Delay type                Incr(ns)  Path(ns)    Netlist Resource(s)
  -------------------------------------------------------------------    -------------------
                         (clock main rise edge)       0.000     0.000 r  
    K19                                               0.000     0.000 r  ACLK (IN)
                         net (fo=0)                   0.000     0.000    ACLK
    K19                  IBUF (Prop_ibuf_I_O)         0.167     0.167 r  ACLK_IBUF_inst/O
                         net (fo=1, routed)           0.674     0.841    ACLK_IBUF
    BUFGCTRL_X0Y16       BUFG (Prop_bufg_I_O)         0.026     0.867 r  ACLK_IBUF_BUFG_inst/O
                         net (fo=139, routed)         0.635     1.502    ACLK_IBUF_BUFG
    SLICE_X107Y94        FDRE                                         r  s1_tid_reg[0]/C
  -------------------------------------------------------------------    -------------------
    SLICE_X107Y94        FDRE (Prop_fdre_C_Q)         0.141     1.643 r  s1_tid_reg[0]/Q
                         net (fo=1, routed)           0.056     1.698    s1_tid[0]
    SLICE_X107Y94        FDRE                                         r  s2_tid_reg[0]/D
  -------------------------------------------------------------------    -------------------

                         (clock main rise edge)       0.000     0.000 r  
    K19                                               0.000     0.000 r  ACLK (IN)
                         net (fo=0)                   0.000     0.000    ACLK
    K19                  IBUF (Prop_ibuf_I_O)         0.355     0.355 r  ACLK_IBUF_inst/O
                         net (fo=1, routed)           0.731     1.086    ACLK_IBUF
    BUFGCTRL_X0Y16       BUFG (Prop_bufg_I_O)         0.029     1.115 r  ACLK_IBUF_BUFG_inst/O
                         net (fo=139, routed)         0.905     2.020    ACLK_IBUF_BUFG
    SLICE_X107Y94        FDRE                                         r  s2_tid_reg[0]/C
                         clock pessimism             -0.519     1.502    
    SLICE_X107Y94        FDRE (Hold_fdre_C_D)         0.071     1.573    s2_tid_reg[0]
  -------------------------------------------------------------------
                         required time                         -1.573    
                         arrival time                           1.698    
  -------------------------------------------------------------------
                         slack                                  0.126    

Slack (MET) :             0.126ns  (arrival time - required time)
  Source:                 s1_tid_reg[2]/C
                            (rising edge-triggered cell FDRE clocked by main  {rise@0.000ns fall@0.050ns period=5.000ns})
  Destination:            s2_tid_reg[2]/D
                            (rising edge-triggered cell FDRE clocked by main  {rise@0.000ns fall@0.050ns period=5.000ns})
  Path Group:             main
  Path Type:              Hold (Min at Fast Process Corner)
  Requirement:            0.000ns  (main rise@0.000ns - main rise@0.000ns)
  Data Path Delay:        0.197ns  (logic 0.141ns (71.611%)  route 0.056ns (28.389%))
  Logic Levels:           0  
  Clock Path Skew:        0.000ns (DCD - SCD - CPR)
    Destination Clock Delay (DCD):    2.020ns
    Source Clock Delay      (SCD):    1.502ns
    Clock Pessimism Removal (CPR):    0.519ns

    Location             Delay type                Incr(ns)  Path(ns)    Netlist Resource(s)
  -------------------------------------------------------------------    -------------------
                         (clock main rise edge)       0.000     0.000 r  
    K19                                               0.000     0.000 r  ACLK (IN)
                         net (fo=0)                   0.000     0.000    ACLK
    K19                  IBUF (Prop_ibuf_I_O)         0.167     0.167 r  ACLK_IBUF_inst/O
                         net (fo=1, routed)           0.674     0.841    ACLK_IBUF
    BUFGCTRL_X0Y16       BUFG (Prop_bufg_I_O)         0.026     0.867 r  ACLK_IBUF_BUFG_inst/O
                         net (fo=139, routed)         0.635     1.502    ACLK_IBUF_BUFG
    SLICE_X107Y93        FDRE                                         r  s1_tid_reg[2]/C
  -------------------------------------------------------------------    -------------------
    SLICE_X107Y93        FDRE (Prop_fdre_C_Q)         0.141     1.643 r  s1_tid_reg[2]/Q
                         net (fo=1, routed)           0.056     1.698    s1_tid[2]
    SLICE_X107Y93        FDRE                                         r  s2_tid_reg[2]/D
  -------------------------------------------------------------------    -------------------

                         (clock main rise edge)       0.000     0.000 r  
    K19                                               0.000     0.000 r  ACLK (IN)
                         net (fo=0)                   0.000     0.000    ACLK
    K19                  IBUF (Prop_ibuf_I_O)         0.355     0.355 r  ACLK_IBUF_inst/O
                         net (fo=1, routed)           0.731     1.086    ACLK_IBUF
    BUFGCTRL_X0Y16       BUFG (Prop_bufg_I_O)         0.029     1.115 r  ACLK_IBUF_BUFG_inst/O
                         net (fo=139, routed)         0.905     2.020    ACLK_IBUF_BUFG
    SLICE_X107Y93        FDRE                                         r  s2_tid_reg[2]/C
                         clock pessimism             -0.519     1.502    
    SLICE_X107Y93        FDRE (Hold_fdre_C_D)         0.071     1.573    s2_tid_reg[2]
  -------------------------------------------------------------------
                         required time                         -1.573    
                         arrival time                           1.698    
  -------------------------------------------------------------------
                         slack                                  0.126    

Slack (MET) :             0.134ns  (arrival time - required time)
  Source:                 s1_last_reg/C
                            (rising edge-triggered cell FDRE clocked by main  {rise@0.000ns fall@0.050ns period=5.000ns})
  Destination:            s2_last_reg/D
                            (rising edge-triggered cell FDRE clocked by main  {rise@0.000ns fall@0.050ns period=5.000ns})
  Path Group:             main
  Path Type:              Hold (Min at Fast Process Corner)
  Requirement:            0.000ns  (main rise@0.000ns - main rise@0.000ns)
  Data Path Delay:        0.209ns  (logic 0.141ns (67.454%)  route 0.068ns (32.546%))
  Logic Levels:           0  
  Clock Path Skew:        0.000ns (DCD - SCD - CPR)
    Destination Clock Delay (DCD):    2.020ns
    Source Clock Delay      (SCD):    1.502ns
    Clock Pessimism Removal (CPR):    0.519ns

    Location             Delay type                Incr(ns)  Path(ns)    Netlist Resource(s)
  -------------------------------------------------------------------    -------------------
                         (clock main rise edge)       0.000     0.000 r  
    K19                                               0.000     0.000 r  ACLK (IN)
                         net (fo=0)                   0.000     0.000    ACLK
    K19                  IBUF (Prop_ibuf_I_O)         0.167     0.167 r  ACLK_IBUF_inst/O
                         net (fo=1, routed)           0.674     0.841    ACLK_IBUF
    BUFGCTRL_X0Y16       BUFG (Prop_bufg_I_O)         0.026     0.867 r  ACLK_IBUF_BUFG_inst/O
                         net (fo=139, routed)         0.635     1.502    ACLK_IBUF_BUFG
    SLICE_X107Y94        FDRE                                         r  s1_last_reg/C
  -------------------------------------------------------------------    -------------------
    SLICE_X107Y94        FDRE (Prop_fdre_C_Q)         0.141     1.643 r  s1_last_reg/Q
                         net (fo=2, routed)           0.068     1.711    s1_last
    SLICE_X107Y94        FDRE                                         r  s2_last_reg/D
  -------------------------------------------------------------------    -------------------

                         (clock main rise edge)       0.000     0.000 r  
    K19                                               0.000     0.000 r  ACLK (IN)
                         net (fo=0)                   0.000     0.000    ACLK
    K19                  IBUF (Prop_ibuf_I_O)         0.355     0.355 r  ACLK_IBUF_inst/O
                         net (fo=1, routed)           0.731     1.086    ACLK_IBUF
    BUFGCTRL_X0Y16       BUFG (Prop_bufg_I_O)         0.029     1.115 r  ACLK_IBUF_BUFG_inst/O
                         net (fo=139, routed)         0.905     2.020    ACLK_IBUF_BUFG
    SLICE_X107Y94        FDRE                                         r  s2_last_reg/C
                         clock pessimism             -0.519     1.502    
    SLICE_X107Y94        FDRE (Hold_fdre_C_D)         0.075     1.577    s2_last_reg
  -------------------------------------------------------------------
                         required time                         -1.577    
                         arrival time                           1.711    
  -------------------------------------------------------------------
                         slack                                  0.134    

Slack (MET) :             0.162ns  (arrival time - required time)
  Source:                 s1_tid_reg[6]/C
                            (rising edge-triggered cell FDRE clocked by main  {rise@0.000ns fall@0.050ns period=5.000ns})
  Destination:            s2_tid_reg[6]/D
                            (rising edge-triggered cell FDRE clocked by main  {rise@0.000ns fall@0.050ns period=5.000ns})
  Path Group:             main
  Path Type:              Hold (Min at Fast Process Corner)
  Requirement:            0.000ns  (main rise@0.000ns - main rise@0.000ns)
  Data Path Delay:        0.257ns  (logic 0.141ns (54.812%)  route 0.116ns (45.188%))
  Logic Levels:           0  
  Clock Path Skew:        0.017ns (DCD - SCD - CPR)
    Destination Clock Delay (DCD):    2.020ns
    Source Clock Delay      (SCD):    1.501ns
    Clock Pessimism Removal (CPR):    0.503ns

    Location             Delay type                Incr(ns)  Path(ns)    Netlist Resource(s)
  -------------------------------------------------------------------    -------------------
                         (clock main rise edge)       0.000     0.000 r  
    K19                                               0.000     0.000 r  ACLK (IN)
                         net (fo=0)                   0.000     0.000    ACLK
    K19                  IBUF (Prop_ibuf_I_O)         0.167     0.167 r  ACLK_IBUF_inst/O
                         net (fo=1, routed)           0.674     0.841    ACLK_IBUF
    BUFGCTRL_X0Y16       BUFG (Prop_bufg_I_O)         0.026     0.867 r  ACLK_IBUF_BUFG_inst/O
                         net (fo=139, routed)         0.634     1.501    ACLK_IBUF_BUFG
    SLICE_X107Y92        FDRE                                         r  s1_tid_reg[6]/C
  -------------------------------------------------------------------    -------------------
    SLICE_X107Y92        FDRE (Prop_fdre_C_Q)         0.141     1.642 r  s1_tid_reg[6]/Q
                         net (fo=1, routed)           0.116     1.758    s1_tid[6]
    SLICE_X107Y93        FDRE                                         r  s2_tid_reg[6]/D
  -------------------------------------------------------------------    -------------------

                         (clock main rise edge)       0.000     0.000 r  
    K19                                               0.000     0.000 r  ACLK (IN)
                         net (fo=0)                   0.000     0.000    ACLK
    K19                  IBUF (Prop_ibuf_I_O)         0.355     0.355 r  ACLK_IBUF_inst/O
                         net (fo=1, routed)           0.731     1.086    ACLK_IBUF
    BUFGCTRL_X0Y16       BUFG (Prop_bufg_I_O)         0.029     1.115 r  ACLK_IBUF_BUFG_inst/O
                         net (fo=139, routed)         0.905     2.020    ACLK_IBUF_BUFG
    SLICE_X107Y93        FDRE                                         r  s2_tid_reg[6]/C
                         clock pessimism             -0.503     1.518    
    SLICE_X107Y93        FDRE (Hold_fdre_C_D)         0.078     1.596    s2_tid_reg[6]
  -------------------------------------------------------------------
                         required time                         -1.596    
                         arrival time                           1.758    
  -------------------------------------------------------------------
                         slack                                  0.162    

Slack (MET) :             0.166ns  (arrival time - required time)
  Source:                 s1_tid_reg[4]/C
                            (rising edge-triggered cell FDRE clocked by main  {rise@0.000ns fall@0.050ns period=5.000ns})
  Destination:            s2_tid_reg[4]/D
                            (rising edge-triggered cell FDRE clocked by main  {rise@0.000ns fall@0.050ns period=5.000ns})
  Path Group:             main
  Path Type:              Hold (Min at Fast Process Corner)
  Requirement:            0.000ns  (main rise@0.000ns - main rise@0.000ns)
  Data Path Delay:        0.251ns  (logic 0.141ns (56.174%)  route 0.110ns (43.826%))
  Logic Levels:           0  
  Clock Path Skew:        0.015ns (DCD - SCD - CPR)
    Destination Clock Delay (DCD):    2.019ns
    Source Clock Delay      (SCD):    1.502ns
    Clock Pessimism Removal (CPR):    0.503ns

    Location             Delay type                Incr(ns)  Path(ns)    Netlist Resource(s)
  -------------------------------------------------------------------    -------------------
                         (clock main rise edge)       0.000     0.000 r  
    K19                                               0.000     0.000 r  ACLK (IN)
                         net (fo=0)                   0.000     0.000    ACLK
    K19                  IBUF (Prop_ibuf_I_O)         0.167     0.167 r  ACLK_IBUF_inst/O
                         net (fo=1, routed)           0.674     0.841    ACLK_IBUF
    BUFGCTRL_X0Y16       BUFG (Prop_bufg_I_O)         0.026     0.867 r  ACLK_IBUF_BUFG_inst/O
                         net (fo=139, routed)         0.635     1.502    ACLK_IBUF_BUFG
    SLICE_X107Y93        FDRE                                         r  s1_tid_reg[4]/C
  -------------------------------------------------------------------    -------------------
    SLICE_X107Y93        FDRE (Prop_fdre_C_Q)         0.141     1.643 r  s1_tid_reg[4]/Q
                         net (fo=1, routed)           0.110     1.753    s1_tid[4]
    SLICE_X107Y92        FDRE                                         r  s2_tid_reg[4]/D
  -------------------------------------------------------------------    -------------------

                         (clock main rise edge)       0.000     0.000 r  
    K19                                               0.000     0.000 r  ACLK (IN)
                         net (fo=0)                   0.000     0.000    ACLK
    K19                  IBUF (Prop_ibuf_I_O)         0.355     0.355 r  ACLK_IBUF_inst/O
                         net (fo=1, routed)           0.731     1.086    ACLK_IBUF
    BUFGCTRL_X0Y16       BUFG (Prop_bufg_I_O)         0.029     1.115 r  ACLK_IBUF_BUFG_inst/O
                         net (fo=139, routed)         0.904     2.019    ACLK_IBUF_BUFG
    SLICE_X107Y92        FDRE                                         r  s2_tid_reg[4]/C
                         clock pessimism             -0.503     1.517    
    SLICE_X107Y92        FDRE (Hold_fdre_C_D)         0.070     1.587    s2_tid_reg[4]
  -------------------------------------------------------------------
                         required time                         -1.587    
                         arrival time                           1.753    
  -------------------------------------------------------------------
                         slack                                  0.166    

Slack (MET) :             0.171ns  (arrival time - required time)
  Source:                 s2_sum_reg[23]/C
                            (rising edge-triggered cell FDSE clocked by main  {rise@0.000ns fall@0.050ns period=5.000ns})
  Destination:            MO_AXIS_TDATA_reg[23]/D
                            (rising edge-triggered cell FDRE clocked by main  {rise@0.000ns fall@0.050ns period=5.000ns})
  Path Group:             main
  Path Type:              Hold (Min at Fast Process Corner)
  Requirement:            0.000ns  (main rise@0.000ns - main rise@0.000ns)
  Data Path Delay:        0.256ns  (logic 0.141ns (55.026%)  route 0.115ns (44.974%))
  Logic Levels:           0  
  Clock Path Skew:        0.015ns (DCD - SCD - CPR)
    Destination Clock Delay (DCD):    1.993ns
    Source Clock Delay      (SCD):    1.475ns
    Clock Pessimism Removal (CPR):    0.504ns

    Location             Delay type                Incr(ns)  Path(ns)    Netlist Resource(s)
  -------------------------------------------------------------------    -------------------
                         (clock main rise edge)       0.000     0.000 r  
    K19                                               0.000     0.000 r  ACLK (IN)
                         net (fo=0)                   0.000     0.000    ACLK
    K19                  IBUF (Prop_ibuf_I_O)         0.167     0.167 r  ACLK_IBUF_inst/O
                         net (fo=1, routed)           0.674     0.841    ACLK_IBUF
    BUFGCTRL_X0Y16       BUFG (Prop_bufg_I_O)         0.026     0.867 r  ACLK_IBUF_BUFG_inst/O
                         net (fo=139, routed)         0.608     1.475    ACLK_IBUF_BUFG
    SLICE_X105Y94        FDSE                                         r  s2_sum_reg[23]/C
  -------------------------------------------------------------------    -------------------
    SLICE_X105Y94        FDSE (Prop_fdse_C_Q)         0.141     1.616 r  s2_sum_reg[23]/Q
                         net (fo=1, routed)           0.115     1.731    s2_sum_reg_n_0_[23]
    SLICE_X105Y92        FDRE                                         r  MO_AXIS_TDATA_reg[23]/D
  -------------------------------------------------------------------    -------------------

                         (clock main rise edge)       0.000     0.000 r  
    K19                                               0.000     0.000 r  ACLK (IN)
                         net (fo=0)                   0.000     0.000    ACLK
    K19                  IBUF (Prop_ibuf_I_O)         0.355     0.355 r  ACLK_IBUF_inst/O
                         net (fo=1, routed)           0.731     1.086    ACLK_IBUF
    BUFGCTRL_X0Y16       BUFG (Prop_bufg_I_O)         0.029     1.115 r  ACLK_IBUF_BUFG_inst/O
                         net (fo=139, routed)         0.878     1.993    ACLK_IBUF_BUFG
    SLICE_X105Y92        FDRE                                         r  MO_AXIS_TDATA_reg[23]/C
                         clock pessimism             -0.504     1.490    
    SLICE_X105Y92        FDRE (Hold_fdre_C_D)         0.070     1.560    MO_AXIS_TDATA_reg[23]
  -------------------------------------------------------------------
                         required time                         -1.560    
                         arrival time                           1.731    
  -------------------------------------------------------------------
                         slack                                  0.171    

Slack (MET) :             0.177ns  (arrival time - required time)
  Source:                 s0_tid_reg[7]/C
                            (rising edge-triggered cell FDRE clocked by main  {rise@0.000ns fall@0.050ns period=5.000ns})
  Destination:            s1_tid_reg[7]/D
                            (rising edge-triggered cell FDRE clocked by main  {rise@0.000ns fall@0.050ns period=5.000ns})
  Path Group:             main
  Path Type:              Hold (Min at Fast Process Corner)
  Requirement:            0.000ns  (main rise@0.000ns - main rise@0.000ns)
  Data Path Delay:        0.265ns  (logic 0.164ns (61.886%)  route 0.101ns (38.114%))
  Logic Levels:           0  
  Clock Path Skew:        0.016ns (DCD - SCD - CPR)
    Destination Clock Delay (DCD):    2.020ns
    Source Clock Delay      (SCD):    1.502ns
    Clock Pessimism Removal (CPR):    0.503ns

    Location             Delay type                Incr(ns)  Path(ns)    Netlist Resource(s)
  -------------------------------------------------------------------    -------------------
                         (clock main rise edge)       0.000     0.000 r  
    K19                                               0.000     0.000 r  ACLK (IN)
                         net (fo=0)                   0.000     0.000    ACLK
    K19                  IBUF (Prop_ibuf_I_O)         0.167     0.167 r  ACLK_IBUF_inst/O
                         net (fo=1, routed)           0.674     0.841    ACLK_IBUF
    BUFGCTRL_X0Y16       BUFG (Prop_bufg_I_O)         0.026     0.867 r  ACLK_IBUF_BUFG_inst/O
                         net (fo=139, routed)         0.635     1.502    ACLK_IBUF_BUFG
    SLICE_X108Y94        FDRE                                         r  s0_tid_reg[7]/C
  -------------------------------------------------------------------    -------------------
    SLICE_X108Y94        FDRE (Prop_fdre_C_Q)         0.164     1.666 r  s0_tid_reg[7]/Q
                         net (fo=1, routed)           0.101     1.767    s0_tid[7]
    SLICE_X107Y94        FDRE                                         r  s1_tid_reg[7]/D
  -------------------------------------------------------------------    -------------------

                         (clock main rise edge)       0.000     0.000 r  
    K19                                               0.000     0.000 r  ACLK (IN)
                         net (fo=0)                   0.000     0.000    ACLK
    K19                  IBUF (Prop_ibuf_I_O)         0.355     0.355 r  ACLK_IBUF_inst/O
                         net (fo=1, routed)           0.731     1.086    ACLK_IBUF
    BUFGCTRL_X0Y16       BUFG (Prop_bufg_I_O)         0.029     1.115 r  ACLK_IBUF_BUFG_inst/O
                         net (fo=139, routed)         0.905     2.020    ACLK_IBUF_BUFG
    SLICE_X107Y94        FDRE                                         r  s1_tid_reg[7]/C
                         clock pessimism             -0.503     1.518    
    SLICE_X107Y94        FDRE (Hold_fdre_C_D)         0.072     1.590    s1_tid_reg[7]
  -------------------------------------------------------------------
                         required time                         -1.590    
                         arrival time                           1.767    
  -------------------------------------------------------------------
                         slack                                  0.177    

Slack (MET) :             0.177ns  (arrival time - required time)
  Source:                 s0_tid_reg[6]/C
                            (rising edge-triggered cell FDRE clocked by main  {rise@0.000ns fall@0.050ns period=5.000ns})
  Destination:            s1_tid_reg[6]/D
                            (rising edge-triggered cell FDRE clocked by main  {rise@0.000ns fall@0.050ns period=5.000ns})
  Path Group:             main
  Path Type:              Hold (Min at Fast Process Corner)
  Requirement:            0.000ns  (main rise@0.000ns - main rise@0.000ns)
  Data Path Delay:        0.263ns  (logic 0.164ns (62.300%)  route 0.099ns (37.700%))
  Logic Levels:           0  
  Clock Path Skew:        0.016ns (DCD - SCD - CPR)
    Destination Clock Delay (DCD):    2.019ns
    Source Clock Delay      (SCD):    1.501ns
    Clock Pessimism Removal (CPR):    0.503ns

    Location             Delay type                Incr(ns)  Path(ns)    Netlist Resource(s)
  -------------------------------------------------------------------    -------------------
                         (clock main rise edge)       0.000     0.000 r  
    K19                                               0.000     0.000 r  ACLK (IN)
                         net (fo=0)                   0.000     0.000    ACLK
    K19                  IBUF (Prop_ibuf_I_O)         0.167     0.167 r  ACLK_IBUF_inst/O
                         net (fo=1, routed)           0.674     0.841    ACLK_IBUF
    BUFGCTRL_X0Y16       BUFG (Prop_bufg_I_O)         0.026     0.867 r  ACLK_IBUF_BUFG_inst/O
                         net (fo=139, routed)         0.634     1.501    ACLK_IBUF_BUFG
    SLICE_X108Y91        FDRE                                         r  s0_tid_reg[6]/C
  -------------------------------------------------------------------    -------------------
    SLICE_X108Y91        FDRE (Prop_fdre_C_Q)         0.164     1.665 r  s0_tid_reg[6]/Q
                         net (fo=1, routed)           0.099     1.764    s0_tid[6]
    SLICE_X107Y92        FDRE                                         r  s1_tid_reg[6]/D
  -------------------------------------------------------------------    -------------------

                         (clock main rise edge)       0.000     0.000 r  
    K19                                               0.000     0.000 r  ACLK (IN)
                         net (fo=0)                   0.000     0.000    ACLK
    K19                  IBUF (Prop_ibuf_I_O)         0.355     0.355 r  ACLK_IBUF_inst/O
                         net (fo=1, routed)           0.731     1.086    ACLK_IBUF
    BUFGCTRL_X0Y16       BUFG (Prop_bufg_I_O)         0.029     1.115 r  ACLK_IBUF_BUFG_inst/O
                         net (fo=139, routed)         0.904     2.019    ACLK_IBUF_BUFG
    SLICE_X107Y92        FDRE                                         r  s1_tid_reg[6]/C
                         clock pessimism             -0.503     1.517    
    SLICE_X107Y92        FDRE (Hold_fdre_C_D)         0.070     1.587    s1_tid_reg[6]
  -------------------------------------------------------------------
                         required time                         -1.587    
                         arrival time                           1.764    
  -------------------------------------------------------------------
                         slack                                  0.177    

Slack (MET) :             0.179ns  (arrival time - required time)
  Source:                 s0_valid_reg/C
                            (rising edge-triggered cell FDRE clocked by main  {rise@0.000ns fall@0.050ns period=5.000ns})
  Destination:            s1_valid_reg/D
                            (rising edge-triggered cell FDRE clocked by main  {rise@0.000ns fall@0.050ns period=5.000ns})
  Path Group:             main
  Path Type:              Hold (Min at Fast Process Corner)
  Requirement:            0.000ns  (main rise@0.000ns - main rise@0.000ns)
  Data Path Delay:        0.284ns  (logic 0.186ns (65.524%)  route 0.098ns (34.476%))
  Logic Levels:           1  (LUT5=1)
  Clock Path Skew:        0.013ns (DCD - SCD - CPR)
    Destination Clock Delay (DCD):    2.020ns
    Source Clock Delay      (SCD):    1.502ns
    Clock Pessimism Removal (CPR):    0.506ns

    Location             Delay type                Incr(ns)  Path(ns)    Netlist Resource(s)
  -------------------------------------------------------------------    -------------------
                         (clock main rise edge)       0.000     0.000 r  
    K19                                               0.000     0.000 r  ACLK (IN)
                         net (fo=0)                   0.000     0.000    ACLK
    K19                  IBUF (Prop_ibuf_I_O)         0.167     0.167 r  ACLK_IBUF_inst/O
                         net (fo=1, routed)           0.674     0.841    ACLK_IBUF
    BUFGCTRL_X0Y16       BUFG (Prop_bufg_I_O)         0.026     0.867 r  ACLK_IBUF_BUFG_inst/O
                         net (fo=139, routed)         0.635     1.502    ACLK_IBUF_BUFG
    SLICE_X107Y95        FDRE                                         r  s0_valid_reg/C
  -------------------------------------------------------------------    -------------------
    SLICE_X107Y95        FDRE (Prop_fdre_C_Q)         0.141     1.643 r  s0_valid_reg/Q
                         net (fo=1, routed)           0.098     1.740    s0_valid
    SLICE_X106Y95        LUT5 (Prop_lut5_I3_O)        0.045     1.785 r  s1_valid_i_1/O
                         net (fo=1, routed)           0.000     1.785    s1_valid_i_1_n_0
    SLICE_X106Y95        FDRE                                         r  s1_valid_reg/D
  -------------------------------------------------------------------    -------------------

                         (clock main rise edge)       0.000     0.000 r  
    K19                                               0.000     0.000 r  ACLK (IN)
                         net (fo=0)                   0.000     0.000    ACLK
    K19                  IBUF (Prop_ibuf_I_O)         0.355     0.355 r  ACLK_IBUF_inst/O
                         net (fo=1, routed)           0.731     1.086    ACLK_IBUF
    BUFGCTRL_X0Y16       BUFG (Prop_bufg_I_O)         0.029     1.115 r  ACLK_IBUF_BUFG_inst/O
                         net (fo=139, routed)         0.905     2.020    ACLK_IBUF_BUFG
    SLICE_X106Y95        FDRE                                         r  s1_valid_reg/C
                         clock pessimism             -0.506     1.515    
    SLICE_X106Y95        FDRE (Hold_fdre_C_D)         0.092     1.607    s1_valid_reg
  -------------------------------------------------------------------
                         required time                         -1.607    
                         arrival time                           1.785    
  -------------------------------------------------------------------
                         slack                                  0.179    





Pulse Width Checks
--------------------------------------------------------------------------------------
Clock Name:         main
Waveform(ns):       { 0.000 0.050 }
Period(ns):         5.000
Sources:            { ACLK }

Check Type        Corner  Lib Pin      Reference Pin  Required(ns)  Actual(ns)  Slack(ns)  Location        Pin
Min Period        n/a     BUFG/I       n/a            2.155         5.000       2.845      BUFGCTRL_X0Y16  ACLK_IBUF_BUFG_inst/I
Min Period        n/a     DSP48E1/CLK  n/a            2.154         5.000       2.846      DSP48_X4Y38     acc0/CLK
Min Period        n/a     FDRE/C       n/a            1.000         5.000       4.000      SLICE_X105Y93   MO_AXIS_TDATA_reg[0]/C
Min Period        n/a     FDRE/C       n/a            1.000         5.000       4.000      SLICE_X105Y93   MO_AXIS_TDATA_reg[10]/C
Min Period        n/a     FDRE/C       n/a            1.000         5.000       4.000      SLICE_X105Y93   MO_AXIS_TDATA_reg[11]/C
Min Period        n/a     FDRE/C       n/a            1.000         5.000       4.000      SLICE_X105Y93   MO_AXIS_TDATA_reg[12]/C
Min Period        n/a     FDRE/C       n/a            1.000         5.000       4.000      SLICE_X105Y92   MO_AXIS_TDATA_reg[13]/C
Min Period        n/a     FDRE/C       n/a            1.000         5.000       4.000      SLICE_X106Y92   MO_AXIS_TDATA_reg[14]/C
Min Period        n/a     FDRE/C       n/a            1.000         5.000       4.000      SLICE_X106Y93   MO_AXIS_TDATA_reg[15]/C
Min Period        n/a     FDRE/C       n/a            1.000         5.000       4.000      SLICE_X106Y92   MO_AXIS_TDATA_reg[16]/C
Low Pulse Width   Slow    FDRE/C       n/a            0.500         4.950       4.450      SLICE_X105Y93   MO_AXIS_TDATA_reg[0]/C
Low Pulse Width   Slow    FDRE/C       n/a            0.500         4.950       4.450      SLICE_X105Y93   MO_AXIS_TDATA_reg[10]/C
Low Pulse Width   Slow    FDRE/C       n/a            0.500         4.950       4.450      SLICE_X105Y93   MO_AXIS_TDATA_reg[11]/C
Low Pulse Width   Slow    FDRE/C       n/a            0.500         4.950       4.450      SLICE_X105Y93   MO_AXIS_TDATA_reg[12]/C
Low Pulse Width   Slow    FDRE/C       n/a            0.500         4.950       4.450      SLICE_X105Y92   MO_AXIS_TDATA_reg[13]/C
Low Pulse Width   Slow    FDRE/C       n/a            0.500         4.950       4.450      SLICE_X105Y92   MO_AXIS_TDATA_reg[17]/C
Low Pulse Width   Slow    FDRE/C       n/a            0.500         4.950       4.450      SLICE_X104Y92   MO_AXIS_TDATA_reg[19]/C
Low Pulse Width   Slow    FDRE/C       n/a            0.500         4.950       4.450      SLICE_X104Y93   MO_AXIS_TDATA_reg[1]/C
Low Pulse Width   Slow    FDRE/C       n/a            0.500         4.950       4.450      SLICE_X104Y91   MO_AXIS_TDATA_reg[21]/C
Low Pulse Width   Slow    FDRE/C       n/a            0.500         4.950       4.450      SLICE_X105Y92   MO_AXIS_TDATA_reg[23]/C
High Pulse Width  Slow    FDRE/C       n/a            0.500         0.050       -0.450     SLICE_X105Y93   MO_AXIS_TDATA_reg[0]/C
High Pulse Width  Fast    FDRE/C       n/a            0.500         0.050       -0.450     SLICE_X105Y93   MO_AXIS_TDATA_reg[0]/C
High Pulse Width  Slow    FDRE/C       n/a            0.500         0.050       -0.450     SLICE_X105Y93   MO_AXIS_TDATA_reg[10]/C
High Pulse Width  Fast    FDRE/C       n/a            0.500         0.050       -0.450     SLICE_X105Y93   MO_AXIS_TDATA_reg[10]/C
High Pulse Width  Slow    FDRE/C       n/a            0.500         0.050       -0.450     SLICE_X105Y93   MO_AXIS_TDATA_reg[11]/C
High Pulse Width  Fast    FDRE/C       n/a            0.500         0.050       -0.450     SLICE_X105Y93   MO_AXIS_TDATA_reg[11]/C
High Pulse Width  Slow    FDRE/C       n/a            0.500         0.050       -0.450     SLICE_X105Y93   MO_AXIS_TDATA_reg[12]/C
High Pulse Width  Fast    FDRE/C       n/a            0.500         0.050       -0.450     SLICE_X105Y93   MO_AXIS_TDATA_reg[12]/C
High Pulse Width  Slow    FDRE/C       n/a            0.500         0.050       -0.450     SLICE_X105Y92   MO_AXIS_TDATA_reg[13]/C
High Pulse Width  Fast    FDRE/C       n/a            0.500         0.050       -0.450     SLICE_X105Y92   MO_AXIS_TDATA_reg[13]/C



