
*** Running vivado
    with args -log piped_mac.vdi -applog -m64 -product Vivado -messageDb vivado.pb -mode batch -source piped_mac.tcl -notrace


****** Vivado v2020.1 (64-bit)
  **** SW Build 2902540 on Wed May 27 19:54:35 MDT 2020
  **** IP Build 2902112 on Wed May 27 22:43:36 MDT 2020
    ** Copyright 1986-2020 Xilinx, Inc. All Rights Reserved.

source piped_mac.tcl -notrace
INFO: [IP_Flow 19-234] Refreshing IP repositories
INFO: [IP_Flow 19-1700] Loaded user IP repository '/home/jwk0425/487lab3/CPRE-487-Lab03/cpre487-587-lab3-main/piped_mac'.
WARNING: [IP_Flow 19-3656] If you move the project, the path for repository '/home/jwk0425/487lab3/CPRE-487-Lab03/cpre487-587-lab3-main/piped_mac' may become invalid. A better location for the repository would be in a path adjacent to the project. (Current project location is '/home/jwk0425/487lab3/CPRE-487-Lab03/cpre487-587-lab3-main/piped_mac/vivado/tc_piped_mac/tc_piped_mac.runs/impl_1'.)
INFO: [IP_Flow 19-2313] Loaded Vivado IP repository '/remote/Xilinx/2020.1/Vivado/2020.1/data/ip'.
Command: link_design -top piped_mac -part xc7z020clg484-1
Design is defaulting to srcset: sources_1
Design is defaulting to constrset: constrs_1
INFO: [Device 21-403] Loading part xc7z020clg484-1
Netlist sorting complete. Time (s): cpu = 00:00:00 ; elapsed = 00:00:00 . Memory (MB): peak = 2339.496 ; gain = 0.000 ; free physical = 7822 ; free virtual = 18714
INFO: [Netlist 29-17] Analyzing 1 Unisim elements for replacement
INFO: [Netlist 29-28] Unisim Transformation completed in 0 CPU seconds
INFO: [Project 1-479] Netlist was created with Vivado 2020.1
INFO: [Project 1-570] Preparing netlist for logic optimization
Parsing XDC File [/home/jwk0425/487lab3/CPRE-487-Lab03/cpre487-587-lab3-main/piped_mac/hdl/zedboard.xdc]
WARNING: [Vivado 12-584] No ports matched '[get_ports -of_objects [get_iobanks 33]]'. [/home/jwk0425/487lab3/CPRE-487-Lab03/cpre487-587-lab3-main/piped_mac/hdl/zedboard.xdc:361]
CRITICAL WARNING: [Common 17-55] 'set_property' expects at least one object. [/home/jwk0425/487lab3/CPRE-487-Lab03/cpre487-587-lab3-main/piped_mac/hdl/zedboard.xdc:361]
Resolution: If [get_<value>] was used to populate the object, check to make sure this command returns at least one valid object.
WARNING: [Vivado 12-584] No ports matched '[get_ports -of_objects [get_iobanks 34]]'. [/home/jwk0425/487lab3/CPRE-487-Lab03/cpre487-587-lab3-main/piped_mac/hdl/zedboard.xdc:366]
CRITICAL WARNING: [Common 17-55] 'set_property' expects at least one object. [/home/jwk0425/487lab3/CPRE-487-Lab03/cpre487-587-lab3-main/piped_mac/hdl/zedboard.xdc:366]
Resolution: If [get_<value>] was used to populate the object, check to make sure this command returns at least one valid object.
WARNING: [Vivado 12-584] No ports matched '[get_ports -of_objects [get_iobanks 35]]'. [/home/jwk0425/487lab3/CPRE-487-Lab03/cpre487-587-lab3-main/piped_mac/hdl/zedboard.xdc:371]
CRITICAL WARNING: [Common 17-55] 'set_property' expects at least one object. [/home/jwk0425/487lab3/CPRE-487-Lab03/cpre487-587-lab3-main/piped_mac/hdl/zedboard.xdc:371]
Resolution: If [get_<value>] was used to populate the object, check to make sure this command returns at least one valid object.
WARNING: [Vivado 12-584] No ports matched '[get_ports -of_objects [get_iobanks 13]]'. [/home/jwk0425/487lab3/CPRE-487-Lab03/cpre487-587-lab3-main/piped_mac/hdl/zedboard.xdc:374]
CRITICAL WARNING: [Common 17-55] 'set_property' expects at least one object. [/home/jwk0425/487lab3/CPRE-487-Lab03/cpre487-587-lab3-main/piped_mac/hdl/zedboard.xdc:374]
Resolution: If [get_<value>] was used to populate the object, check to make sure this command returns at least one valid object.
Finished Parsing XDC File [/home/jwk0425/487lab3/CPRE-487-Lab03/cpre487-587-lab3-main/piped_mac/hdl/zedboard.xdc]
INFO: [Opt 31-138] Pushed 0 inverter(s) to 0 load pin(s).
Netlist sorting complete. Time (s): cpu = 00:00:00 ; elapsed = 00:00:00 . Memory (MB): peak = 2339.496 ; gain = 0.000 ; free physical = 7711 ; free virtual = 18602
INFO: [Project 1-111] Unisim Transformation Summary:
No Unisim elements were transformed.

10 Infos, 5 Warnings, 4 Critical Warnings and 0 Errors encountered.
link_design completed successfully
link_design: Time (s): cpu = 00:00:05 ; elapsed = 00:00:08 . Memory (MB): peak = 2339.496 ; gain = 0.062 ; free physical = 7711 ; free virtual = 18602
Command: opt_design
Attempting to get a license for feature 'Implementation' and/or device 'xc7z020'
INFO: [Common 17-349] Got license for feature 'Implementation' and/or device 'xc7z020'
Running DRC as a precondition to command opt_design

Starting DRC Task
INFO: [DRC 23-27] Running DRC with 4 threads
INFO: [Project 1-461] DRC finished with 0 Errors
INFO: [Project 1-462] Please refer to the DRC report (report_drc) for more information.

Time (s): cpu = 00:00:01 ; elapsed = 00:00:02 . Memory (MB): peak = 2371.449 ; gain = 31.953 ; free physical = 7673 ; free virtual = 18565

Starting Cache Timing Information Task
INFO: [Timing 38-35] Done setting XDC timing constraints.
Ending Cache Timing Information Task | Checksum: 7a2811fb

Time (s): cpu = 00:00:05 ; elapsed = 00:00:07 . Memory (MB): peak = 2688.520 ; gain = 317.070 ; free physical = 7238 ; free virtual = 18144

Starting Logic Optimization Task

Phase 1 Retarget
INFO: [Opt 31-138] Pushed 0 inverter(s) to 0 load pin(s).
INFO: [Opt 31-49] Retargeted 0 cell(s).
Phase 1 Retarget | Checksum: 7a2811fb

Time (s): cpu = 00:00:00.02 ; elapsed = 00:00:00.02 . Memory (MB): peak = 2849.520 ; gain = 0.000 ; free physical = 7074 ; free virtual = 17980
INFO: [Opt 31-389] Phase Retarget created 0 cells and removed 0 cells

Phase 2 Constant propagation
INFO: [Opt 31-138] Pushed 0 inverter(s) to 0 load pin(s).
Phase 2 Constant propagation | Checksum: 7a2811fb

Time (s): cpu = 00:00:00.02 ; elapsed = 00:00:00.02 . Memory (MB): peak = 2849.520 ; gain = 0.000 ; free physical = 7074 ; free virtual = 17980
INFO: [Opt 31-389] Phase Constant propagation created 0 cells and removed 0 cells

Phase 3 Sweep
Phase 3 Sweep | Checksum: 7a2811fb

Time (s): cpu = 00:00:00.02 ; elapsed = 00:00:00.03 . Memory (MB): peak = 2849.520 ; gain = 0.000 ; free physical = 7074 ; free virtual = 17980
INFO: [Opt 31-389] Phase Sweep created 0 cells and removed 0 cells

Phase 4 BUFG optimization
Phase 4 BUFG optimization | Checksum: 7a2811fb

Time (s): cpu = 00:00:00.03 ; elapsed = 00:00:00.03 . Memory (MB): peak = 2849.520 ; gain = 0.000 ; free physical = 7074 ; free virtual = 17980
INFO: [Opt 31-662] Phase BUFG optimization created 0 cells of which 0 are BUFGs and removed 0 cells.

Phase 5 Shift Register Optimization
INFO: [Opt 31-1064] SRL Remap converted 0 SRLs to 0 registers and converted 0 registers of register chains to 0 SRLs
Phase 5 Shift Register Optimization | Checksum: 7a2811fb

Time (s): cpu = 00:00:00.03 ; elapsed = 00:00:00.03 . Memory (MB): peak = 2849.520 ; gain = 0.000 ; free physical = 7074 ; free virtual = 17980
INFO: [Opt 31-389] Phase Shift Register Optimization created 0 cells and removed 0 cells

Phase 6 Post Processing Netlist
Phase 6 Post Processing Netlist | Checksum: 7a2811fb

Time (s): cpu = 00:00:00.03 ; elapsed = 00:00:00.03 . Memory (MB): peak = 2849.520 ; gain = 0.000 ; free physical = 7074 ; free virtual = 17980
INFO: [Opt 31-389] Phase Post Processing Netlist created 0 cells and removed 0 cells
Opt_design Change Summary
=========================


-------------------------------------------------------------------------------------------------------------------------
|  Phase                        |  #Cells created  |  #Cells Removed  |  #Constrained objects preventing optimizations  |
-------------------------------------------------------------------------------------------------------------------------
|  Retarget                     |               0  |               0  |                                              0  |
|  Constant propagation         |               0  |               0  |                                              0  |
|  Sweep                        |               0  |               0  |                                              0  |
|  BUFG optimization            |               0  |               0  |                                              0  |
|  Shift Register Optimization  |               0  |               0  |                                              0  |
|  Post Processing Netlist      |               0  |               0  |                                              0  |
-------------------------------------------------------------------------------------------------------------------------



Starting Connectivity Check Task

Time (s): cpu = 00:00:00 ; elapsed = 00:00:00 . Memory (MB): peak = 2849.520 ; gain = 0.000 ; free physical = 7074 ; free virtual = 17980
Ending Logic Optimization Task | Checksum: 7a2811fb

Time (s): cpu = 00:00:00.03 ; elapsed = 00:00:00.03 . Memory (MB): peak = 2849.520 ; gain = 0.000 ; free physical = 7074 ; free virtual = 17980

Starting Power Optimization Task
INFO: [Pwropt 34-132] Skipping clock gating for clocks with a period < 2.00 ns.
Ending Power Optimization Task | Checksum: 7a2811fb

Time (s): cpu = 00:00:00.01 ; elapsed = 00:00:00.03 . Memory (MB): peak = 2858.426 ; gain = 8.906 ; free physical = 7074 ; free virtual = 17980

Starting Final Cleanup Task
Ending Final Cleanup Task | Checksum: 7a2811fb

Time (s): cpu = 00:00:00 ; elapsed = 00:00:00 . Memory (MB): peak = 2858.426 ; gain = 0.000 ; free physical = 7074 ; free virtual = 17980

Starting Netlist Obfuscation Task
Netlist sorting complete. Time (s): cpu = 00:00:00 ; elapsed = 00:00:00 . Memory (MB): peak = 2858.426 ; gain = 0.000 ; free physical = 7074 ; free virtual = 17980
Ending Netlist Obfuscation Task | Checksum: 7a2811fb

Time (s): cpu = 00:00:00 ; elapsed = 00:00:00 . Memory (MB): peak = 2858.426 ; gain = 0.000 ; free physical = 7074 ; free virtual = 17980
INFO: [Common 17-83] Releasing license: Implementation
27 Infos, 5 Warnings, 4 Critical Warnings and 0 Errors encountered.
opt_design completed successfully
opt_design: Time (s): cpu = 00:00:08 ; elapsed = 00:00:10 . Memory (MB): peak = 2858.426 ; gain = 518.930 ; free physical = 7074 ; free virtual = 17980
INFO: [Timing 38-480] Writing timing data to binary archive.
INFO: [Common 17-1381] The checkpoint '/home/jwk0425/487lab3/CPRE-487-Lab03/cpre487-587-lab3-main/piped_mac/vivado/tc_piped_mac/tc_piped_mac.runs/impl_1/piped_mac_opt.dcp' has been generated.
INFO: [runtcl-4] Executing : report_drc -file piped_mac_drc_opted.rpt -pb piped_mac_drc_opted.pb -rpx piped_mac_drc_opted.rpx
Command: report_drc -file piped_mac_drc_opted.rpt -pb piped_mac_drc_opted.pb -rpx piped_mac_drc_opted.rpx
INFO: [IP_Flow 19-1839] IP Catalog is up to date.
INFO: [DRC 23-27] Running DRC with 4 threads
INFO: [Coretcl 2-168] The results of DRC are in file /home/jwk0425/487lab3/CPRE-487-Lab03/cpre487-587-lab3-main/piped_mac/vivado/tc_piped_mac/tc_piped_mac.runs/impl_1/piped_mac_drc_opted.rpt.
report_drc completed successfully
Command: place_design
Attempting to get a license for feature 'Implementation' and/or device 'xc7z020'
INFO: [Common 17-349] Got license for feature 'Implementation' and/or device 'xc7z020'
INFO: [DRC 23-27] Running DRC with 4 threads
INFO: [Vivado_Tcl 4-198] DRC finished with 0 Errors
INFO: [Vivado_Tcl 4-199] Please refer to the DRC report (report_drc) for more information.
Running DRC as a precondition to command place_design
INFO: [DRC 23-27] Running DRC with 4 threads
INFO: [Vivado_Tcl 4-198] DRC finished with 0 Errors
INFO: [Vivado_Tcl 4-199] Please refer to the DRC report (report_drc) for more information.

Starting Placer Task
INFO: [Place 30-611] Multithreading enabled for place_design using a maximum of 4 CPUs

Phase 1 Placer Initialization

Phase 1.1 Placer Initialization Netlist Sorting
Netlist sorting complete. Time (s): cpu = 00:00:00 ; elapsed = 00:00:00 . Memory (MB): peak = 2931.066 ; gain = 0.000 ; free physical = 7030 ; free virtual = 17937
Phase 1.1 Placer Initialization Netlist Sorting | Checksum: 1f9520e7

Time (s): cpu = 00:00:00.01 ; elapsed = 00:00:00.03 . Memory (MB): peak = 2931.066 ; gain = 0.000 ; free physical = 7030 ; free virtual = 17937
Netlist sorting complete. Time (s): cpu = 00:00:00 ; elapsed = 00:00:00 . Memory (MB): peak = 2931.066 ; gain = 0.000 ; free physical = 7030 ; free virtual = 17937

Phase 1.2 IO Placement/ Clock Placement/ Build Placer Device
INFO: [Timing 38-35] Done setting XDC timing constraints.
Phase 1.2 IO Placement/ Clock Placement/ Build Placer Device | Checksum: 79e444aa

Time (s): cpu = 00:00:00.56 ; elapsed = 00:00:00.76 . Memory (MB): peak = 2931.066 ; gain = 0.000 ; free physical = 7030 ; free virtual = 17941

Phase 1.3 Build Placer Netlist Model
Phase 1.3 Build Placer Netlist Model | Checksum: 1411e9319

Time (s): cpu = 00:00:00.64 ; elapsed = 00:00:00.94 . Memory (MB): peak = 2955.078 ; gain = 24.012 ; free physical = 7030 ; free virtual = 17942

Phase 1.4 Constrain Clocks/Macros
Phase 1.4 Constrain Clocks/Macros | Checksum: 1411e9319

Time (s): cpu = 00:00:00.64 ; elapsed = 00:00:00.94 . Memory (MB): peak = 2955.078 ; gain = 24.012 ; free physical = 7030 ; free virtual = 17942
Phase 1 Placer Initialization | Checksum: 1411e9319

Time (s): cpu = 00:00:00.64 ; elapsed = 00:00:00.95 . Memory (MB): peak = 2955.078 ; gain = 24.012 ; free physical = 7030 ; free virtual = 17942

Phase 2 Global Placement

Phase 2.1 Floorplanning
Phase 2.1 Floorplanning | Checksum: d18b43ed

Time (s): cpu = 00:00:00.69 ; elapsed = 00:00:00.97 . Memory (MB): peak = 2955.078 ; gain = 24.012 ; free physical = 7030 ; free virtual = 17942

Phase 2.2 Global Placement Core

Phase 2.2.1 Physical Synthesis In Placer
INFO: [Physopt 32-1035] Found 0 LUTNM shape to break, 40 LUT instances to create LUTNM shape
INFO: [Physopt 32-1044] Break lutnm for timing: one critical 0, two critical 0, total 0, new lutff created 0
INFO: [Physopt 32-775] End 1 Pass. Optimized 20 nets or cells. Created 0 new cell, deleted 20 existing cells and moved 0 existing cell
INFO: [Physopt 32-65] No nets found for high-fanout optimization.
INFO: [Physopt 32-232] Optimized 0 net. Created 0 new instance.
INFO: [Physopt 32-775] End 1 Pass. Optimized 0 net or cell. Created 0 new cell, deleted 0 existing cell and moved 0 existing cell
INFO: [Physopt 32-670] No setup violation found.  DSP Register Optimization was not performed.
INFO: [Physopt 32-670] No setup violation found.  Shift Register to Pipeline Optimization was not performed.
INFO: [Physopt 32-670] No setup violation found.  Shift Register Optimization was not performed.
INFO: [Physopt 32-670] No setup violation found.  BRAM Register Optimization was not performed.
INFO: [Physopt 32-670] No setup violation found.  URAM Register Optimization was not performed.
INFO: [Physopt 32-949] No candidate nets found for HD net replication
INFO: [Physopt 32-775] End 1 Pass. Optimized 0 net or cell. Created 0 new cell, deleted 0 existing cell and moved 0 existing cell
Netlist sorting complete. Time (s): cpu = 00:00:00 ; elapsed = 00:00:00 . Memory (MB): peak = 2963.082 ; gain = 0.000 ; free physical = 7021 ; free virtual = 17936

Summary of Physical Synthesis Optimizations
============================================


-----------------------------------------------------------------------------------------------------------------------------------------------------------
|  Optimization                                     |  Added Cells  |  Removed Cells  |  Optimized Cells/Nets  |  Dont Touch  |  Iterations  |  Elapsed   |
-----------------------------------------------------------------------------------------------------------------------------------------------------------
|  LUT Combining                                    |            0  |             20  |                    20  |           0  |           1  |  00:00:00  |
|  Very High Fanout                                 |            0  |              0  |                     0  |           0  |           1  |  00:00:00  |
|  DSP Register                                     |            0  |              0  |                     0  |           0  |           0  |  00:00:00  |
|  Shift Register to Pipeline                       |            0  |              0  |                     0  |           0  |           0  |  00:00:00  |
|  Shift Register                                   |            0  |              0  |                     0  |           0  |           0  |  00:00:00  |
|  BRAM Register                                    |            0  |              0  |                     0  |           0  |           0  |  00:00:00  |
|  URAM Register                                    |            0  |              0  |                     0  |           0  |           0  |  00:00:00  |
|  Dynamic/Static Region Interface Net Replication  |            0  |              0  |                     0  |           0  |           1  |  00:00:00  |
|  Total                                            |            0  |             20  |                    20  |           0  |           3  |  00:00:00  |
-----------------------------------------------------------------------------------------------------------------------------------------------------------


Phase 2.2.1 Physical Synthesis In Placer | Checksum: 12ce8b229

Time (s): cpu = 00:00:02 ; elapsed = 00:00:02 . Memory (MB): peak = 2963.082 ; gain = 32.016 ; free physical = 7021 ; free virtual = 17936
Phase 2.2 Global Placement Core | Checksum: 14e156b76

Time (s): cpu = 00:00:02 ; elapsed = 00:00:02 . Memory (MB): peak = 2963.082 ; gain = 32.016 ; free physical = 7021 ; free virtual = 17936
Phase 2 Global Placement | Checksum: 14e156b76

Time (s): cpu = 00:00:02 ; elapsed = 00:00:02 . Memory (MB): peak = 2963.082 ; gain = 32.016 ; free physical = 7021 ; free virtual = 17936

Phase 3 Detail Placement

Phase 3.1 Commit Multi Column Macros
Phase 3.1 Commit Multi Column Macros | Checksum: 1a61461a0

Time (s): cpu = 00:00:02 ; elapsed = 00:00:02 . Memory (MB): peak = 2963.082 ; gain = 32.016 ; free physical = 7021 ; free virtual = 17936

Phase 3.2 Commit Most Macros & LUTRAMs
Phase 3.2 Commit Most Macros & LUTRAMs | Checksum: 1e6e36112

Time (s): cpu = 00:00:02 ; elapsed = 00:00:02 . Memory (MB): peak = 2963.082 ; gain = 32.016 ; free physical = 7021 ; free virtual = 17936

Phase 3.3 Area Swap Optimization
Phase 3.3 Area Swap Optimization | Checksum: 1b27d187b

Time (s): cpu = 00:00:02 ; elapsed = 00:00:02 . Memory (MB): peak = 2963.082 ; gain = 32.016 ; free physical = 7021 ; free virtual = 17936

Phase 3.4 Pipeline Register Optimization
Phase 3.4 Pipeline Register Optimization | Checksum: 1bfeca042

Time (s): cpu = 00:00:02 ; elapsed = 00:00:02 . Memory (MB): peak = 2963.082 ; gain = 32.016 ; free physical = 7021 ; free virtual = 17936

Phase 3.5 Small Shape Detail Placement
Phase 3.5 Small Shape Detail Placement | Checksum: 1eef48a4d

Time (s): cpu = 00:00:02 ; elapsed = 00:00:02 . Memory (MB): peak = 2963.082 ; gain = 32.016 ; free physical = 7015 ; free virtual = 17931

Phase 3.6 Re-assign LUT pins
Phase 3.6 Re-assign LUT pins | Checksum: 1eef48a4d

Time (s): cpu = 00:00:02 ; elapsed = 00:00:02 . Memory (MB): peak = 2963.082 ; gain = 32.016 ; free physical = 7015 ; free virtual = 17931

Phase 3.7 Pipeline Register Optimization
Phase 3.7 Pipeline Register Optimization | Checksum: 1b8d05ab5

Time (s): cpu = 00:00:02 ; elapsed = 00:00:02 . Memory (MB): peak = 2963.082 ; gain = 32.016 ; free physical = 7015 ; free virtual = 17931
Phase 3 Detail Placement | Checksum: 1b8d05ab5

Time (s): cpu = 00:00:02 ; elapsed = 00:00:02 . Memory (MB): peak = 2963.082 ; gain = 32.016 ; free physical = 7015 ; free virtual = 17931

Phase 4 Post Placement Optimization and Clean-Up

Phase 4.1 Post Commit Optimization
INFO: [Timing 38-35] Done setting XDC timing constraints.

Phase 4.1.1 Post Placement Optimization
Post Placement Optimization Initialization | Checksum: 18e948c68

Phase 4.1.1.1 BUFG Insertion

Starting Physical Synthesis Task

Phase 1 Physical Synthesis Initialization
INFO: [Physopt 32-721] Multithreading enabled for phys_opt_design using a maximum of 4 CPUs
INFO: [Physopt 32-619] Estimated Timing Summary | WNS=0.270 | TNS=0.000 |
Phase 1 Physical Synthesis Initialization | Checksum: 149c054f4

Time (s): cpu = 00:00:00.01 ; elapsed = 00:00:00.01 . Memory (MB): peak = 2963.082 ; gain = 0.000 ; free physical = 7016 ; free virtual = 17932
INFO: [Place 46-56] BUFG insertion identified 0 candidate nets. Inserted BUFG: 0, Replicated BUFG Driver: 0, Skipped due to Placement/Routing Conflicts: 0, Skipped due to Timing Degradation: 0, Skipped due to Illegal Netlist: 0.
Ending Physical Synthesis Task | Checksum: 16c523caa

Time (s): cpu = 00:00:00.01 ; elapsed = 00:00:00.01 . Memory (MB): peak = 2963.082 ; gain = 0.000 ; free physical = 7016 ; free virtual = 17932
Phase 4.1.1.1 BUFG Insertion | Checksum: 18e948c68

Time (s): cpu = 00:00:02 ; elapsed = 00:00:02 . Memory (MB): peak = 2963.082 ; gain = 32.016 ; free physical = 7016 ; free virtual = 17932
INFO: [Place 30-746] Post Placement Timing Summary WNS=0.404. For the most accurate timing information please run report_timing.
Phase 4.1.1 Post Placement Optimization | Checksum: 1307bd4ad

Time (s): cpu = 00:00:03 ; elapsed = 00:00:03 . Memory (MB): peak = 2963.082 ; gain = 32.016 ; free physical = 7016 ; free virtual = 17931
Phase 4.1 Post Commit Optimization | Checksum: 1307bd4ad

Time (s): cpu = 00:00:03 ; elapsed = 00:00:03 . Memory (MB): peak = 2963.082 ; gain = 32.016 ; free physical = 7016 ; free virtual = 17931

Phase 4.2 Post Placement Cleanup
Phase 4.2 Post Placement Cleanup | Checksum: 1307bd4ad

Time (s): cpu = 00:00:03 ; elapsed = 00:00:03 . Memory (MB): peak = 2963.082 ; gain = 32.016 ; free physical = 7016 ; free virtual = 17931

Phase 4.3 Placer Reporting
Phase 4.3 Placer Reporting | Checksum: 1307bd4ad

Time (s): cpu = 00:00:03 ; elapsed = 00:00:03 . Memory (MB): peak = 2963.082 ; gain = 32.016 ; free physical = 7016 ; free virtual = 17931

Phase 4.4 Final Placement Cleanup
Netlist sorting complete. Time (s): cpu = 00:00:00 ; elapsed = 00:00:00 . Memory (MB): peak = 2963.082 ; gain = 0.000 ; free physical = 7016 ; free virtual = 17931
Phase 4.4 Final Placement Cleanup | Checksum: ddb8d286

Time (s): cpu = 00:00:03 ; elapsed = 00:00:03 . Memory (MB): peak = 2963.082 ; gain = 32.016 ; free physical = 7016 ; free virtual = 17931
Phase 4 Post Placement Optimization and Clean-Up | Checksum: ddb8d286

Time (s): cpu = 00:00:03 ; elapsed = 00:00:03 . Memory (MB): peak = 2963.082 ; gain = 32.016 ; free physical = 7016 ; free virtual = 17931
Ending Placer Task | Checksum: 4195adec

Time (s): cpu = 00:00:03 ; elapsed = 00:00:03 . Memory (MB): peak = 2963.082 ; gain = 32.016 ; free physical = 7016 ; free virtual = 17931
INFO: [Common 17-83] Releasing license: Implementation
61 Infos, 5 Warnings, 4 Critical Warnings and 0 Errors encountered.
place_design completed successfully
INFO: [Timing 38-480] Writing timing data to binary archive.
Writing placer database...
Writing XDEF routing.
Writing XDEF routing logical nets.
Writing XDEF routing special nets.
Write XDEF Complete: Time (s): cpu = 00:00:00.06 ; elapsed = 00:00:00.04 . Memory (MB): peak = 2964.086 ; gain = 0.000 ; free physical = 7048 ; free virtual = 17966
INFO: [Common 17-1381] The checkpoint '/home/jwk0425/487lab3/CPRE-487-Lab03/cpre487-587-lab3-main/piped_mac/vivado/tc_piped_mac/tc_piped_mac.runs/impl_1/piped_mac_placed.dcp' has been generated.
INFO: [runtcl-4] Executing : report_io -file piped_mac_io_placed.rpt
report_io: Time (s): cpu = 00:00:00.06 ; elapsed = 00:00:00.11 . Memory (MB): peak = 2964.086 ; gain = 0.000 ; free physical = 7045 ; free virtual = 17961
INFO: [runtcl-4] Executing : report_utilization -file piped_mac_utilization_placed.rpt -pb piped_mac_utilization_placed.pb
INFO: [runtcl-4] Executing : report_control_sets -verbose -file piped_mac_control_sets_placed.rpt
report_control_sets: Time (s): cpu = 00:00:00 ; elapsed = 00:00:00.04 . Memory (MB): peak = 2964.086 ; gain = 0.000 ; free physical = 7045 ; free virtual = 17961
Command: phys_opt_design
Attempting to get a license for feature 'Implementation' and/or device 'xc7z020'
INFO: [Common 17-349] Got license for feature 'Implementation' and/or device 'xc7z020'
INFO: [Vivado_Tcl 4-383] Design worst setup slack (WNS) is greater than or equal to 0.000 ns. Skipping all physical synthesis optimizations.
INFO: [Vivado_Tcl 4-232] No setup violation found. The netlist was not modified.
INFO: [Common 17-83] Releasing license: Implementation
70 Infos, 5 Warnings, 4 Critical Warnings and 0 Errors encountered.
phys_opt_design completed successfully
INFO: [Timing 38-480] Writing timing data to binary archive.
Writing placer database...
Writing XDEF routing.
Writing XDEF routing logical nets.
Writing XDEF routing special nets.
Write XDEF Complete: Time (s): cpu = 00:00:00.06 ; elapsed = 00:00:00.03 . Memory (MB): peak = 2964.086 ; gain = 0.000 ; free physical = 7049 ; free virtual = 17967
INFO: [Common 17-1381] The checkpoint '/home/jwk0425/487lab3/CPRE-487-Lab03/cpre487-587-lab3-main/piped_mac/vivado/tc_piped_mac/tc_piped_mac.runs/impl_1/piped_mac_physopt.dcp' has been generated.
Command: route_design
Attempting to get a license for feature 'Implementation' and/or device 'xc7z020'
INFO: [Common 17-349] Got license for feature 'Implementation' and/or device 'xc7z020'
Running DRC as a precondition to command route_design
INFO: [DRC 23-27] Running DRC with 4 threads
INFO: [Vivado_Tcl 4-198] DRC finished with 0 Errors
INFO: [Vivado_Tcl 4-199] Please refer to the DRC report (report_drc) for more information.


Starting Routing Task
INFO: [Route 35-254] Multithreading enabled for route_design using a maximum of 4 CPUs
Checksum: PlaceDB: 22008d05 ConstDB: 0 ShapeSum: 1f9520e7 RouteDB: 0

Phase 1 Build RT Design
Phase 1 Build RT Design | Checksum: 74d6096c

Time (s): cpu = 00:00:11 ; elapsed = 00:00:09 . Memory (MB): peak = 3054.508 ; gain = 67.676 ; free physical = 6934 ; free virtual = 17851
Post Restoration Checksum: NetGraph: 47398232 NumContArr: 2d9c873a Constraints: 0 Timing: 0

Phase 2 Router Initialization

Phase 2.1 Create Timer
Phase 2.1 Create Timer | Checksum: 74d6096c

Time (s): cpu = 00:00:11 ; elapsed = 00:00:09 . Memory (MB): peak = 3054.508 ; gain = 67.676 ; free physical = 6937 ; free virtual = 17855

Phase 2.2 Fix Topology Constraints
Phase 2.2 Fix Topology Constraints | Checksum: 74d6096c

Time (s): cpu = 00:00:11 ; elapsed = 00:00:09 . Memory (MB): peak = 3062.504 ; gain = 75.672 ; free physical = 6920 ; free virtual = 17838

Phase 2.3 Pre Route Cleanup
Phase 2.3 Pre Route Cleanup | Checksum: 74d6096c

Time (s): cpu = 00:00:11 ; elapsed = 00:00:09 . Memory (MB): peak = 3062.504 ; gain = 75.672 ; free physical = 6920 ; free virtual = 17838
 Number of Nodes with overlaps = 0

Phase 2.4 Update Timing
Phase 2.4 Update Timing | Checksum: 111ad3213

Time (s): cpu = 00:00:12 ; elapsed = 00:00:09 . Memory (MB): peak = 3077.566 ; gain = 90.734 ; free physical = 6904 ; free virtual = 17822
INFO: [Route 35-416] Intermediate Timing Summary | WNS=0.319  | TNS=0.000  | WHS=-0.133 | THS=-1.723 |

Phase 2 Router Initialization | Checksum: cbe33b5c

Time (s): cpu = 00:00:12 ; elapsed = 00:00:09 . Memory (MB): peak = 3077.566 ; gain = 90.734 ; free physical = 6904 ; free virtual = 17822

Router Utilization Summary
  Global Vertical Routing Utilization    = 0 %
  Global Horizontal Routing Utilization  = 0 %
  Routable Net Status*
  *Does not include unroutable nets such as driverless and loadless.
  Run report_route_status for detailed report.
  Number of Failed Nets               = 240
    (Failed Nets is the sum of unrouted and partially routed nets)
  Number of Unrouted Nets             = 240
  Number of Partially Routed Nets     = 0
  Number of Node Overlaps             = 0


Phase 3 Initial Routing
Phase 3 Initial Routing | Checksum: 227eef986

Time (s): cpu = 00:00:12 ; elapsed = 00:00:10 . Memory (MB): peak = 3081.273 ; gain = 94.441 ; free physical = 6903 ; free virtual = 17822

Phase 4 Rip-up And Reroute

Phase 4.1 Global Iteration 0
 Number of Nodes with overlaps = 4
 Number of Nodes with overlaps = 1
 Number of Nodes with overlaps = 0
INFO: [Route 35-416] Intermediate Timing Summary | WNS=0.332  | TNS=0.000  | WHS=N/A    | THS=N/A    |

Phase 4.1 Global Iteration 0 | Checksum: d4ec0584

Time (s): cpu = 00:00:12 ; elapsed = 00:00:10 . Memory (MB): peak = 3081.273 ; gain = 94.441 ; free physical = 6903 ; free virtual = 17822
Phase 4 Rip-up And Reroute | Checksum: d4ec0584

Time (s): cpu = 00:00:12 ; elapsed = 00:00:10 . Memory (MB): peak = 3081.273 ; gain = 94.441 ; free physical = 6903 ; free virtual = 17822

Phase 5 Delay and Skew Optimization

Phase 5.1 Delay CleanUp
Phase 5.1 Delay CleanUp | Checksum: d4ec0584

Time (s): cpu = 00:00:12 ; elapsed = 00:00:10 . Memory (MB): peak = 3081.273 ; gain = 94.441 ; free physical = 6903 ; free virtual = 17822

Phase 5.2 Clock Skew Optimization
Phase 5.2 Clock Skew Optimization | Checksum: d4ec0584

Time (s): cpu = 00:00:12 ; elapsed = 00:00:10 . Memory (MB): peak = 3081.273 ; gain = 94.441 ; free physical = 6903 ; free virtual = 17822
Phase 5 Delay and Skew Optimization | Checksum: d4ec0584

Time (s): cpu = 00:00:12 ; elapsed = 00:00:10 . Memory (MB): peak = 3081.273 ; gain = 94.441 ; free physical = 6903 ; free virtual = 17822

Phase 6 Post Hold Fix

Phase 6.1 Hold Fix Iter

Phase 6.1.1 Update Timing
Phase 6.1.1 Update Timing | Checksum: e9cc980c

Time (s): cpu = 00:00:12 ; elapsed = 00:00:10 . Memory (MB): peak = 3081.273 ; gain = 94.441 ; free physical = 6903 ; free virtual = 17822
INFO: [Route 35-416] Intermediate Timing Summary | WNS=0.484  | TNS=0.000  | WHS=0.107  | THS=0.000  |

Phase 6.1 Hold Fix Iter | Checksum: e9cc980c

Time (s): cpu = 00:00:12 ; elapsed = 00:00:10 . Memory (MB): peak = 3081.273 ; gain = 94.441 ; free physical = 6903 ; free virtual = 17822
Phase 6 Post Hold Fix | Checksum: e9cc980c

Time (s): cpu = 00:00:12 ; elapsed = 00:00:10 . Memory (MB): peak = 3081.273 ; gain = 94.441 ; free physical = 6903 ; free virtual = 17822

Phase 7 Route finalize

Router Utilization Summary
  Global Vertical Routing Utilization    = 0.251734 %
  Global Horizontal Routing Utilization  = 0.0691345 %
  Routable Net Status*
  *Does not include unroutable nets such as driverless and loadless.
  Run report_route_status for detailed report.
  Number of Failed Nets               = 0
    (Failed Nets is the sum of unrouted and partially routed nets)
  Number of Unrouted Nets             = 0
  Number of Partially Routed Nets     = 0
  Number of Node Overlaps             = 0

Phase 7 Route finalize | Checksum: 12c4743a0

Time (s): cpu = 00:00:12 ; elapsed = 00:00:10 . Memory (MB): peak = 3081.273 ; gain = 94.441 ; free physical = 6903 ; free virtual = 17822

Phase 8 Verifying routed nets

 Verification completed successfully
Phase 8 Verifying routed nets | Checksum: 12c4743a0

Time (s): cpu = 00:00:12 ; elapsed = 00:00:10 . Memory (MB): peak = 3081.273 ; gain = 94.441 ; free physical = 6903 ; free virtual = 17822

Phase 9 Depositing Routes
Phase 9 Depositing Routes | Checksum: ced49970

Time (s): cpu = 00:00:12 ; elapsed = 00:00:10 . Memory (MB): peak = 3081.273 ; gain = 94.441 ; free physical = 6903 ; free virtual = 17822

Phase 10 Post Router Timing
INFO: [Route 35-57] Estimated Timing Summary | WNS=0.484  | TNS=0.000  | WHS=0.107  | THS=0.000  |

INFO: [Route 35-327] The final timing numbers are based on the router estimated timing analysis. For a complete and accurate timing signoff, please run report_timing_summary.
Phase 10 Post Router Timing | Checksum: ced49970

Time (s): cpu = 00:00:12 ; elapsed = 00:00:10 . Memory (MB): peak = 3081.273 ; gain = 94.441 ; free physical = 6903 ; free virtual = 17822
INFO: [Route 35-16] Router Completed Successfully

Time (s): cpu = 00:00:12 ; elapsed = 00:00:10 . Memory (MB): peak = 3081.273 ; gain = 94.441 ; free physical = 6903 ; free virtual = 17822

Routing Is Done.
INFO: [Common 17-83] Releasing license: Implementation
84 Infos, 5 Warnings, 4 Critical Warnings and 0 Errors encountered.
route_design completed successfully
route_design: Time (s): cpu = 00:00:13 ; elapsed = 00:00:11 . Memory (MB): peak = 3081.273 ; gain = 117.188 ; free physical = 6903 ; free virtual = 17822
INFO: [Common 17-600] The following parameters have non-default value.
general.maxThreads
INFO: [Timing 38-480] Writing timing data to binary archive.
Writing placer database...
Writing XDEF routing.
Writing XDEF routing logical nets.
Writing XDEF routing special nets.
Write XDEF Complete: Time (s): cpu = 00:00:00.06 ; elapsed = 00:00:00.04 . Memory (MB): peak = 3098.184 ; gain = 8.906 ; free physical = 6894 ; free virtual = 17814
INFO: [Common 17-1381] The checkpoint '/home/jwk0425/487lab3/CPRE-487-Lab03/cpre487-587-lab3-main/piped_mac/vivado/tc_piped_mac/tc_piped_mac.runs/impl_1/piped_mac_routed.dcp' has been generated.
INFO: [runtcl-4] Executing : report_drc -file piped_mac_drc_routed.rpt -pb piped_mac_drc_routed.pb -rpx piped_mac_drc_routed.rpx
Command: report_drc -file piped_mac_drc_routed.rpt -pb piped_mac_drc_routed.pb -rpx piped_mac_drc_routed.rpx
INFO: [IP_Flow 19-1839] IP Catalog is up to date.
INFO: [DRC 23-27] Running DRC with 4 threads
INFO: [Coretcl 2-168] The results of DRC are in file /home/jwk0425/487lab3/CPRE-487-Lab03/cpre487-587-lab3-main/piped_mac/vivado/tc_piped_mac/tc_piped_mac.runs/impl_1/piped_mac_drc_routed.rpt.
report_drc completed successfully
INFO: [runtcl-4] Executing : report_methodology -file piped_mac_methodology_drc_routed.rpt -pb piped_mac_methodology_drc_routed.pb -rpx piped_mac_methodology_drc_routed.rpx
Command: report_methodology -file piped_mac_methodology_drc_routed.rpt -pb piped_mac_methodology_drc_routed.pb -rpx piped_mac_methodology_drc_routed.rpx
INFO: [Timing 38-35] Done setting XDC timing constraints.
INFO: [DRC 23-133] Running Methodology with 4 threads
INFO: [Coretcl 2-1520] The results of Report Methodology are in file /home/jwk0425/487lab3/CPRE-487-Lab03/cpre487-587-lab3-main/piped_mac/vivado/tc_piped_mac/tc_piped_mac.runs/impl_1/piped_mac_methodology_drc_routed.rpt.
report_methodology completed successfully
INFO: [runtcl-4] Executing : report_power -file piped_mac_power_routed.rpt -pb piped_mac_power_summary_routed.pb -rpx piped_mac_power_routed.rpx
Command: report_power -file piped_mac_power_routed.rpt -pb piped_mac_power_summary_routed.pb -rpx piped_mac_power_routed.rpx
INFO: [Timing 38-35] Done setting XDC timing constraints.
Running Vector-less Activity Propagation...

Finished Running Vector-less Activity Propagation
97 Infos, 5 Warnings, 4 Critical Warnings and 0 Errors encountered.
report_power completed successfully
INFO: [runtcl-4] Executing : report_route_status -file piped_mac_route_status.rpt -pb piped_mac_route_status.pb
INFO: [runtcl-4] Executing : report_timing_summary -max_paths 10 -file piped_mac_timing_summary_routed.rpt -pb piped_mac_timing_summary_routed.pb -rpx piped_mac_timing_summary_routed.rpx -warn_on_violation 
INFO: [Timing 38-91] UpdateTimingParams: Speed grade: -1, Delay Type: min_max.
INFO: [Timing 38-191] Multithreading enabled for timing update using a maximum of 4 CPUs
CRITICAL WARNING: [Timing 38-282] The design failed to meet the timing requirements. Please see the timing summary report for details on the timing violations.
INFO: [runtcl-4] Executing : report_incremental_reuse -file piped_mac_incremental_reuse_routed.rpt
INFO: [Vivado_Tcl 4-1062] Incremental flow is disabled. No incremental reuse Info to report.
INFO: [runtcl-4] Executing : report_clock_utilization -file piped_mac_clock_utilization_routed.rpt
INFO: [runtcl-4] Executing : report_bus_skew -warn_on_violation -file piped_mac_bus_skew_routed.rpt -pb piped_mac_bus_skew_routed.pb -rpx piped_mac_bus_skew_routed.rpx
INFO: [Timing 38-91] UpdateTimingParams: Speed grade: -1, Delay Type: min_max.
INFO: [Timing 38-191] Multithreading enabled for timing update using a maximum of 4 CPUs
INFO: [Common 17-206] Exiting Vivado at Wed Sep 23 14:48:00 2026...
