#-----------------------------------------------------------
# Vivado v2020.1 (64-bit)
# SW Build 2902540 on Wed May 27 19:54:35 MDT 2020
# IP Build 2902112 on Wed May 27 22:43:36 MDT 2020
# Start of session at: Tue Sep 22 16:44:38 2026
# Process ID: 22712
# Current directory: /home/zachdixo/cpre-487/lab03/CPRE-487-Lab03/cpre487-587-lab3-main/simple_interface/vivado
# Command line: vivado
# Log file: /home/zachdixo/cpre-487/lab03/CPRE-487-Lab03/cpre487-587-lab3-main/simple_interface/vivado/vivado.log
# Journal file: /home/zachdixo/cpre-487/lab03/CPRE-487-Lab03/cpre487-587-lab3-main/simple_interface/vivado/vivado.jou
#-----------------------------------------------------------
start_gui
open_project /home/zachdixo/cpre-487/lab03/CPRE-487-Lab03/cpre487-587-lab3-main/simple_interface/vivado/simple_interface/simple_interface.xpr
Scanning sources...
Finished scanning sources
INFO: [IP_Flow 19-234] Refreshing IP repositories
INFO: [IP_Flow 19-1704] No user IP repositories specified
INFO: [IP_Flow 19-2313] Loaded Vivado IP repository '/remote/Xilinx/2020.1/Vivado/2020.1/data/ip'.
WARNING: [IP_Flow 19-3899] Cannot get the environment domain name variable for the component vendor name. Setting the vendor name to 'user.org'.
open_project: Time (s): cpu = 00:00:11 ; elapsed = 00:00:12 . Memory (MB): peak = 7190.148 ; gain = 42.238 ; free physical = 4657 ; free virtual = 18536
open_bd_design {/home/zachdixo/cpre-487/lab03/CPRE-487-Lab03/cpre487-587-lab3-main/simple_interface/vivado/simple_interface/simple_interface.srcs/sources_1/bd/staged_mac_bd/staged_mac_bd.bd}
Adding component instance block -- xilinx.com:ip:axi_fifo_mm_s:4.2 - axi_fifo_mm_s_0
Adding component instance block -- xilinx.com:ip:processing_system7:5.5 - processing_system7_0
WARNING: [BD 41-176] The physical port 'S_AXI_GP2_rd_socket' specified in the portmap, is not found on the block! 
WARNING: [BD 41-176] The physical port 'S_AXI_GP2_wr_socket' specified in the portmap, is not found on the block! 
WARNING: [BD 41-176] The physical port 'S_AXI_GP3_rd_socket' specified in the portmap, is not found on the block! 
WARNING: [BD 41-176] The physical port 'S_AXI_GP3_wr_socket' specified in the portmap, is not found on the block! 
Adding component instance block -- xilinx.com:ip:axi_interconnect:2.1 - ps7_0_axi_periph
Adding component instance block -- xilinx.com:ip:axi_protocol_converter:2.1 - auto_pc
Adding component instance block -- xilinx.com:ip:proc_sys_reset:5.0 - rst_ps7_0_100M
Adding component instance block -- xilinx.com:ip:axis_subset_converter:1.1 - axis_subset_converter_0
Adding component instance block -- xilinx.com:module_ref:staged_mac:1.0 - staged_mac_0
Successfully read diagram <staged_mac_bd> from BD file </home/zachdixo/cpre-487/lab03/CPRE-487-Lab03/cpre487-587-lab3-main/simple_interface/vivado/simple_interface/simple_interface.srcs/sources_1/bd/staged_mac_bd/staged_mac_bd.bd>
open_bd_design: Time (s): cpu = 00:00:12 ; elapsed = 00:00:07 . Memory (MB): peak = 7269.227 ; gain = 61.066 ; free physical = 4349 ; free virtual = 18323
update_compile_order -fileset sources_1
open_hw_manager
connect_hw_server -allow_non_jtag
INFO: [Labtools 27-2285] Connecting to hw_server url TCP:localhost:3121
INFO: [Labtools 27-2222] Launching hw_server...
INFO: [Labtools 27-2221] Launch Output:

****** Xilinx hw_server v2020.1
  **** Build date : May 27 2020 at 20:33:44
    ** Copyright 1986-2020 Xilinx, Inc. All Rights Reserved.


INFO: [Labtools 27-3415] Connecting to cs_server url TCP:localhost:3042
INFO: [Labtools 27-3417] Launching cs_server...
INFO: [Labtools 27-2221] Launch Output:


****** Xilinx cs_server v2020.1.0
  **** Build date : May 13 2020-20:10:29
    ** Copyright 2017-2020 Xilinx, Inc. All Rights Reserved.



disconnect_hw_server localhost:3121
connect_hw_server -allow_non_jtag
INFO: [Labtools 27-2285] Connecting to hw_server url TCP:localhost:3121
INFO: [Labtools 27-3415] Connecting to cs_server url TCP:localhost:3042
INFO: [Labtools 27-3414] Connected to existing cs_server.
disconnect_hw_server localhost:3121
connect_hw_server -allow_non_jtag
INFO: [Labtools 27-2285] Connecting to hw_server url TCP:localhost:3121
INFO: [Labtools 27-3415] Connecting to cs_server url TCP:localhost:3042
INFO: [Labtools 27-3414] Connected to existing cs_server.
exit
INFO: [Common 17-206] Exiting Vivado at Tue Sep 22 17:04:11 2026...
