#-----------------------------------------------------------
# Vivado v2020.1 (64-bit)
# SW Build 2902540 on Wed May 27 19:54:35 MDT 2020
# IP Build 2902112 on Wed May 27 22:43:36 MDT 2020
# Start of session at: Tue Sep 22 17:05:57 2026
# Process ID: 28368
# Current directory: /home/zachdixo/cpre-487/lab03/CPRE-487-Lab03/cpre487-587-lab3-main/simple_interface/vivado
# Command line: vivado
# Log file: /home/zachdixo/cpre-487/lab03/CPRE-487-Lab03/cpre487-587-lab3-main/simple_interface/vivado/vivado.log
# Journal file: /home/zachdixo/cpre-487/lab03/CPRE-487-Lab03/cpre487-587-lab3-main/simple_interface/vivado/vivado.jou
#-----------------------------------------------------------
start_gui
open_project /home/zachdixo/cpre-487/lab03/CPRE-487-Lab03/cpre487-587-lab3-main/simple_interface/vivado/simple_interface/simple_interface.xpr
Scanning sources...
Finished scanning sources
INFO: [IP_Flow 19-234] Refreshing IP repositories
INFO: [IP_Flow 19-1704] No user IP repositories specified
INFO: [IP_Flow 19-2313] Loaded Vivado IP repository '/remote/Xilinx/2020.1/Vivado/2020.1/data/ip'.
WARNING: [IP_Flow 19-3899] Cannot get the environment domain name variable for the component vendor name. Setting the vendor name to 'user.org'.
open_project: Time (s): cpu = 00:00:10 ; elapsed = 00:00:09 . Memory (MB): peak = 7303.852 ; gain = 38.273 ; free physical = 3456 ; free virtual = 17627
open_hw_manager
connect_hw_server -allow_non_jtag
INFO: [Labtools 27-2285] Connecting to hw_server url TCP:localhost:3121
INFO: [Labtools 27-2222] Launching hw_server...
INFO: [Labtools 27-2221] Launch Output:

****** Xilinx hw_server v2020.1
  **** Build date : May 27 2020 at 20:33:44
    ** Copyright 1986-2020 Xilinx, Inc. All Rights Reserved.


INFO: [Labtools 27-3415] Connecting to cs_server url TCP:localhost:3042
INFO: [Labtools 27-3417] Launching cs_server...
INFO: [Labtools 27-2221] Launch Output:


****** Xilinx cs_server v2020.1.0
  **** Build date : May 13 2020-20:10:29
    ** Copyright 2017-2020 Xilinx, Inc. All Rights Reserved.



update_compile_order -fileset sources_1
launch_runs impl_1 -to_step write_bitstream -jobs 4
[Tue Sep 22 17:06:56 2026] Launched impl_1...
Run output will be captured here: /home/zachdixo/cpre-487/lab03/CPRE-487-Lab03/cpre487-587-lab3-main/simple_interface/vivado/simple_interface/simple_interface.runs/impl_1/runme.log
INFO: [Labtools 27-2285] Connecting to hw_server url TCP:zachdixo@xilinx-1.ece.iastate.edu:3121
ERROR: [Labtools 27-2223] Unable to connect to hw_server with URL "TCP:zachdixo@xilinx-1.ece.iastate.edu:3121".
Resolution: 1. Check the host name, port number and network connectivity.
2. Check to ensure the hw_server is running on the target.
ERROR: [Common 17-39] 'connect_hw_server' failed due to earlier errors.
exit
INFO: [Common 17-206] Exiting Vivado at Tue Sep 22 17:13:12 2026...
