#-----------------------------------------------------------
# Vivado v2020.1 (64-bit)
# SW Build 2902540 on Wed May 27 19:54:35 MDT 2020
# IP Build 2902112 on Wed May 27 22:43:36 MDT 2020
# Start of session at: Tue Sep 22 17:21:07 2026
# Process ID: 16649
# Current directory: /home/zachdixo/cpre-487/lab03/CPRE-487-Lab03/cpre487-587-lab3-main/simple_interface/vivado
# Command line: vivado
# Log file: /home/zachdixo/cpre-487/lab03/CPRE-487-Lab03/cpre487-587-lab3-main/simple_interface/vivado/vivado.log
# Journal file: /home/zachdixo/cpre-487/lab03/CPRE-487-Lab03/cpre487-587-lab3-main/simple_interface/vivado/vivado.jou
#-----------------------------------------------------------
start_gui
open_project /home/zachdixo/cpre-487/lab03/CPRE-487-Lab03/cpre487-587-lab3-main/simple_interface/vivado/simple_interface/simple_interface.xpr
Scanning sources...
Finished scanning sources
INFO: [IP_Flow 19-234] Refreshing IP repositories
INFO: [IP_Flow 19-1704] No user IP repositories specified
INFO: [IP_Flow 19-2313] Loaded Vivado IP repository '/remote/Xilinx/2020.1/Vivado/2020.1/data/ip'.
WARNING: [IP_Flow 19-3899] Cannot get the environment domain name variable for the component vendor name. Setting the vendor name to 'user.org'.
open_project: Time (s): cpu = 00:00:08 ; elapsed = 00:00:08 . Memory (MB): peak = 7326.418 ; gain = 22.238 ; free physical = 26252 ; free virtual = 45312
open_hw_manager
connect_hw_server -allow_non_jtag
INFO: [Labtools 27-2285] Connecting to hw_server url TCP:localhost:3121
INFO: [Labtools 27-3415] Connecting to cs_server url TCP:localhost:3042
INFO: [Labtools 27-3417] Launching cs_server...
INFO: [Labtools 27-2221] Launch Output:


****** Xilinx cs_server v2020.1.0
  **** Build date : May 13 2020-20:10:29
    ** Copyright 2017-2020 Xilinx, Inc. All Rights Reserved.



open_hw_target
INFO: [Labtoolstcl 44-466] Opening hw_target localhost:3121/xilinx_tcf/Digilent/210248B9DAE0
set_property PROGRAM.FILE {/home/zachdixo/cpre-487/lab03/CPRE-487-Lab03/cpre487-587-lab3-main/simple_interface/vivado/simple_interface/simple_interface.runs/impl_1/staged_mac_bd_wrapper.bit} [get_hw_devices xc7z020_1]
update_compile_order -fileset sources_1
open_bd_design {/home/zachdixo/cpre-487/lab03/CPRE-487-Lab03/cpre487-587-lab3-main/simple_interface/vivado/simple_interface/simple_interface.srcs/sources_1/bd/staged_mac_bd/staged_mac_bd.bd}
Adding component instance block -- xilinx.com:ip:axi_fifo_mm_s:4.2 - axi_fifo_mm_s_0
Adding component instance block -- xilinx.com:ip:processing_system7:5.5 - processing_system7_0
WARNING: [BD 41-176] The physical port 'S_AXI_GP2_rd_socket' specified in the portmap, is not found on the block! 
WARNING: [BD 41-176] The physical port 'S_AXI_GP2_wr_socket' specified in the portmap, is not found on the block! 
WARNING: [BD 41-176] The physical port 'S_AXI_GP3_rd_socket' specified in the portmap, is not found on the block! 
WARNING: [BD 41-176] The physical port 'S_AXI_GP3_wr_socket' specified in the portmap, is not found on the block! 
Adding component instance block -- xilinx.com:ip:axi_interconnect:2.1 - ps7_0_axi_periph
Adding component instance block -- xilinx.com:ip:axi_protocol_converter:2.1 - auto_pc
Adding component instance block -- xilinx.com:ip:proc_sys_reset:5.0 - rst_ps7_0_100M
Adding component instance block -- xilinx.com:ip:axis_subset_converter:1.1 - axis_subset_converter_0
Adding component instance block -- xilinx.com:module_ref:staged_mac:1.0 - staged_mac_0
Successfully read diagram <staged_mac_bd> from BD file </home/zachdixo/cpre-487/lab03/CPRE-487-Lab03/cpre487-587-lab3-main/simple_interface/vivado/simple_interface/simple_interface.srcs/sources_1/bd/staged_mac_bd/staged_mac_bd.bd>
set_property HDL_ATTRIBUTE.DEBUG true [get_bd_intf_nets {staged_mac_0_MO_AXIS}]
true
apply_bd_automation -rule xilinx.com:bd_rule:debug -dict [list \
                                                          [get_bd_intf_nets staged_mac_0_MO_AXIS] {AXIS_SIGNALS "Data and Trigger" CLK_SRC "/processing_system7_0/FCLK_CLK0" SYSTEM_ILA "Auto" APC_EN "0" } \
                                                         ]
Debug Automation : Instantiating new System ILA block '/system_ila_0' with mode INTERFACE, 1 slot interface pins and 0 probe pins. Also setting parameters on this block, corresponding to newly enabled interface pins and probe pins as specified via Debug Automation.
Debug Automation : Connecting source clock pin /processing_system7_0/FCLK_CLK0 to the following sink clock pins :
/system_ila_0/clk
Debug Automation : Connecting source reset pin /rst_ps7_0_100M/peripheral_aresetn to the following sink reset pins :
/system_ila_0/resetn
Debug Automation : Connecting interface connection /staged_mac_0_MO_AXIS, to System ILA slot interface pin /system_ila_0/SLOT_0_AXIS for debug.
validate_bd_design
WARNING: [BD 41-1781] Updates have been made to one or more nets/interface connections marked for debug.
Debug nets, which are already connected to any ILA IP core in the block-design, will be automatically available for debug in Hardware Manager.
For unconnected Debug nets, please open synthesized design and use 'Set Up Debug' wizard to insert, modify or delete Debug Cores. 
save_bd_design
Wrote  : </home/zachdixo/cpre-487/lab03/CPRE-487-Lab03/cpre487-587-lab3-main/simple_interface/vivado/simple_interface/simple_interface.srcs/sources_1/bd/staged_mac_bd/staged_mac_bd.bd> 
Wrote  : </home/zachdixo/cpre-487/lab03/CPRE-487-Lab03/cpre487-587-lab3-main/simple_interface/vivado/simple_interface/simple_interface.srcs/sources_1/bd/staged_mac_bd/ui/bd_65dee2cb.ui> 
generate_target all [get_files  /home/zachdixo/cpre-487/lab03/CPRE-487-Lab03/cpre487-587-lab3-main/simple_interface/vivado/simple_interface/simple_interface.srcs/sources_1/bd/staged_mac_bd/staged_mac_bd.bd]
INFO: [BD 41-1662] The design 'staged_mac_bd.bd' is already validated. Therefore parameter propagation will not be re-run.
VHDL Output written to : /home/zachdixo/cpre-487/lab03/CPRE-487-Lab03/cpre487-587-lab3-main/simple_interface/vivado/simple_interface/simple_interface.srcs/sources_1/bd/staged_mac_bd/synth/staged_mac_bd.v
VHDL Output written to : /home/zachdixo/cpre-487/lab03/CPRE-487-Lab03/cpre487-587-lab3-main/simple_interface/vivado/simple_interface/simple_interface.srcs/sources_1/bd/staged_mac_bd/sim/staged_mac_bd.v
VHDL Output written to : /home/zachdixo/cpre-487/lab03/CPRE-487-Lab03/cpre487-587-lab3-main/simple_interface/vivado/simple_interface/simple_interface.srcs/sources_1/bd/staged_mac_bd/hdl/staged_mac_bd_wrapper.v
WARNING: [IP_Flow 19-4994] Overwriting existing constraint file '/home/zachdixo/cpre-487/lab03/CPRE-487-Lab03/cpre487-587-lab3-main/simple_interface/vivado/simple_interface/simple_interface.srcs/sources_1/bd/staged_mac_bd/ip/staged_mac_bd_auto_pc_0/staged_mac_bd_auto_pc_0_ooc.xdc'
INFO: [BD 41-1029] Generation completed for the IP Integrator block ps7_0_axi_periph/s00_couplers/auto_pc .
Exporting to file /home/zachdixo/cpre-487/lab03/CPRE-487-Lab03/cpre487-587-lab3-main/simple_interface/vivado/simple_interface/simple_interface.srcs/sources_1/bd/staged_mac_bd/ip/staged_mac_bd_system_ila_0_0/bd_0/hw_handoff/staged_mac_bd_system_ila_0_0.hwh
Generated Block Design Tcl file /home/zachdixo/cpre-487/lab03/CPRE-487-Lab03/cpre487-587-lab3-main/simple_interface/vivado/simple_interface/simple_interface.srcs/sources_1/bd/staged_mac_bd/ip/staged_mac_bd_system_ila_0_0/bd_0/hw_handoff/staged_mac_bd_system_ila_0_0_bd.tcl
Generated Hardware Definition File /home/zachdixo/cpre-487/lab03/CPRE-487-Lab03/cpre487-587-lab3-main/simple_interface/vivado/simple_interface/simple_interface.srcs/sources_1/bd/staged_mac_bd/ip/staged_mac_bd_system_ila_0_0/bd_0/synth/staged_mac_bd_system_ila_0_0.hwdef
INFO: [BD 41-1029] Generation completed for the IP Integrator block system_ila_0 .
Exporting to file /home/zachdixo/cpre-487/lab03/CPRE-487-Lab03/cpre487-587-lab3-main/simple_interface/vivado/simple_interface/simple_interface.srcs/sources_1/bd/staged_mac_bd/hw_handoff/staged_mac_bd.hwh
Generated Block Design Tcl file /home/zachdixo/cpre-487/lab03/CPRE-487-Lab03/cpre487-587-lab3-main/simple_interface/vivado/simple_interface/simple_interface.srcs/sources_1/bd/staged_mac_bd/hw_handoff/staged_mac_bd_bd.tcl
Generated Hardware Definition File /home/zachdixo/cpre-487/lab03/CPRE-487-Lab03/cpre487-587-lab3-main/simple_interface/vivado/simple_interface/simple_interface.srcs/sources_1/bd/staged_mac_bd/synth/staged_mac_bd.hwdef
generate_target: Time (s): cpu = 00:00:02 ; elapsed = 00:00:06 . Memory (MB): peak = 8787.859 ; gain = 0.000 ; free physical = 24273 ; free virtual = 43590
catch { config_ip_cache -export [get_ips -all staged_mac_bd_auto_pc_0] }
INFO: [IP_Flow 19-4993] Using cached IP synthesis design for IP staged_mac_bd_auto_pc_0, cache-ID = 8d7bf0866b9b21d2; cache size = 13.136 MB.
catch { config_ip_cache -export [get_ips -all staged_mac_bd_system_ila_0_0] }
export_ip_user_files -of_objects [get_files /home/zachdixo/cpre-487/lab03/CPRE-487-Lab03/cpre487-587-lab3-main/simple_interface/vivado/simple_interface/simple_interface.srcs/sources_1/bd/staged_mac_bd/staged_mac_bd.bd] -no_script -sync -force -quiet
create_ip_run [get_files -of_objects [get_fileset sources_1] /home/zachdixo/cpre-487/lab03/CPRE-487-Lab03/cpre487-587-lab3-main/simple_interface/vivado/simple_interface/simple_interface.srcs/sources_1/bd/staged_mac_bd/staged_mac_bd.bd]
launch_runs staged_mac_bd_system_ila_0_0_synth_1 -jobs 4
[Tue Sep 22 17:27:25 2026] Launched staged_mac_bd_system_ila_0_0_synth_1...
Run output will be captured here: /home/zachdixo/cpre-487/lab03/CPRE-487-Lab03/cpre487-587-lab3-main/simple_interface/vivado/simple_interface/simple_interface.runs/staged_mac_bd_system_ila_0_0_synth_1/runme.log
export_simulation -of_objects [get_files /home/zachdixo/cpre-487/lab03/CPRE-487-Lab03/cpre487-587-lab3-main/simple_interface/vivado/simple_interface/simple_interface.srcs/sources_1/bd/staged_mac_bd/staged_mac_bd.bd] -directory /home/zachdixo/cpre-487/lab03/CPRE-487-Lab03/cpre487-587-lab3-main/simple_interface/vivado/simple_interface/simple_interface.ip_user_files/sim_scripts -ip_user_files_dir /home/zachdixo/cpre-487/lab03/CPRE-487-Lab03/cpre487-587-lab3-main/simple_interface/vivado/simple_interface/simple_interface.ip_user_files -ipstatic_source_dir /home/zachdixo/cpre-487/lab03/CPRE-487-Lab03/cpre487-587-lab3-main/simple_interface/vivado/simple_interface/simple_interface.ip_user_files/ipstatic -lib_map_path [list {modelsim=/home/zachdixo/cpre-487/lab03/CPRE-487-Lab03/cpre487-587-lab3-main/simple_interface/vivado/simple_interface/simple_interface.cache/compile_simlib/modelsim} {questa=/home/zachdixo/cpre-487/lab03/CPRE-487-Lab03/cpre487-587-lab3-main/simple_interface/vivado/simple_interface/simple_interface.cache/compile_simlib/questa} {ies=/home/zachdixo/cpre-487/lab03/CPRE-487-Lab03/cpre487-587-lab3-main/simple_interface/vivado/simple_interface/simple_interface.cache/compile_simlib/ies} {xcelium=/home/zachdixo/cpre-487/lab03/CPRE-487-Lab03/cpre487-587-lab3-main/simple_interface/vivado/simple_interface/simple_interface.cache/compile_simlib/xcelium} {vcs=/home/zachdixo/cpre-487/lab03/CPRE-487-Lab03/cpre487-587-lab3-main/simple_interface/vivado/simple_interface/simple_interface.cache/compile_simlib/vcs} {riviera=/home/zachdixo/cpre-487/lab03/CPRE-487-Lab03/cpre487-587-lab3-main/simple_interface/vivado/simple_interface/simple_interface.cache/compile_simlib/riviera}] -use_ip_compiled_libs -force -quiet
INFO: [Vivado 12-8217] Implementation run is out of date. Exported hardware information may be inconsistent with respect to the current state of the design. It is recommended that you re-run implementation and re-generate bitstream/PDI before doing hardware export.
set_property pfm_name {} [get_files -all {/home/zachdixo/cpre-487/lab03/CPRE-487-Lab03/cpre487-587-lab3-main/simple_interface/vivado/simple_interface/simple_interface.srcs/sources_1/bd/staged_mac_bd/staged_mac_bd.bd}]
write_hw_platform -fixed -include_bit -force -file /home/zachdixo/cpre-487/lab03/CPRE-487-Lab03/cpre487-587-lab3-main/simple_interface/vivado/simple_interface/staged_mac_bd_wrapper.xsa
INFO: [Vivado 12-4895] Creating Hardware Platform: /home/zachdixo/cpre-487/lab03/CPRE-487-Lab03/cpre487-587-lab3-main/simple_interface/vivado/simple_interface/staged_mac_bd_wrapper.xsa ...
INFO: [Hsi 55-2053] elapsed time for repository (/remote/Xilinx/2020.1/Vivado/2020.1/data/embeddedsw) loading 1 seconds
INFO: [Vivado 12-4896] Successfully created Hardware Platform: /home/zachdixo/cpre-487/lab03/CPRE-487-Lab03/cpre487-587-lab3-main/simple_interface/vivado/simple_interface/staged_mac_bd_wrapper.xsa
write_hw_platform: Time (s): cpu = 00:00:05 ; elapsed = 00:00:06 . Memory (MB): peak = 8894.297 ; gain = 0.000 ; free physical = 22735 ; free virtual = 42191
reset_run synth_1
WARNING: [Vivado 12-1017] Problems encountered:
1. Failed to delete one or more files in run directory /home/zachdixo/cpre-487/lab03/CPRE-487-Lab03/cpre487-587-lab3-main/simple_interface/vivado/simple_interface/simple_interface.runs/synth_1

launch_runs impl_1 -to_step write_bitstream -jobs 4
[Tue Sep 22 17:29:20 2026] Launched synth_1...
Run output will be captured here: /home/zachdixo/cpre-487/lab03/CPRE-487-Lab03/cpre487-587-lab3-main/simple_interface/vivado/simple_interface/simple_interface.runs/synth_1/runme.log
[Tue Sep 22 17:29:20 2026] Launched impl_1...
Run output will be captured here: /home/zachdixo/cpre-487/lab03/CPRE-487-Lab03/cpre487-587-lab3-main/simple_interface/vivado/simple_interface/simple_interface.runs/impl_1/runme.log
open_run impl_1
INFO: [Device 21-403] Loading part xc7z020clg484-1
Netlist sorting complete. Time (s): cpu = 00:00:00.04 ; elapsed = 00:00:00.04 . Memory (MB): peak = 8952.281 ; gain = 0.000 ; free physical = 23693 ; free virtual = 43218
INFO: [Netlist 29-17] Analyzing 340 Unisim elements for replacement
INFO: [Netlist 29-28] Unisim Transformation completed in 0 CPU seconds
INFO: [Project 1-479] Netlist was created with Vivado 2020.1
INFO: [Project 1-570] Preparing netlist for logic optimization
INFO: [Timing 38-478] Restoring timing data from binary archive.
INFO: [Timing 38-479] Binary timing data restore complete.
INFO: [Project 1-856] Restoring constraints from binary archive.
INFO: [Project 1-853] Binary constraint restore complete.
Reading XDEF placement.
Reading placer database...
Reading XDEF routing.
Read XDEF File: Time (s): cpu = 00:00:00.20 ; elapsed = 00:00:00.20 . Memory (MB): peak = 9570.613 ; gain = 0.000 ; free physical = 23146 ; free virtual = 42670
Restored from archive | CPU: 0.210000 secs | Memory: 6.493439 MB |
Finished XDEF File Restore: Time (s): cpu = 00:00:00.20 ; elapsed = 00:00:00.20 . Memory (MB): peak = 9570.613 ; gain = 0.000 ; free physical = 23146 ; free virtual = 42670
Netlist sorting complete. Time (s): cpu = 00:00:00 ; elapsed = 00:00:00 . Memory (MB): peak = 9575.613 ; gain = 0.000 ; free physical = 23145 ; free virtual = 42670
INFO: [Project 1-111] Unisim Transformation Summary:
  A total of 138 instances were transformed.
  CFGLUT5 => CFGLUT5 (SRL16E, SRLC32E): 60 instances
  RAM32M => RAM32M (RAMD32(x6), RAMS32(x2)): 6 instances
  RAM64M => RAM64M (RAMD64E(x4)): 56 instances
  RAM64X1D => RAM64X1D (RAMD64E(x2)): 16 instances

open_run: Time (s): cpu = 00:00:11 ; elapsed = 00:00:10 . Memory (MB): peak = 9793.547 ; gain = 899.250 ; free physical = 22953 ; free virtual = 42481
WARNING: [Timing 38-436] There are set_bus_skew constraint(s) in this design. Please run report_bus_skew to ensure that bus skew requirements are met.
set_property pfm_name {} [get_files -all {/home/zachdixo/cpre-487/lab03/CPRE-487-Lab03/cpre487-587-lab3-main/simple_interface/vivado/simple_interface/simple_interface.srcs/sources_1/bd/staged_mac_bd/staged_mac_bd.bd}]
write_hw_platform -fixed -include_bit -force -file /home/zachdixo/cpre-487/lab03/CPRE-487-Lab03/cpre487-587-lab3-main/simple_interface/vivado/simple_interface/staged_mac_bd_wrapper.xsa
INFO: [Vivado 12-4895] Creating Hardware Platform: /home/zachdixo/cpre-487/lab03/CPRE-487-Lab03/cpre487-587-lab3-main/simple_interface/vivado/simple_interface/staged_mac_bd_wrapper.xsa ...
INFO: [Vivado 12-4896] Successfully created Hardware Platform: /home/zachdixo/cpre-487/lab03/CPRE-487-Lab03/cpre487-587-lab3-main/simple_interface/vivado/simple_interface/staged_mac_bd_wrapper.xsa
write_hw_platform: Time (s): cpu = 00:00:05 ; elapsed = 00:00:05 . Memory (MB): peak = 9793.547 ; gain = 0.000 ; free physical = 23082 ; free virtual = 42610
INFO: [Vivado 12-8231] Launching Vitis
INFO: [Vivado 12-417] Running vitis
INFO: [Vivado 12-8232] Vitis launch initiated. Please check console for any further messages.
refresh_hw_device [lindex [get_hw_devices xc7z020_1] 0]
INFO: [Labtools 27-2302] Device xc7z020 (JTAG device index = 1) is programmed with a design that has 1 ILA core(s).
WARNING: [Labtools 27-1972] Mismatch between the design programmed into the device xc7z020 (JTAG device index = 1) and the probes file(s) /home/zachdixo/cpre-487/lab03/CPRE-487-Lab03/cpre487-587-lab3-main/simple_interface/vivado/simple_interface/simple_interface.runs/impl_1/staged_mac_bd_wrapper.ltx.
 The core at location uuid_9E9D3A49EE6E566AAE7D3DB100609F8B has different widths for ILA input port 0. Port width in the device core is 16, but port width in the probes file is 32.
Resolution: 
1. Reprogram device with the correct programming file and associated probes file(s) OR
2. Goto device properties and associate the correct probes file(s) with the programming file already programmed in the device.
refresh_hw_device [lindex [get_hw_devices xc7z020_1] 0]
INFO: [Labtools 27-2302] Device xc7z020 (JTAG device index = 1) is programmed with a design that has 1 ILA core(s).
WARNING: [Labtools 27-1972] Mismatch between the design programmed into the device xc7z020 (JTAG device index = 1) and the probes file(s) /home/zachdixo/cpre-487/lab03/CPRE-487-Lab03/cpre487-587-lab3-main/simple_interface/vivado/simple_interface/simple_interface.runs/impl_1/staged_mac_bd_wrapper.ltx.
 The core at location uuid_9E9D3A49EE6E566AAE7D3DB100609F8B has different widths for ILA input port 0. Port width in the device core is 16, but port width in the probes file is 32.
Resolution: 
1. Reprogram device with the correct programming file and associated probes file(s) OR
2. Goto device properties and associate the correct probes file(s) with the programming file already programmed in the device.
refresh_hw_device [lindex [get_hw_devices xc7z020_1] 0]
INFO: [Labtools 27-2302] Device xc7z020 (JTAG device index = 1) is programmed with a design that has 1 ILA core(s).
display_hw_ila_data [ get_hw_ila_data hw_ila_data_1 -of_objects [get_hw_ilas -of_objects [get_hw_devices xc7z020_1] -filter {CELL_NAME=~"staged_mac_bd_i/system_ila_0/inst/ila_lib"}]]
Processing Interface staged_mac_0_MO_AXIS_ila1_slot0
set_property TRIGGER_COMPARE_VALUE eq32'h0000_0006 [get_hw_probes staged_mac_bd_i/system_ila_0/inst/net_slot_0_axis_tdata -of_objects [get_hw_ilas -of_objects [get_hw_devices xc7z020_1] -filter {CELL_NAME=~"staged_mac_bd_i/system_ila_0/inst/ila_lib"}]]
set_property TRIGGER_COMPARE_VALUE eq32'b0000_0000_0000_0000_0000_0000_0000_0110 [get_hw_probes staged_mac_bd_i/system_ila_0/inst/net_slot_0_axis_tdata -of_objects [get_hw_ilas -of_objects [get_hw_devices xc7z020_1] -filter {CELL_NAME=~"staged_mac_bd_i/system_ila_0/inst/ila_lib"}]]
set_property TRIGGER_COMPARE_VALUE eq1'b1 [get_hw_probes staged_mac_bd_i/system_ila_0/inst/net_slot_0_axis_tvalid -of_objects [get_hw_ilas -of_objects [get_hw_devices xc7z020_1] -filter {CELL_NAME=~"staged_mac_bd_i/system_ila_0/inst/ila_lib"}]]
set_property TRIGGER_COMPARE_VALUE eq1'b1 [get_hw_probes staged_mac_bd_i/system_ila_0/inst/net_slot_0_axis_tlast -of_objects [get_hw_ilas -of_objects [get_hw_devices xc7z020_1] -filter {CELL_NAME=~"staged_mac_bd_i/system_ila_0/inst/ila_lib"}]]
set_property TRIGGER_COMPARE_VALUE eq1'b1 [get_hw_probes staged_mac_bd_i/system_ila_0/inst/net_slot_0_axis_tready -of_objects [get_hw_ilas -of_objects [get_hw_devices xc7z020_1] -filter {CELL_NAME=~"staged_mac_bd_i/system_ila_0/inst/ila_lib"}]]
set_property TRIGGER_COMPARE_VALUE eq1'u1 [get_hw_probes staged_mac_bd_i/system_ila_0/inst/net_slot_0_axis_tlast -of_objects [get_hw_ilas -of_objects [get_hw_devices xc7z020_1] -filter {CELL_NAME=~"staged_mac_bd_i/system_ila_0/inst/ila_lib"}]]
set_property TRIGGER_COMPARE_VALUE eq32'u6 [get_hw_probes staged_mac_bd_i/system_ila_0/inst/net_slot_0_axis_tdata -of_objects [get_hw_ilas -of_objects [get_hw_devices xc7z020_1] -filter {CELL_NAME=~"staged_mac_bd_i/system_ila_0/inst/ila_lib"}]]
set_property TRIGGER_COMPARE_VALUE eq1'b1 [get_hw_probes staged_mac_bd_i/system_ila_0/inst/net_slot_0_axis_tlast -of_objects [get_hw_ilas -of_objects [get_hw_devices xc7z020_1] -filter {CELL_NAME=~"staged_mac_bd_i/system_ila_0/inst/ila_lib"}]]
set_property TRIGGER_COMPARE_VALUE eq8's0 [get_hw_probes staged_mac_bd_i/system_ila_0/inst/net_slot_0_axis_tid -of_objects [get_hw_ilas -of_objects [get_hw_devices xc7z020_1] -filter {CELL_NAME=~"staged_mac_bd_i/system_ila_0/inst/ila_lib"}]]
set_property TRIGGER_COMPARE_VALUE eq8'b0000_0000 [get_hw_probes staged_mac_bd_i/system_ila_0/inst/net_slot_0_axis_tid -of_objects [get_hw_ilas -of_objects [get_hw_devices xc7z020_1] -filter {CELL_NAME=~"staged_mac_bd_i/system_ila_0/inst/ila_lib"}]]
set_property TRIGGER_COMPARE_VALUE eq8'bXXXX_XXXX [get_hw_probes staged_mac_bd_i/system_ila_0/inst/net_slot_0_axis_tid -of_objects [get_hw_ilas -of_objects [get_hw_devices xc7z020_1] -filter {CELL_NAME=~"staged_mac_bd_i/system_ila_0/inst/ila_lib"}]]
run_hw_ila [get_hw_ilas -of_objects [get_hw_devices xc7z020_1] -filter {CELL_NAME=~"staged_mac_bd_i/system_ila_0/inst/ila_lib"}]
INFO: [Labtools 27-1964] The ILA core 'hw_ila_1' trigger was armed at 2026-Sep-22 18:24:08
wait_on_hw_ila [get_hw_ilas -of_objects [get_hw_devices xc7z020_1] -filter {CELL_NAME=~"staged_mac_bd_i/system_ila_0/inst/ila_lib"}]
display_hw_ila_data [upload_hw_ila_data [get_hw_ilas -of_objects [get_hw_devices xc7z020_1] -filter {CELL_NAME=~"staged_mac_bd_i/system_ila_0/inst/ila_lib"}]]
INFO: [Labtools 27-1966] The ILA core 'hw_ila_1' triggered at 2026-Sep-22 18:24:08
Processed interface staged_mac_0_MO_AXIS_ila1_slot0
INFO: [Labtools 27-3304] ILA Waveform data saved to file /home/zachdixo/cpre-487/lab03/CPRE-487-Lab03/cpre487-587-lab3-main/simple_interface/vivado/simple_interface/simple_interface.hw/backup/hw_ila_data_1.ila. Use Tcl command 'read_hw_ila_data' or Vivado File->Import->Import ILA Data menu item to import the previously saved data.
set_property TRIGGER_COMPARE_VALUE {eq32'u6 eq32'u0} [get_hw_probes staged_mac_bd_i/system_ila_0/inst/net_slot_0_axis_tdata -of_objects [get_hw_ilas -of_objects [get_hw_devices xc7z020_1] -filter {CELL_NAME=~"staged_mac_bd_i/system_ila_0/inst/ila_lib"}]]
set_property TRIGGER_COMPARE_VALUE {eq32'u6 eq32'u141} [get_hw_probes staged_mac_bd_i/system_ila_0/inst/net_slot_0_axis_tdata -of_objects [get_hw_ilas -of_objects [get_hw_devices xc7z020_1] -filter {CELL_NAME=~"staged_mac_bd_i/system_ila_0/inst/ila_lib"}]]
set_property TRIGGER_COMPARE_VALUE {eq32'u6 eq32'u141 eq32'u0} [get_hw_probes staged_mac_bd_i/system_ila_0/inst/net_slot_0_axis_tdata -of_objects [get_hw_ilas -of_objects [get_hw_devices xc7z020_1] -filter {CELL_NAME=~"staged_mac_bd_i/system_ila_0/inst/ila_lib"}]]
set_property TRIGGER_COMPARE_VALUE {eq32'u6 eq32'u141 eq32'u299} [get_hw_probes staged_mac_bd_i/system_ila_0/inst/net_slot_0_axis_tdata -of_objects [get_hw_ilas -of_objects [get_hw_devices xc7z020_1] -filter {CELL_NAME=~"staged_mac_bd_i/system_ila_0/inst/ila_lib"}]]
set_property TRIGGER_COMPARE_VALUE {eq32'u6 eq32'u141 eq32'u299 eq32'u0} [get_hw_probes staged_mac_bd_i/system_ila_0/inst/net_slot_0_axis_tdata -of_objects [get_hw_ilas -of_objects [get_hw_devices xc7z020_1] -filter {CELL_NAME=~"staged_mac_bd_i/system_ila_0/inst/ila_lib"}]]
set_property TRIGGER_COMPARE_VALUE {eq32'u6 eq32'u141 eq32'u299 eq32'u18} [get_hw_probes staged_mac_bd_i/system_ila_0/inst/net_slot_0_axis_tdata -of_objects [get_hw_ilas -of_objects [get_hw_devices xc7z020_1] -filter {CELL_NAME=~"staged_mac_bd_i/system_ila_0/inst/ila_lib"}]]
set_property TRIGGER_COMPARE_VALUE eq1'bX [get_hw_probes staged_mac_bd_i/system_ila_0/inst/net_slot_0_axis_tready -of_objects [get_hw_ilas -of_objects [get_hw_devices xc7z020_1] -filter {CELL_NAME=~"staged_mac_bd_i/system_ila_0/inst/ila_lib"}]]
set_property TRIGGER_COMPARE_VALUE eq1'bX [get_hw_probes staged_mac_bd_i/system_ila_0/inst/net_slot_0_axis_tlast -of_objects [get_hw_ilas -of_objects [get_hw_devices xc7z020_1] -filter {CELL_NAME=~"staged_mac_bd_i/system_ila_0/inst/ila_lib"}]]
set_property TRIGGER_COMPARE_VALUE eq1'bX [get_hw_probes staged_mac_bd_i/system_ila_0/inst/net_slot_0_axis_tvalid -of_objects [get_hw_ilas -of_objects [get_hw_devices xc7z020_1] -filter {CELL_NAME=~"staged_mac_bd_i/system_ila_0/inst/ila_lib"}]]
run_hw_ila [get_hw_ilas -of_objects [get_hw_devices xc7z020_1] -filter {CELL_NAME=~"staged_mac_bd_i/system_ila_0/inst/ila_lib"}]
ERROR: [Labtools 27-3239] Trigger needs too many comparators for ILA port(index=0). Port has 1 comparators available, but 4 are needed for compare values:
	staged_mac_bd_i/system_ila_0/inst/net_slot_0_axis_tdata[31:0]==32'h00000006
	staged_mac_bd_i/system_ila_0/inst/net_slot_0_axis_tdata[31:0]==32'h0000008d
	staged_mac_bd_i/system_ila_0/inst/net_slot_0_axis_tdata[31:0]==32'h0000012b
	staged_mac_bd_i/system_ila_0/inst/net_slot_0_axis_tdata[31:0]==32'h00000012
ERROR: [Labtools 27-3241] Unable to fit compare values for hw_ila 'hw_ila_1'.
Multiple compare values for the same ILA trigger port, can only be merged into the same comparator if 1) the overall trigger condition is 'AND', 'NAND' and 2) the compare value operator for multi-bit hw_probes is 'eq'.
undo
INFO: [Common 17-17] undo 'set_property TRIGGER_COMPARE_VALUE eq1'bX [get_hw_probes staged_mac_bd_i/system_ila_0/inst/net_slot_0_axis_tvalid -of_objects [get_hw_ilas -of_objects [get_hw_devices xc7z020_1] -filter {CELL_NAME=~"staged_mac_bd_i/system_ila_0/inst/ila_lib"}]]'
undo
INFO: [Common 17-17] undo 'set_property TRIGGER_COMPARE_VALUE eq1'bX [get_hw_probes staged_mac_bd_i/system_ila_0/inst/net_slot_0_axis_tlast -of_objects [get_hw_ilas -of_objects [get_hw_devices xc7z020_1] -filter {CELL_NAME=~"staged_mac_bd_i/system_ila_0/inst/ila_lib"}]]'
set_property TRIGGER_COMPARE_VALUE {eq32'u6 eq32'u141 eq32'u299} [get_hw_probes staged_mac_bd_i/system_ila_0/inst/net_slot_0_axis_tdata -of_objects [get_hw_ilas -of_objects [get_hw_devices xc7z020_1] -filter {CELL_NAME=~"staged_mac_bd_i/system_ila_0/inst/ila_lib"}]]
set_property TRIGGER_COMPARE_VALUE {eq32'u6 eq32'u141} [get_hw_probes staged_mac_bd_i/system_ila_0/inst/net_slot_0_axis_tdata -of_objects [get_hw_ilas -of_objects [get_hw_devices xc7z020_1] -filter {CELL_NAME=~"staged_mac_bd_i/system_ila_0/inst/ila_lib"}]]
set_property TRIGGER_COMPARE_VALUE eq32'u6 [get_hw_probes staged_mac_bd_i/system_ila_0/inst/net_slot_0_axis_tdata -of_objects [get_hw_ilas -of_objects [get_hw_devices xc7z020_1] -filter {CELL_NAME=~"staged_mac_bd_i/system_ila_0/inst/ila_lib"}]]
set_property TRIGGER_COMPARE_VALUE eq1'b1 [get_hw_probes staged_mac_bd_i/system_ila_0/inst/net_slot_0_axis_tready -of_objects [get_hw_ilas -of_objects [get_hw_devices xc7z020_1] -filter {CELL_NAME=~"staged_mac_bd_i/system_ila_0/inst/ila_lib"}]]
run_hw_ila [get_hw_ilas -of_objects [get_hw_devices xc7z020_1] -filter {CELL_NAME=~"staged_mac_bd_i/system_ila_0/inst/ila_lib"}]
INFO: [Labtools 27-1964] The ILA core 'hw_ila_1' trigger was armed at 2026-Sep-22 18:31:23
wait_on_hw_ila [get_hw_ilas -of_objects [get_hw_devices xc7z020_1] -filter {CELL_NAME=~"staged_mac_bd_i/system_ila_0/inst/ila_lib"}]
display_hw_ila_data [upload_hw_ila_data [get_hw_ilas -of_objects [get_hw_devices xc7z020_1] -filter {CELL_NAME=~"staged_mac_bd_i/system_ila_0/inst/ila_lib"}]]
INFO: [Labtools 27-1966] The ILA core 'hw_ila_1' triggered at 2026-Sep-22 18:31:23
Processed interface staged_mac_0_MO_AXIS_ila1_slot0
INFO: [Labtools 27-3304] ILA Waveform data saved to file /home/zachdixo/cpre-487/lab03/CPRE-487-Lab03/cpre487-587-lab3-main/simple_interface/vivado/simple_interface/simple_interface.hw/backup/hw_ila_data_1.ila. Use Tcl command 'read_hw_ila_data' or Vivado File->Import->Import ILA Data menu item to import the previously saved data.
