Copyright 1986-2020 Xilinx, Inc. All Rights Reserved.
------------------------------------------------------------------------------------
| Tool Version : Vivado v.2020.1 (lin64) Build 2902540 Wed May 27 19:54:35 MDT 2020
| Date         : Wed Sep 23 14:48:25 2026
| Host         : linuxvdi-f26-12.ece.iastate.edu running 64-bit unknown
| Command      : report_timing_summary -file timing_summary.rpt
| Design       : piped_mac
| Device       : 7z020-clg484
| Speed File   : -1  PRODUCTION 1.12 2019-11-22
------------------------------------------------------------------------------------

Timing Summary Report

------------------------------------------------------------------------------------------------
| Timer Settings
| --------------
------------------------------------------------------------------------------------------------

  Enable Multi Corner Analysis               :  Yes
  Enable Pessimism Removal                   :  Yes
  Pessimism Removal Resolution               :  Nearest Common Node
  Enable Input Delay Default Clock           :  No
  Enable Preset / Clear Arcs                 :  No
  Disable Flight Delays                      :  No
  Ignore I/O Paths                           :  No
  Timing Early Launch at Borrowing Latches   :  No
  Borrow Time for Max Delay Exceptions       :  Yes
  Merge Timing Exceptions                    :  Yes

  Corner  Analyze    Analyze    
  Name    Max Paths  Min Paths  
  ------  ---------  ---------  
  Slow    Yes        Yes        
  Fast    Yes        Yes        



check_timing report

Table of Contents
-----------------
1. checking no_clock (0)
2. checking constant_clock (0)
3. checking pulse_width_clock (0)
4. checking unconstrained_internal_endpoints (0)
5. checking no_input_delay (29)
6. checking no_output_delay (43)
7. checking multiple_clock (0)
8. checking generated_clocks (0)
9. checking loops (0)
10. checking partial_input_delay (0)
11. checking partial_output_delay (0)
12. checking latch_loops (0)

1. checking no_clock (0)
------------------------
 There are 0 register/latch pins with no clock.


2. checking constant_clock (0)
------------------------------
 There are 0 register/latch pins with constant_clock.


3. checking pulse_width_clock (0)
---------------------------------
 There are 0 register/latch pins which need pulse_width check


4. checking unconstrained_internal_endpoints (0)
------------------------------------------------
 There are 0 pins that are not constrained for maximum delay.

 There are 0 pins that are not constrained for maximum delay due to constant clock.


5. checking no_input_delay (29)
-------------------------------
 There are 29 input ports with no input delay specified. (HIGH)

 There are 0 input ports with no input delay but user has a false path constraint.


6. checking no_output_delay (43)
--------------------------------
 There are 43 ports with no output delay specified. (HIGH)

 There are 0 ports with no output delay but user has a false path constraint

 There are 0 ports with no output delay but with a timing clock defined on it or propagating through it


7. checking multiple_clock (0)
------------------------------
 There are 0 register/latch pins with multiple clocks.


8. checking generated_clocks (0)
--------------------------------
 There are 0 generated clocks that are not connected to a clock source.


9. checking loops (0)
---------------------
 There are 0 combinational loops in the design.


10. checking partial_input_delay (0)
------------------------------------
 There are 0 input ports with partial input delay specified.


11. checking partial_output_delay (0)
-------------------------------------
 There are 0 ports with partial output delay specified.


12. checking latch_loops (0)
----------------------------
 There are 0 combinational latch loops in the design through latch input



------------------------------------------------------------------------------------------------
| Design Timing Summary
| ---------------------
------------------------------------------------------------------------------------------------

    WNS(ns)      TNS(ns)  TNS Failing Endpoints  TNS Total Endpoints      WHS(ns)      THS(ns)  THS Failing Endpoints  THS Total Endpoints     WPWS(ns)     TPWS(ns)  TPWS Failing Endpoints  TPWS Total Endpoints  
    -------      -------  ---------------------  -------------------      -------      -------  ---------------------  -------------------     --------     --------  ----------------------  --------------------  
      0.511        0.000                      0                  316        0.122        0.000                      0                  316       -0.450      -62.100                     138                   140  


Timing constraints are not met.


------------------------------------------------------------------------------------------------
| Clock Summary
| -------------
------------------------------------------------------------------------------------------------

Clock  Waveform(ns)         Period(ns)      Frequency(MHz)
-----  ------------         ----------      --------------
main   {0.000 0.050}        5.000           200.000         


------------------------------------------------------------------------------------------------
| Intra Clock Table
| -----------------
------------------------------------------------------------------------------------------------

Clock             WNS(ns)      TNS(ns)  TNS Failing Endpoints  TNS Total Endpoints      WHS(ns)      THS(ns)  THS Failing Endpoints  THS Total Endpoints     WPWS(ns)     TPWS(ns)  TPWS Failing Endpoints  TPWS Total Endpoints  
-----             -------      -------  ---------------------  -------------------      -------      -------  ---------------------  -------------------     --------     --------  ----------------------  --------------------  
main                0.511        0.000                      0                  316        0.122        0.000                      0                  316       -0.450      -62.100                     138                   140  


------------------------------------------------------------------------------------------------
| Inter Clock Table
| -----------------
------------------------------------------------------------------------------------------------

From Clock    To Clock          WNS(ns)      TNS(ns)  TNS Failing Endpoints  TNS Total Endpoints      WHS(ns)      THS(ns)  THS Failing Endpoints  THS Total Endpoints  
----------    --------          -------      -------  ---------------------  -------------------      -------      -------  ---------------------  -------------------  


------------------------------------------------------------------------------------------------
| Other Path Groups Table
| -----------------------
------------------------------------------------------------------------------------------------

Path Group    From Clock    To Clock          WNS(ns)      TNS(ns)  TNS Failing Endpoints  TNS Total Endpoints      WHS(ns)      THS(ns)  THS Failing Endpoints  THS Total Endpoints  
----------    ----------    --------          -------      -------  ---------------------  -------------------      -------      -------  ---------------------  -------------------  


------------------------------------------------------------------------------------------------
| Timing Details
| --------------
------------------------------------------------------------------------------------------------


---------------------------------------------------------------------------------------------------
From Clock:  main
  To Clock:  main

Setup :            0  Failing Endpoints,  Worst Slack        0.511ns,  Total Violation        0.000ns
Hold  :            0  Failing Endpoints,  Worst Slack        0.122ns,  Total Violation        0.000ns
PW    :          138  Failing Endpoints,  Worst Slack       -0.450ns,  Total Violation      -62.100ns
---------------------------------------------------------------------------------------------------


Max Delay Paths
--------------------------------------------------------------------------------------
Slack (MET) :             0.511ns  (required time - arrival time)
  Source:                 acc0/CLK
                            (rising edge-triggered cell DSP48E1 clocked by main  {rise@0.000ns fall@0.050ns period=5.000ns})
  Destination:            acc0/C[43]
                            (rising edge-triggered cell DSP48E1 clocked by main  {rise@0.000ns fall@0.050ns period=5.000ns})
  Path Group:             main
  Path Type:              Setup (Max at Slow Process Corner)
  Requirement:            5.000ns  (main rise@5.000ns - main rise@0.000ns)
  Data Path Delay:        4.013ns  (logic 2.365ns (58.941%)  route 1.648ns (41.059%))
  Logic Levels:           1  (LUT3=1)
  Clock Path Skew:        0.000ns (DCD - SCD + CPR)
    Destination Clock Delay (DCD):    4.600ns = ( 9.600 - 5.000 ) 
    Source Clock Delay      (SCD):    5.118ns
    Clock Pessimism Removal (CPR):    0.519ns
  Clock Uncertainty:      0.035ns  ((TSJ^2 + TIJ^2)^1/2 + DJ) / 2 + PE
    Total System Jitter     (TSJ):    0.071ns
    Total Input Jitter      (TIJ):    0.000ns
    Discrete Jitter          (DJ):    0.000ns
    Phase Error              (PE):    0.000ns

    Location             Delay type                Incr(ns)  Path(ns)    Netlist Resource(s)
  -------------------------------------------------------------------    -------------------
                         (clock main rise edge)       0.000     0.000 r  
    K19                                               0.000     0.000 r  ACLK (IN)
                         net (fo=0)                   0.000     0.000    ACLK
    K19                  IBUF (Prop_ibuf_I_O)         0.938     0.938 r  ACLK_IBUF_inst/O
                         net (fo=1, routed)           2.205     3.143    ACLK_IBUF
    BUFGCTRL_X0Y16       BUFG (Prop_bufg_I_O)         0.101     3.244 r  ACLK_IBUF_BUFG_inst/O
                         net (fo=139, routed)         1.875     5.118    ACLK_IBUF_BUFG
    DSP48_X4Y38          DSP48E1                                      r  acc0/CLK
  -------------------------------------------------------------------    -------------------
    DSP48_X4Y38          DSP48E1 (Prop_dsp48e1_CLK_P[31])
                                                      2.215     7.333 r  acc0/P[31]
                         net (fo=2, routed)           0.771     8.104    acc0_n_74
    SLICE_X103Y97        LUT3 (Prop_lut3_I1_O)        0.150     8.254 r  acc0_i_3/O
                         net (fo=17, routed)          0.877     9.131    acc0_i_3_n_0
    DSP48_X4Y38          DSP48E1                                      r  acc0/C[43]
  -------------------------------------------------------------------    -------------------

                         (clock main rise edge)       5.000     5.000 r  
    K19                                               0.000     5.000 r  ACLK (IN)
                         net (fo=0)                   0.000     5.000    ACLK
    K19                  IBUF (Prop_ibuf_I_O)         0.804     5.804 r  ACLK_IBUF_inst/O
                         net (fo=1, routed)           2.006     7.810    ACLK_IBUF
    BUFGCTRL_X0Y16       BUFG (Prop_bufg_I_O)         0.091     7.901 r  ACLK_IBUF_BUFG_inst/O
                         net (fo=139, routed)         1.698     9.600    ACLK_IBUF_BUFG
    DSP48_X4Y38          DSP48E1                                      r  acc0/CLK
                         clock pessimism              0.519    10.118    
                         clock uncertainty           -0.035    10.083    
    DSP48_X4Y38          DSP48E1 (Setup_dsp48e1_CLK_C[43])
                                                     -0.441     9.642    acc0
  -------------------------------------------------------------------
                         required time                          9.642    
                         arrival time                          -9.131    
  -------------------------------------------------------------------
                         slack                                  0.511    





Min Delay Paths
--------------------------------------------------------------------------------------
Slack (MET) :             0.122ns  (arrival time - required time)
  Source:                 s1_tid_reg[1]/C
                            (rising edge-triggered cell FDRE clocked by main  {rise@0.000ns fall@0.050ns period=5.000ns})
  Destination:            s2_tid_reg[1]/D
                            (rising edge-triggered cell FDRE clocked by main  {rise@0.000ns fall@0.050ns period=5.000ns})
  Path Group:             main
  Path Type:              Hold (Min at Fast Process Corner)
  Requirement:            0.000ns  (main rise@0.000ns - main rise@0.000ns)
  Data Path Delay:        0.197ns  (logic 0.141ns (71.611%)  route 0.056ns (28.389%))
  Logic Levels:           0  
  Clock Path Skew:        0.000ns (DCD - SCD - CPR)
    Destination Clock Delay (DCD):    2.020ns
    Source Clock Delay      (SCD):    1.502ns
    Clock Pessimism Removal (CPR):    0.519ns

    Location             Delay type                Incr(ns)  Path(ns)    Netlist Resource(s)
  -------------------------------------------------------------------    -------------------
                         (clock main rise edge)       0.000     0.000 r  
    K19                                               0.000     0.000 r  ACLK (IN)
                         net (fo=0)                   0.000     0.000    ACLK
    K19                  IBUF (Prop_ibuf_I_O)         0.167     0.167 r  ACLK_IBUF_inst/O
                         net (fo=1, routed)           0.674     0.841    ACLK_IBUF
    BUFGCTRL_X0Y16       BUFG (Prop_bufg_I_O)         0.026     0.867 r  ACLK_IBUF_BUFG_inst/O
                         net (fo=139, routed)         0.635     1.502    ACLK_IBUF_BUFG
    SLICE_X107Y93        FDRE                                         r  s1_tid_reg[1]/C
  -------------------------------------------------------------------    -------------------
    SLICE_X107Y93        FDRE (Prop_fdre_C_Q)         0.141     1.643 r  s1_tid_reg[1]/Q
                         net (fo=1, routed)           0.056     1.698    s1_tid[1]
    SLICE_X107Y93        FDRE                                         r  s2_tid_reg[1]/D
  -------------------------------------------------------------------    -------------------

                         (clock main rise edge)       0.000     0.000 r  
    K19                                               0.000     0.000 r  ACLK (IN)
                         net (fo=0)                   0.000     0.000    ACLK
    K19                  IBUF (Prop_ibuf_I_O)         0.355     0.355 r  ACLK_IBUF_inst/O
                         net (fo=1, routed)           0.731     1.086    ACLK_IBUF
    BUFGCTRL_X0Y16       BUFG (Prop_bufg_I_O)         0.029     1.115 r  ACLK_IBUF_BUFG_inst/O
                         net (fo=139, routed)         0.905     2.020    ACLK_IBUF_BUFG
    SLICE_X107Y93        FDRE                                         r  s2_tid_reg[1]/C
                         clock pessimism             -0.519     1.502    
    SLICE_X107Y93        FDRE (Hold_fdre_C_D)         0.075     1.577    s2_tid_reg[1]
  -------------------------------------------------------------------
                         required time                         -1.577    
                         arrival time                           1.698    
  -------------------------------------------------------------------
                         slack                                  0.122    





Pulse Width Checks
--------------------------------------------------------------------------------------
Clock Name:         main
Waveform(ns):       { 0.000 0.050 }
Period(ns):         5.000
Sources:            { ACLK }

Check Type        Corner  Lib Pin  Reference Pin  Required(ns)  Actual(ns)  Slack(ns)  Location        Pin
Min Period        n/a     BUFG/I   n/a            2.155         5.000       2.845      BUFGCTRL_X0Y16  ACLK_IBUF_BUFG_inst/I
Low Pulse Width   Slow    FDRE/C   n/a            0.500         4.950       4.450      SLICE_X105Y93   MO_AXIS_TDATA_reg[0]/C
High Pulse Width  Slow    FDRE/C   n/a            0.500         0.050       -0.450     SLICE_X105Y93   MO_AXIS_TDATA_reg[0]/C



