#-----------------------------------------------------------
# Vivado v2020.1 (64-bit)
# SW Build 2902540 on Wed May 27 19:54:35 MDT 2020
# IP Build 2902112 on Wed May 27 22:43:36 MDT 2020
# Start of session at: Fri Sep 18 03:44:10 2026
# Process ID: 50824
# Current directory: /home/jwk0425/487lab3/CPRE-487-Lab03/cpre487-587-lab3-main/piped_mac/vivado
# Command line: vivado -mode batch -source tc_piped_mac_ip.tcl
# Log file: /home/jwk0425/487lab3/CPRE-487-Lab03/cpre487-587-lab3-main/piped_mac/vivado/vivado.log
# Journal file: /home/jwk0425/487lab3/CPRE-487-Lab03/cpre487-587-lab3-main/piped_mac/vivado/vivado.jou
#-----------------------------------------------------------
source tc_piped_mac_ip.tcl
# set origin_dir "."
# if { [info exists ::origin_dir_loc] } {
#   set origin_dir $::origin_dir_loc
# }
# set _xil_proj_name_ "tc_piped_mac"
# if { [info exists ::user_project_name] } {
#   set _xil_proj_name_ $::user_project_name
# }
# variable script_file
# set script_file "tc_piped_mac_ip.tcl"
# proc print_help {} {
#   variable script_file
#   puts "\nDescription:"
#   puts "Recreate a Vivado project from this script. The created project will be"
#   puts "functionally equivalent to the original project for which this script was"
#   puts "generated. The script contains commands for creating a project, filesets,"
#   puts "runs, adding/importing sources and setting properties on various objects.\n"
#   puts "Syntax:"
#   puts "$script_file"
#   puts "$script_file -tclargs \[--origin_dir <path>\]"
#   puts "$script_file -tclargs \[--project_name <name>\]"
#   puts "$script_file -tclargs \[--help\]\n"
#   puts "Usage:"
#   puts "Name                   Description"
#   puts "-------------------------------------------------------------------------"
#   puts "\[--origin_dir <path>\]  Determine source file paths wrt this path. Default"
#   puts "                       origin_dir path value is \".\", otherwise, the value"
#   puts "                       that was set with the \"-paths_relative_to\" switch"
#   puts "                       when this script was generated.\n"
#   puts "\[--project_name <name>\] Create project with the specified name. Default"
#   puts "                       name is the name of the project from where this"
#   puts "                       script was generated.\n"
#   puts "\[--help\]               Print help information for this script"
#   puts "-------------------------------------------------------------------------\n"
#   exit 0
# }
# if { $::argc > 0 } {
#   for {set i 0} {$i < $::argc} {incr i} {
#     set option [string trim [lindex $::argv $i]]
#     switch -regexp -- $option {
#       "--origin_dir"   { incr i; set origin_dir [lindex $::argv $i] }
#       "--project_name" { incr i; set _xil_proj_name_ [lindex $::argv $i] }
#       "--help"         { print_help }
#       default {
#         if { [regexp {^-} $option] } {
#           puts "ERROR: Unknown option '$option' specified, please type '$script_file -tclargs --help' for usage info.\n"
#           return 1
#         }
#       }
#     }
#   }
# }
# set orig_proj_dir "[file normalize "$origin_dir/tc_piped_mac"]"
# create_project ${_xil_proj_name_} ./${_xil_proj_name_} -part xc7z020clg484-1
ERROR: [Common 17-53] User Exception: Project already exists on disk, please use '-force' option to overwrite: 
     /home/jwk0425/487lab3/CPRE-487-Lab03/cpre487-587-lab3-main/piped_mac/vivado/tc_piped_mac/tc_piped_mac.xpr
     /home/jwk0425/487lab3/CPRE-487-Lab03/cpre487-587-lab3-main/piped_mac/vivado/tc_piped_mac/tc_piped_mac.sim
     /home/jwk0425/487lab3/CPRE-487-Lab03/cpre487-587-lab3-main/piped_mac/vivado/tc_piped_mac/tc_piped_mac.cache
     /home/jwk0425/487lab3/CPRE-487-Lab03/cpre487-587-lab3-main/piped_mac/vivado/tc_piped_mac/tc_piped_mac.hw
     /home/jwk0425/487lab3/CPRE-487-Lab03/cpre487-587-lab3-main/piped_mac/vivado/tc_piped_mac/tc_piped_mac.ip_user_files
     /home/jwk0425/487lab3/CPRE-487-Lab03/cpre487-587-lab3-main/piped_mac/vivado/tc_piped_mac/tc_piped_mac.hbs
INFO: [Common 17-206] Exiting Vivado at Fri Sep 18 03:44:14 2026...
