#-----------------------------------------------------------
# Vivado v2020.1 (64-bit)
# SW Build 2902540 on Wed May 27 19:54:35 MDT 2020
# IP Build 2902112 on Wed May 27 22:43:36 MDT 2020
# Start of session at: Fri Sep 18 03:45:18 2026
# Process ID: 50919
# Current directory: /home/jwk0425/487lab3/CPRE-487-Lab03/cpre487-587-lab3-main/piped_mac/vivado
# Command line: vivado /home/jwk0425/487lab3/CPRE-487-Lab03/cpre487-587-lab3-main/piped_mac/vivado/tc_piped_mac/tc_piped_mac.xpr
# Log file: /home/jwk0425/487lab3/CPRE-487-Lab03/cpre487-587-lab3-main/piped_mac/vivado/vivado.log
# Journal file: /home/jwk0425/487lab3/CPRE-487-Lab03/cpre487-587-lab3-main/piped_mac/vivado/vivado.jou
#-----------------------------------------------------------
start_gui
open_project /home/jwk0425/487lab3/CPRE-487-Lab03/cpre487-587-lab3-main/piped_mac/vivado/tc_piped_mac/tc_piped_mac.xpr
Scanning sources...
Finished scanning sources
WARNING: [filemgmt 56-3] Default IP Output Path : Could not find the directory '/home/jwk0425/487lab3/CPRE-487-Lab03/cpre487-587-lab3-main/piped_mac/vivado/tc_piped_mac/tc_piped_mac.srcs/sources_1'.
INFO: [IP_Flow 19-234] Refreshing IP repositories
INFO: [IP_Flow 19-1700] Loaded user IP repository '/home/jwk0425/487lab3/CPRE-487-Lab03/cpre487-587-lab3-main/piped_mac'.
WARNING: [IP_Flow 19-3656] If you move the project, the path for repository '/home/jwk0425/487lab3/CPRE-487-Lab03/cpre487-587-lab3-main/piped_mac' may become invalid. A better location for the repository would be in a path adjacent to the project. (Current project location is '/home/jwk0425/487lab3/CPRE-487-Lab03/cpre487-587-lab3-main/piped_mac/vivado/tc_piped_mac'.)
INFO: [IP_Flow 19-2313] Loaded Vivado IP repository '/remote/Xilinx/2020.1/Vivado/2020.1/data/ip'.
WARNING: [IP_Flow 19-3899] Cannot get the environment domain name variable for the component vendor name. Setting the vendor name to 'user.org'.
update_compile_order -fileset sources_1
launch_runs synth_1 -jobs 2
[Fri Sep 18 03:46:33 2026] Launched synth_1...
Run output will be captured here: /home/jwk0425/487lab3/CPRE-487-Lab03/cpre487-587-lab3-main/piped_mac/vivado/tc_piped_mac/tc_piped_mac.runs/synth_1/runme.log
launch_runs impl_1 -jobs 2
[Fri Sep 18 03:49:31 2026] Launched impl_1...
Run output will be captured here: /home/jwk0425/487lab3/CPRE-487-Lab03/cpre487-587-lab3-main/piped_mac/vivado/tc_piped_mac/tc_piped_mac.runs/impl_1/runme.log
open_run impl_1
INFO: [Device 21-403] Loading part xc7z020clg484-1
Netlist sorting complete. Time (s): cpu = 00:00:00 ; elapsed = 00:00:00 . Memory (MB): peak = 7379.617 ; gain = 0.000 ; free physical = 23105 ; free virtual = 44203
INFO: [Netlist 29-17] Analyzing 29 Unisim elements for replacement
INFO: [Netlist 29-28] Unisim Transformation completed in 0 CPU seconds
INFO: [Project 1-479] Netlist was created with Vivado 2020.1
INFO: [Project 1-570] Preparing netlist for logic optimization
INFO: [Timing 38-478] Restoring timing data from binary archive.
INFO: [Timing 38-479] Binary timing data restore complete.
INFO: [Project 1-856] Restoring constraints from binary archive.
INFO: [Project 1-853] Binary constraint restore complete.
Reading XDEF placement.
Reading placer database...
Reading XDEF routing.
Read XDEF File: Time (s): cpu = 00:00:00.02 ; elapsed = 00:00:00.02 . Memory (MB): peak = 7902.398 ; gain = 0.000 ; free physical = 22541 ; free virtual = 43638
Restored from archive | CPU: 0.020000 secs | Memory: 0.453308 MB |
Finished XDEF File Restore: Time (s): cpu = 00:00:00.02 ; elapsed = 00:00:00.02 . Memory (MB): peak = 7902.398 ; gain = 0.000 ; free physical = 22541 ; free virtual = 43638
Netlist sorting complete. Time (s): cpu = 00:00:00 ; elapsed = 00:00:00 . Memory (MB): peak = 7902.398 ; gain = 0.000 ; free physical = 22541 ; free virtual = 43638
INFO: [Project 1-111] Unisim Transformation Summary:
No Unisim elements were transformed.

open_run: Time (s): cpu = 00:00:11 ; elapsed = 00:00:10 . Memory (MB): peak = 8107.902 ; gain = 728.285 ; free physical = 22288 ; free virtual = 43389
CRITICAL WARNING: [Timing 38-282] The design failed to meet the timing requirements. Please see the timing summary report for details on the timing violations.
exit
INFO: [Common 17-206] Exiting Vivado at Fri Sep 18 04:01:53 2026...
