#-----------------------------------------------------------
# Vivado v2020.1 (64-bit)
# SW Build 2902540 on Wed May 27 19:54:35 MDT 2020
# IP Build 2902112 on Wed May 27 22:43:36 MDT 2020
# Start of session at: Thu Sep 17 21:34:36 2026
# Process ID: 15541
# Current directory: /home/zachdixo/cpre-487/lab03/CPRE-487-Lab03
# Command line: vivado
# Log file: /home/zachdixo/cpre-487/lab03/CPRE-487-Lab03/vivado.log
# Journal file: /home/zachdixo/cpre-487/lab03/CPRE-487-Lab03/vivado.jou
#-----------------------------------------------------------
start_gui
ls
WARNING: [Common 17-259] Unknown Tcl command 'ls' sending command to the OS shell for execution. It is recommended to use 'exec' to send the command to the OS shell.
cpre487-587-lab3-main
vivado.jou
vivado.log
vivado_pid15541.str
source simple_interface.tcl
couldn't read file "simple_interface.tcl": no such file or directory
cd cpre487-587-lab3-main
ls
WARNING: [Common 17-259] Unknown Tcl command 'ls' sending command to the OS shell for execution. It is recommended to use 'exec' to send the command to the OS shell.
lab6_template
piped_mac
simple_interface
software_testing
staged_mac
vivado.jou
vivado.log
cd staged_mac
ls
WARNING: [Common 17-259] Unknown Tcl command 'ls' sending command to the OS shell for execution. It is recommended to use 'exec' to send the command to the OS shell.
component.xml
hdl
questa.ini
tb
vivado
vlog.opt
vsim.wlf
work
xgui
source simple_interface.tcl
couldn't read file "simple_interface.tcl": no such file or directory
ls
WARNING: [Common 17-259] Unknown Tcl command 'ls' sending command to the OS shell for execution. It is recommended to use 'exec' to send the command to the OS shell.
component.xml
hdl
questa.ini
tb
vivado
vlog.opt
vsim.wlf
work
xgui
cd ..
ls
WARNING: [Common 17-259] Unknown Tcl command 'ls' sending command to the OS shell for execution. It is recommended to use 'exec' to send the command to the OS shell.
lab6_template
piped_mac
simple_interface
software_testing
staged_mac
vivado.jou
vivado.log
cd simple_interface
ls
WARNING: [Common 17-259] Unknown Tcl command 'ls' sending command to the OS shell for execution. It is recommended to use 'exec' to send the command to the OS shell.
hdl
vivado
cd vivado
ls
WARNING: [Common 17-259] Unknown Tcl command 'ls' sending command to the OS shell for execution. It is recommended to use 'exec' to send the command to the OS shell.
simple_interface.tcl
source simple_interface.tcl
# set origin_dir "."
# if { [info exists ::origin_dir_loc] } {
#   set origin_dir $::origin_dir_loc
# }
# set _xil_proj_name_ "simple_interface"
# if { [info exists ::user_project_name] } {
#   set _xil_proj_name_ $::user_project_name
# }
# variable script_file
# set script_file "simple_interface.tcl"
# proc print_help {} {
#   variable script_file
#   puts "\nDescription:"
#   puts "Recreate a Vivado project from this script. The created project will be"
#   puts "functionally equivalent to the original project for which this script was"
#   puts "generated. The script contains commands for creating a project, filesets,"
#   puts "runs, adding/importing sources and setting properties on various objects.\n"
#   puts "Syntax:"
#   puts "$script_file"
#   puts "$script_file -tclargs \[--origin_dir <path>\]"
#   puts "$script_file -tclargs \[--project_name <name>\]"
#   puts "$script_file -tclargs \[--help\]\n"
#   puts "Usage:"
#   puts "Name                   Description"
#   puts "-------------------------------------------------------------------------"
#   puts "\[--origin_dir <path>\]  Determine source file paths wrt this path. Default"
#   puts "                       origin_dir path value is \".\", otherwise, the value"
#   puts "                       that was set with the \"-paths_relative_to\" switch"
#   puts "                       when this script was generated.\n"
#   puts "\[--project_name <name>\] Create project with the specified name. Default"
#   puts "                       name is the name of the project from where this"
#   puts "                       script was generated.\n"
#   puts "\[--help\]               Print help information for this script"
#   puts "-------------------------------------------------------------------------\n"
#   exit 0
# }
# if { $::argc > 0 } {
#   for {set i 0} {$i < $::argc} {incr i} {
#     set option [string trim [lindex $::argv $i]]
#     switch -regexp -- $option {
#       "--origin_dir"   { incr i; set origin_dir [lindex $::argv $i] }
#       "--project_name" { incr i; set _xil_proj_name_ [lindex $::argv $i] }
#       "--help"         { print_help }
#       default {
#         if { [regexp {^-} $option] } {
#           puts "ERROR: Unknown option '$option' specified, please type '$script_file -tclargs --help' for usage info.\n"
#           return 1
#         }
#       }
#     }
#   }
# }
# set orig_proj_dir "[file normalize "$origin_dir/"]"
# create_project ${_xil_proj_name_} ./${_xil_proj_name_} -part xc7z020clg484-1
INFO: [IP_Flow 19-234] Refreshing IP repositories
INFO: [IP_Flow 19-1704] No user IP repositories specified
INFO: [IP_Flow 19-2313] Loaded Vivado IP repository '/remote/Xilinx/2020.1/Vivado/2020.1/data/ip'.
WARNING: [IP_Flow 19-3899] Cannot get the environment domain name variable for the component vendor name. Setting the vendor name to 'user.org'.
create_project: Time (s): cpu = 00:00:11 ; elapsed = 00:00:13 . Memory (MB): peak = 7190.578 ; gain = 28.023 ; free physical = 6319 ; free virtual = 17714
# set proj_dir [get_property directory [current_project]]
# set obj [current_project]
# set_property -name "board_part" -value "digilentinc.com:zedboard:part0:1.0" -objects $obj
# set_property -name "default_lib" -value "xil_defaultlib" -objects $obj
# set_property -name "enable_vhdl_2008" -value "1" -objects $obj
# set_property -name "ip_cache_permissions" -value "read write" -objects $obj
# set_property -name "ip_output_repo" -value "$proj_dir/${_xil_proj_name_}.cache/ip" -objects $obj
# set_property -name "mem.enable_memory_map_generation" -value "1" -objects $obj
# set_property -name "platform.board_id" -value "zedboard" -objects $obj
# set_property -name "sim.central_dir" -value "$proj_dir/${_xil_proj_name_}.ip_user_files" -objects $obj
# set_property -name "sim.ip.auto_export_scripts" -value "1" -objects $obj
# set_property -name "simulator_language" -value "Mixed" -objects $obj
# set_property -name "xpm_libraries" -value "XPM_CDC XPM_FIFO XPM_MEMORY" -objects $obj
# if {[string equal [get_filesets -quiet sources_1] ""]} {
#   create_fileset -srcset sources_1
# }
# set obj [get_filesets sources_1]
# set obj [get_filesets sources_1]
# set_property -name "top" -value "staged_mac_bd_wrapper" -objects $obj
# if {[string equal [get_filesets -quiet constrs_1] ""]} {
#   create_fileset -constrset constrs_1
# }
# set obj [get_filesets constrs_1]
# set file "[file normalize "$origin_dir/../hdl/zedboard.xdc"]"
# set file_imported [import_files -fileset constrs_1 [list $file]]
# set file "zedboard.xdc"
# set file_obj [get_files -of_objects [get_filesets constrs_1] [list "*$file"]]
# set_property -name "file_type" -value "XDC" -objects $file_obj
# set obj [get_filesets constrs_1]
# if {[string equal [get_filesets -quiet sim_1] ""]} {
#   create_fileset -simset sim_1
# }
# set obj [get_filesets sim_1]
# set obj [get_filesets sim_1]
# set_property -name "hbs.configure_design_for_hier_access" -value "1" -objects $obj
# set obj [get_filesets utils_1]
# set obj [get_filesets utils_1]
# proc cr_bd_staged_mac_bd { parentCell } {
# 
#   # CHANGE DESIGN NAME HERE
#   set design_name staged_mac_bd
# 
#   common::send_gid_msg -ssname BD::TCL -id 2010 -severity "INFO" "Currently there is no design <$design_name> in project, so creating one..."
# 
#   create_bd_design $design_name
# 
#   set bCheckIPsPassed 1
#   ##################################################################
#   # CHECK IPs
#   ##################################################################
#   set bCheckIPs 1
#   if { $bCheckIPs == 1 } {
#      set list_check_ips "\ 
#   xilinx.com:ip:axi_fifo_mm_s:4.2\
#   xilinx.com:ip:processing_system7:5.5\
#   xilinx.com:ip:proc_sys_reset:5.0\
#   "
# 
#    set list_ips_missing ""
#    common::send_gid_msg -ssname BD::TCL -id 2011 -severity "INFO" "Checking if the following IPs exist in the project's IP catalog: $list_check_ips ."
# 
#    foreach ip_vlnv $list_check_ips {
#       set ip_obj [get_ipdefs -all $ip_vlnv]
#       if { $ip_obj eq "" } {
#          lappend list_ips_missing $ip_vlnv
#       }
#    }
# 
#    if { $list_ips_missing ne "" } {
#       catch {common::send_gid_msg -ssname BD::TCL -id 2012 -severity "ERROR" "The following IPs are not found in the IP Catalog:\n  $list_ips_missing\n\nResolution: Please add the repository containing the IP(s) to the project." }
#       set bCheckIPsPassed 0
#    }
# 
#   }
# 
#   if { $bCheckIPsPassed != 1 } {
#     common::send_gid_msg -ssname BD::TCL -id 2023 -severity "WARNING" "Will not continue with creation of design due to the error(s) above."
#     return 3
#   }
# 
#   variable script_folder
# 
#   if { $parentCell eq "" } {
#      set parentCell [get_bd_cells /]
#   }
# 
#   # Get object for parentCell
#   set parentObj [get_bd_cells $parentCell]
#   if { $parentObj == "" } {
#      catch {common::send_gid_msg -ssname BD::TCL -id 2090 -severity "ERROR" "Unable to find parent cell <$parentCell>!"}
#      return
#   }
# 
#   # Make sure parentObj is hier blk
#   set parentType [get_property TYPE $parentObj]
#   if { $parentType ne "hier" } {
#      catch {common::send_gid_msg -ssname BD::TCL -id 2091 -severity "ERROR" "Parent <$parentObj> has TYPE = <$parentType>. Expected to be <hier>."}
#      return
#   }
# 
#   # Save current instance; Restore later
#   set oldCurInst [current_bd_instance .]
# 
#   # Set parent object as current
#   current_bd_instance $parentObj
# 
# 
#   # Create interface ports
#   set DDR [ create_bd_intf_port -mode Master -vlnv xilinx.com:interface:ddrx_rtl:1.0 DDR ]
# 
#   set FIXED_IO [ create_bd_intf_port -mode Master -vlnv xilinx.com:display_processing_system7:fixedio_rtl:1.0 FIXED_IO ]
# 
# 
#   # Create ports
# 
#   # Create instance: axi_fifo_mm_s_0, and set properties
#   set axi_fifo_mm_s_0 [ create_bd_cell -type ip -vlnv xilinx.com:ip:axi_fifo_mm_s:4.2 axi_fifo_mm_s_0 ]
#   set_property -dict [ list \
#    CONFIG.C_HAS_AXIS_TDEST {false} \
#    CONFIG.C_RX_FIFO_DEPTH {2048} \
#    CONFIG.C_RX_FIFO_PE_THRESHOLD {5} \
#    CONFIG.C_RX_FIFO_PF_THRESHOLD {2040} \
#    CONFIG.C_TX_FIFO_DEPTH {2048} \
#    CONFIG.C_TX_FIFO_PE_THRESHOLD {5} \
#    CONFIG.C_TX_FIFO_PF_THRESHOLD {2040} \
#    CONFIG.C_USE_TX_CUT_THROUGH {true} \
#    CONFIG.C_USE_RX_CUT_THROUGH {true} \
#    CONFIG.C_USE_RX_DATA {1} \
#    CONFIG.C_USE_TX_CTRL {0} \
#    CONFIG.C_USE_TX_DATA {1} \
#  ] $axi_fifo_mm_s_0
# 
#   # Create instance: processing_system7_0, and set properties
#   set processing_system7_0 [ create_bd_cell -type ip -vlnv xilinx.com:ip:processing_system7:5.5 processing_system7_0 ]
#   set_property -dict [ list \
#    CONFIG.PCW_ACT_APU_PERIPHERAL_FREQMHZ {666.666687} \
#    CONFIG.PCW_ACT_CAN_PERIPHERAL_FREQMHZ {10.000000} \
#    CONFIG.PCW_ACT_DCI_PERIPHERAL_FREQMHZ {10.158730} \
#    CONFIG.PCW_ACT_ENET0_PERIPHERAL_FREQMHZ {125.000000} \
#    CONFIG.PCW_ACT_ENET1_PERIPHERAL_FREQMHZ {10.000000} \
#    CONFIG.PCW_ACT_FPGA0_PERIPHERAL_FREQMHZ {100.000000} \
#    CONFIG.PCW_ACT_FPGA1_PERIPHERAL_FREQMHZ {10.000000} \
#    CONFIG.PCW_ACT_FPGA2_PERIPHERAL_FREQMHZ {10.000000} \
#    CONFIG.PCW_ACT_FPGA3_PERIPHERAL_FREQMHZ {10.000000} \
#    CONFIG.PCW_ACT_PCAP_PERIPHERAL_FREQMHZ {200.000000} \
#    CONFIG.PCW_ACT_QSPI_PERIPHERAL_FREQMHZ {200.000000} \
#    CONFIG.PCW_ACT_SDIO_PERIPHERAL_FREQMHZ {50.000000} \
#    CONFIG.PCW_ACT_SMC_PERIPHERAL_FREQMHZ {10.000000} \
#    CONFIG.PCW_ACT_SPI_PERIPHERAL_FREQMHZ {10.000000} \
#    CONFIG.PCW_ACT_TPIU_PERIPHERAL_FREQMHZ {200.000000} \
#    CONFIG.PCW_ACT_TTC0_CLK0_PERIPHERAL_FREQMHZ {111.111115} \
#    CONFIG.PCW_ACT_TTC0_CLK1_PERIPHERAL_FREQMHZ {111.111115} \
#    CONFIG.PCW_ACT_TTC0_CLK2_PERIPHERAL_FREQMHZ {111.111115} \
#    CONFIG.PCW_ACT_TTC1_CLK0_PERIPHERAL_FREQMHZ {111.111115} \
#    CONFIG.PCW_ACT_TTC1_CLK1_PERIPHERAL_FREQMHZ {111.111115} \
#    CONFIG.PCW_ACT_TTC1_CLK2_PERIPHERAL_FREQMHZ {111.111115} \
#    CONFIG.PCW_ACT_UART_PERIPHERAL_FREQMHZ {50.000000} \
#    CONFIG.PCW_ACT_WDT_PERIPHERAL_FREQMHZ {111.111115} \
#    CONFIG.PCW_APU_PERIPHERAL_FREQMHZ {666.666667} \
#    CONFIG.PCW_ARMPLL_CTRL_FBDIV {40} \
#    CONFIG.PCW_CAN_PERIPHERAL_DIVISOR0 {1} \
#    CONFIG.PCW_CAN_PERIPHERAL_DIVISOR1 {1} \
#    CONFIG.PCW_CAN_PERIPHERAL_FREQMHZ {100} \
#    CONFIG.PCW_CLK0_FREQ {100000000} \
#    CONFIG.PCW_CLK1_FREQ {10000000} \
#    CONFIG.PCW_CLK2_FREQ {10000000} \
#    CONFIG.PCW_CLK3_FREQ {10000000} \
#    CONFIG.PCW_CPU_CPU_PLL_FREQMHZ {1333.333} \
#    CONFIG.PCW_CPU_PERIPHERAL_DIVISOR0 {2} \
#    CONFIG.PCW_DCI_PERIPHERAL_DIVISOR0 {15} \
#    CONFIG.PCW_DCI_PERIPHERAL_DIVISOR1 {7} \
#    CONFIG.PCW_DDRPLL_CTRL_FBDIV {32} \
#    CONFIG.PCW_DDR_DDR_PLL_FREQMHZ {1066.667} \
#    CONFIG.PCW_DDR_PERIPHERAL_DIVISOR0 {2} \
#    CONFIG.PCW_DDR_RAM_HIGHADDR {0x1FFFFFFF} \
#    CONFIG.PCW_ENET0_ENET0_IO {MIO 16 .. 27} \
#    CONFIG.PCW_ENET0_GRP_MDIO_ENABLE {1} \
#    CONFIG.PCW_ENET0_GRP_MDIO_IO {MIO 52 .. 53} \
#    CONFIG.PCW_ENET0_PERIPHERAL_DIVISOR0 {8} \
#    CONFIG.PCW_ENET0_PERIPHERAL_DIVISOR1 {1} \
#    CONFIG.PCW_ENET0_PERIPHERAL_ENABLE {1} \
#    CONFIG.PCW_ENET0_PERIPHERAL_FREQMHZ {1000 Mbps} \
#    CONFIG.PCW_ENET0_RESET_ENABLE {0} \
#    CONFIG.PCW_ENET1_PERIPHERAL_DIVISOR0 {1} \
#    CONFIG.PCW_ENET1_PERIPHERAL_DIVISOR1 {1} \
#    CONFIG.PCW_ENET1_RESET_ENABLE {0} \
#    CONFIG.PCW_ENET_RESET_ENABLE {1} \
#    CONFIG.PCW_ENET_RESET_SELECT {Share reset pin} \
#    CONFIG.PCW_EN_EMIO_TTC0 {0} \
#    CONFIG.PCW_EN_ENET0 {1} \
#    CONFIG.PCW_EN_GPIO {1} \
#    CONFIG.PCW_EN_QSPI {1} \
#    CONFIG.PCW_EN_SDIO0 {1} \
#    CONFIG.PCW_EN_TTC0 {0} \
#    CONFIG.PCW_EN_UART1 {1} \
#    CONFIG.PCW_EN_USB0 {0} \
#    CONFIG.PCW_FCLK0_PERIPHERAL_DIVISOR0 {5} \
#    CONFIG.PCW_FCLK0_PERIPHERAL_DIVISOR1 {2} \
#    CONFIG.PCW_FCLK1_PERIPHERAL_DIVISOR0 {1} \
#    CONFIG.PCW_FCLK1_PERIPHERAL_DIVISOR1 {1} \
#    CONFIG.PCW_FCLK2_PERIPHERAL_DIVISOR0 {1} \
#    CONFIG.PCW_FCLK2_PERIPHERAL_DIVISOR1 {1} \
#    CONFIG.PCW_FCLK3_PERIPHERAL_DIVISOR0 {1} \
#    CONFIG.PCW_FCLK3_PERIPHERAL_DIVISOR1 {1} \
#    CONFIG.PCW_FPGA0_PERIPHERAL_FREQMHZ {100.000000} \
#    CONFIG.PCW_FPGA1_PERIPHERAL_FREQMHZ {150.000000} \
#    CONFIG.PCW_FPGA2_PERIPHERAL_FREQMHZ {50} \
#    CONFIG.PCW_FPGA_FCLK0_ENABLE {1} \
#    CONFIG.PCW_FPGA_FCLK1_ENABLE {0} \
#    CONFIG.PCW_FPGA_FCLK2_ENABLE {0} \
#    CONFIG.PCW_FPGA_FCLK3_ENABLE {0} \
#    CONFIG.PCW_GPIO_MIO_GPIO_ENABLE {1} \
#    CONFIG.PCW_GPIO_MIO_GPIO_IO {MIO} \
#    CONFIG.PCW_I2C0_GRP_INT_ENABLE {0} \
#    CONFIG.PCW_I2C0_PERIPHERAL_ENABLE {0} \
#    CONFIG.PCW_I2C0_RESET_ENABLE {0} \
#    CONFIG.PCW_I2C1_RESET_ENABLE {0} \
#    CONFIG.PCW_I2C_PERIPHERAL_FREQMHZ {25} \
#    CONFIG.PCW_I2C_RESET_ENABLE {1} \
#    CONFIG.PCW_IOPLL_CTRL_FBDIV {30} \
#    CONFIG.PCW_IO_IO_PLL_FREQMHZ {1000.000} \
#    CONFIG.PCW_MIO_0_DIRECTION {inout} \
#    CONFIG.PCW_MIO_0_IOTYPE {LVCMOS 3.3V} \
#    CONFIG.PCW_MIO_0_PULLUP {disabled} \
#    CONFIG.PCW_MIO_0_SLEW {slow} \
#    CONFIG.PCW_MIO_10_DIRECTION {inout} \
#    CONFIG.PCW_MIO_10_IOTYPE {LVCMOS 3.3V} \
#    CONFIG.PCW_MIO_10_PULLUP {disabled} \
#    CONFIG.PCW_MIO_10_SLEW {slow} \
#    CONFIG.PCW_MIO_11_DIRECTION {inout} \
#    CONFIG.PCW_MIO_11_IOTYPE {LVCMOS 3.3V} \
#    CONFIG.PCW_MIO_11_PULLUP {disabled} \
#    CONFIG.PCW_MIO_11_SLEW {slow} \
#    CONFIG.PCW_MIO_12_DIRECTION {inout} \
#    CONFIG.PCW_MIO_12_IOTYPE {LVCMOS 3.3V} \
#    CONFIG.PCW_MIO_12_PULLUP {disabled} \
#    CONFIG.PCW_MIO_12_SLEW {slow} \
#    CONFIG.PCW_MIO_13_DIRECTION {inout} \
#    CONFIG.PCW_MIO_13_IOTYPE {LVCMOS 3.3V} \
#    CONFIG.PCW_MIO_13_PULLUP {disabled} \
#    CONFIG.PCW_MIO_13_SLEW {slow} \
#    CONFIG.PCW_MIO_14_DIRECTION {inout} \
#    CONFIG.PCW_MIO_14_IOTYPE {LVCMOS 3.3V} \
#    CONFIG.PCW_MIO_14_PULLUP {disabled} \
#    CONFIG.PCW_MIO_14_SLEW {slow} \
#    CONFIG.PCW_MIO_15_DIRECTION {inout} \
#    CONFIG.PCW_MIO_15_IOTYPE {LVCMOS 3.3V} \
#    CONFIG.PCW_MIO_15_PULLUP {disabled} \
#    CONFIG.PCW_MIO_15_SLEW {slow} \
#    CONFIG.PCW_MIO_16_DIRECTION {out} \
#    CONFIG.PCW_MIO_16_IOTYPE {LVCMOS 1.8V} \
#    CONFIG.PCW_MIO_16_PULLUP {disabled} \
#    CONFIG.PCW_MIO_16_SLEW {fast} \
#    CONFIG.PCW_MIO_17_DIRECTION {out} \
#    CONFIG.PCW_MIO_17_IOTYPE {LVCMOS 1.8V} \
#    CONFIG.PCW_MIO_17_PULLUP {disabled} \
#    CONFIG.PCW_MIO_17_SLEW {fast} \
#    CONFIG.PCW_MIO_18_DIRECTION {out} \
#    CONFIG.PCW_MIO_18_IOTYPE {LVCMOS 1.8V} \
#    CONFIG.PCW_MIO_18_PULLUP {disabled} \
#    CONFIG.PCW_MIO_18_SLEW {fast} \
#    CONFIG.PCW_MIO_19_DIRECTION {out} \
#    CONFIG.PCW_MIO_19_IOTYPE {LVCMOS 1.8V} \
#    CONFIG.PCW_MIO_19_PULLUP {disabled} \
#    CONFIG.PCW_MIO_19_SLEW {fast} \
#    CONFIG.PCW_MIO_1_DIRECTION {out} \
#    CONFIG.PCW_MIO_1_IOTYPE {LVCMOS 3.3V} \
#    CONFIG.PCW_MIO_1_PULLUP {disabled} \
#    CONFIG.PCW_MIO_1_SLEW {fast} \
#    CONFIG.PCW_MIO_20_DIRECTION {out} \
#    CONFIG.PCW_MIO_20_IOTYPE {LVCMOS 1.8V} \
#    CONFIG.PCW_MIO_20_PULLUP {disabled} \
#    CONFIG.PCW_MIO_20_SLEW {fast} \
#    CONFIG.PCW_MIO_21_DIRECTION {out} \
#    CONFIG.PCW_MIO_21_IOTYPE {LVCMOS 1.8V} \
#    CONFIG.PCW_MIO_21_PULLUP {disabled} \
#    CONFIG.PCW_MIO_21_SLEW {fast} \
#    CONFIG.PCW_MIO_22_DIRECTION {in} \
#    CONFIG.PCW_MIO_22_IOTYPE {LVCMOS 1.8V} \
#    CONFIG.PCW_MIO_22_PULLUP {disabled} \
#    CONFIG.PCW_MIO_22_SLEW {fast} \
#    CONFIG.PCW_MIO_23_DIRECTION {in} \
#    CONFIG.PCW_MIO_23_IOTYPE {LVCMOS 1.8V} \
#    CONFIG.PCW_MIO_23_PULLUP {disabled} \
#    CONFIG.PCW_MIO_23_SLEW {fast} \
#    CONFIG.PCW_MIO_24_DIRECTION {in} \
#    CONFIG.PCW_MIO_24_IOTYPE {LVCMOS 1.8V} \
#    CONFIG.PCW_MIO_24_PULLUP {disabled} \
#    CONFIG.PCW_MIO_24_SLEW {fast} \
#    CONFIG.PCW_MIO_25_DIRECTION {in} \
#    CONFIG.PCW_MIO_25_IOTYPE {LVCMOS 1.8V} \
#    CONFIG.PCW_MIO_25_PULLUP {disabled} \
#    CONFIG.PCW_MIO_25_SLEW {fast} \
#    CONFIG.PCW_MIO_26_DIRECTION {in} \
#    CONFIG.PCW_MIO_26_IOTYPE {LVCMOS 1.8V} \
#    CONFIG.PCW_MIO_26_PULLUP {disabled} \
#    CONFIG.PCW_MIO_26_SLEW {fast} \
#    CONFIG.PCW_MIO_27_DIRECTION {in} \
#    CONFIG.PCW_MIO_27_IOTYPE {LVCMOS 1.8V} \
#    CONFIG.PCW_MIO_27_PULLUP {disabled} \
#    CONFIG.PCW_MIO_27_SLEW {fast} \
#    CONFIG.PCW_MIO_28_DIRECTION {inout} \
#    CONFIG.PCW_MIO_28_IOTYPE {LVCMOS 1.8V} \
#    CONFIG.PCW_MIO_28_PULLUP {disabled} \
#    CONFIG.PCW_MIO_28_SLEW {fast} \
#    CONFIG.PCW_MIO_29_DIRECTION {in} \
#    CONFIG.PCW_MIO_29_IOTYPE {LVCMOS 1.8V} \
#    CONFIG.PCW_MIO_29_PULLUP {disabled} \
#    CONFIG.PCW_MIO_29_SLEW {fast} \
#    CONFIG.PCW_MIO_2_DIRECTION {inout} \
#    CONFIG.PCW_MIO_2_IOTYPE {LVCMOS 3.3V} \
#    CONFIG.PCW_MIO_2_PULLUP {disabled} \
#    CONFIG.PCW_MIO_2_SLEW {fast} \
#    CONFIG.PCW_MIO_30_DIRECTION {out} \
#    CONFIG.PCW_MIO_30_IOTYPE {LVCMOS 1.8V} \
#    CONFIG.PCW_MIO_30_PULLUP {disabled} \
#    CONFIG.PCW_MIO_30_SLEW {fast} \
#    CONFIG.PCW_MIO_31_DIRECTION {in} \
#    CONFIG.PCW_MIO_31_IOTYPE {LVCMOS 1.8V} \
#    CONFIG.PCW_MIO_31_PULLUP {disabled} \
#    CONFIG.PCW_MIO_31_SLEW {fast} \
#    CONFIG.PCW_MIO_32_DIRECTION {inout} \
#    CONFIG.PCW_MIO_32_IOTYPE {LVCMOS 1.8V} \
#    CONFIG.PCW_MIO_32_PULLUP {disabled} \
#    CONFIG.PCW_MIO_32_SLEW {fast} \
#    CONFIG.PCW_MIO_33_DIRECTION {inout} \
#    CONFIG.PCW_MIO_33_IOTYPE {LVCMOS 1.8V} \
#    CONFIG.PCW_MIO_33_PULLUP {disabled} \
#    CONFIG.PCW_MIO_33_SLEW {fast} \
#    CONFIG.PCW_MIO_34_DIRECTION {inout} \
#    CONFIG.PCW_MIO_34_IOTYPE {LVCMOS 1.8V} \
#    CONFIG.PCW_MIO_34_PULLUP {disabled} \
#    CONFIG.PCW_MIO_34_SLEW {fast} \
#    CONFIG.PCW_MIO_35_DIRECTION {inout} \
#    CONFIG.PCW_MIO_35_IOTYPE {LVCMOS 1.8V} \
#    CONFIG.PCW_MIO_35_PULLUP {disabled} \
#    CONFIG.PCW_MIO_35_SLEW {fast} \
#    CONFIG.PCW_MIO_36_DIRECTION {in} \
#    CONFIG.PCW_MIO_36_IOTYPE {LVCMOS 1.8V} \
#    CONFIG.PCW_MIO_36_PULLUP {disabled} \
#    CONFIG.PCW_MIO_36_SLEW {fast} \
#    CONFIG.PCW_MIO_37_DIRECTION {inout} \
#    CONFIG.PCW_MIO_37_IOTYPE {LVCMOS 1.8V} \
#    CONFIG.PCW_MIO_37_PULLUP {disabled} \
#    CONFIG.PCW_MIO_37_SLEW {fast} \
#    CONFIG.PCW_MIO_38_DIRECTION {inout} \
#    CONFIG.PCW_MIO_38_IOTYPE {LVCMOS 1.8V} \
#    CONFIG.PCW_MIO_38_PULLUP {disabled} \
#    CONFIG.PCW_MIO_38_SLEW {fast} \
#    CONFIG.PCW_MIO_39_DIRECTION {inout} \
#    CONFIG.PCW_MIO_39_IOTYPE {LVCMOS 1.8V} \
#    CONFIG.PCW_MIO_39_PULLUP {disabled} \
#    CONFIG.PCW_MIO_39_SLEW {fast} \
#    CONFIG.PCW_MIO_3_DIRECTION {inout} \
#    CONFIG.PCW_MIO_3_IOTYPE {LVCMOS 3.3V} \
#    CONFIG.PCW_MIO_3_PULLUP {disabled} \
#    CONFIG.PCW_MIO_3_SLEW {fast} \
#    CONFIG.PCW_MIO_40_DIRECTION {inout} \
#    CONFIG.PCW_MIO_40_IOTYPE {LVCMOS 1.8V} \
#    CONFIG.PCW_MIO_40_PULLUP {disabled} \
#    CONFIG.PCW_MIO_40_SLEW {fast} \
#    CONFIG.PCW_MIO_41_DIRECTION {inout} \
#    CONFIG.PCW_MIO_41_IOTYPE {LVCMOS 1.8V} \
#    CONFIG.PCW_MIO_41_PULLUP {disabled} \
#    CONFIG.PCW_MIO_41_SLEW {fast} \
#    CONFIG.PCW_MIO_42_DIRECTION {inout} \
#    CONFIG.PCW_MIO_42_IOTYPE {LVCMOS 1.8V} \
#    CONFIG.PCW_MIO_42_PULLUP {disabled} \
#    CONFIG.PCW_MIO_42_SLEW {fast} \
#    CONFIG.PCW_MIO_43_DIRECTION {inout} \
#    CONFIG.PCW_MIO_43_IOTYPE {LVCMOS 1.8V} \
#    CONFIG.PCW_MIO_43_PULLUP {disabled} \
#    CONFIG.PCW_MIO_43_SLEW {fast} \
#    CONFIG.PCW_MIO_44_DIRECTION {inout} \
#    CONFIG.PCW_MIO_44_IOTYPE {LVCMOS 1.8V} \
#    CONFIG.PCW_MIO_44_PULLUP {disabled} \
#    CONFIG.PCW_MIO_44_SLEW {fast} \
#    CONFIG.PCW_MIO_45_DIRECTION {inout} \
#    CONFIG.PCW_MIO_45_IOTYPE {LVCMOS 1.8V} \
#    CONFIG.PCW_MIO_45_PULLUP {disabled} \
#    CONFIG.PCW_MIO_45_SLEW {fast} \
#    CONFIG.PCW_MIO_46_DIRECTION {in} \
#    CONFIG.PCW_MIO_46_IOTYPE {LVCMOS 1.8V} \
#    CONFIG.PCW_MIO_46_PULLUP {disabled} \
#    CONFIG.PCW_MIO_46_SLEW {slow} \
#    CONFIG.PCW_MIO_47_DIRECTION {in} \
#    CONFIG.PCW_MIO_47_IOTYPE {LVCMOS 1.8V} \
#    CONFIG.PCW_MIO_47_PULLUP {disabled} \
#    CONFIG.PCW_MIO_47_SLEW {slow} \
#    CONFIG.PCW_MIO_48_DIRECTION {out} \
#    CONFIG.PCW_MIO_48_IOTYPE {LVCMOS 1.8V} \
#    CONFIG.PCW_MIO_48_PULLUP {disabled} \
#    CONFIG.PCW_MIO_48_SLEW {slow} \
#    CONFIG.PCW_MIO_49_DIRECTION {in} \
#    CONFIG.PCW_MIO_49_IOTYPE {LVCMOS 1.8V} \
#    CONFIG.PCW_MIO_49_PULLUP {disabled} \
#    CONFIG.PCW_MIO_49_SLEW {slow} \
#    CONFIG.PCW_MIO_4_DIRECTION {inout} \
#    CONFIG.PCW_MIO_4_IOTYPE {LVCMOS 3.3V} \
#    CONFIG.PCW_MIO_4_PULLUP {disabled} \
#    CONFIG.PCW_MIO_4_SLEW {fast} \
#    CONFIG.PCW_MIO_50_DIRECTION {inout} \
#    CONFIG.PCW_MIO_50_IOTYPE {LVCMOS 1.8V} \
#    CONFIG.PCW_MIO_50_PULLUP {disabled} \
#    CONFIG.PCW_MIO_50_SLEW {slow} \
#    CONFIG.PCW_MIO_51_DIRECTION {inout} \
#    CONFIG.PCW_MIO_51_IOTYPE {LVCMOS 1.8V} \
#    CONFIG.PCW_MIO_51_PULLUP {disabled} \
#    CONFIG.PCW_MIO_51_SLEW {slow} \
#    CONFIG.PCW_MIO_52_DIRECTION {out} \
#    CONFIG.PCW_MIO_52_IOTYPE {LVCMOS 1.8V} \
#    CONFIG.PCW_MIO_52_PULLUP {disabled} \
#    CONFIG.PCW_MIO_52_SLEW {slow} \
#    CONFIG.PCW_MIO_53_DIRECTION {inout} \
#    CONFIG.PCW_MIO_53_IOTYPE {LVCMOS 1.8V} \
#    CONFIG.PCW_MIO_53_PULLUP {disabled} \
#    CONFIG.PCW_MIO_53_SLEW {slow} \
#    CONFIG.PCW_MIO_5_DIRECTION {inout} \
#    CONFIG.PCW_MIO_5_IOTYPE {LVCMOS 3.3V} \
#    CONFIG.PCW_MIO_5_PULLUP {disabled} \
#    CONFIG.PCW_MIO_5_SLEW {fast} \
#    CONFIG.PCW_MIO_6_DIRECTION {out} \
#    CONFIG.PCW_MIO_6_IOTYPE {LVCMOS 3.3V} \
#    CONFIG.PCW_MIO_6_PULLUP {disabled} \
#    CONFIG.PCW_MIO_6_SLEW {fast} \
#    CONFIG.PCW_MIO_7_DIRECTION {out} \
#    CONFIG.PCW_MIO_7_IOTYPE {LVCMOS 3.3V} \
#    CONFIG.PCW_MIO_7_PULLUP {disabled} \
#    CONFIG.PCW_MIO_7_SLEW {slow} \
#    CONFIG.PCW_MIO_8_DIRECTION {out} \
#    CONFIG.PCW_MIO_8_IOTYPE {LVCMOS 3.3V} \
#    CONFIG.PCW_MIO_8_PULLUP {disabled} \
#    CONFIG.PCW_MIO_8_SLEW {fast} \
#    CONFIG.PCW_MIO_9_DIRECTION {inout} \
#    CONFIG.PCW_MIO_9_IOTYPE {LVCMOS 3.3V} \
#    CONFIG.PCW_MIO_9_PULLUP {disabled} \
#    CONFIG.PCW_MIO_9_SLEW {slow} \
#    CONFIG.PCW_MIO_TREE_PERIPHERALS {GPIO#Quad SPI Flash#Quad SPI Flash#Quad SPI Flash#Quad SPI Flash#Quad SPI Flash#Quad SPI Flash#GPIO#GPIO#GPIO#GPIO#GPIO#GPIO#GPIO#GPIO#GPIO#Enet 0#Enet 0#Enet 0#Enet 0#Enet 0#Enet 0#Enet 0#Enet 0#Enet 0#Enet 0#Enet 0#Enet 0#GPIO#GPIO#GPIO#GPIO#GPIO#GPIO#GPIO#GPIO#GPIO#GPIO#GPIO#GPIO#SD 0#SD 0#SD 0#SD 0#SD 0#SD 0#SD 0#SD 0#UART 1#UART 1#GPIO#GPIO#Enet 0#Enet 0} \
#    CONFIG.PCW_MIO_TREE_SIGNALS {gpio[0]#qspi0_ss_b#qspi0_io[0]#qspi0_io[1]#qspi0_io[2]#qspi0_io[3]/HOLD_B#qspi0_sclk#gpio[7]#gpio[8]#gpio[9]#gpio[10]#gpio[11]#gpio[12]#gpio[13]#gpio[14]#gpio[15]#tx_clk#txd[0]#txd[1]#txd[2]#txd[3]#tx_ctl#rx_clk#rxd[0]#rxd[1]#rxd[2]#rxd[3]#rx_ctl#gpio[28]#gpio[29]#gpio[30]#gpio[31]#gpio[32]#gpio[33]#gpio[34]#gpio[35]#gpio[36]#gpio[37]#gpio[38]#gpio[39]#clk#cmd#data[0]#data[1]#data[2]#data[3]#wp#cd#tx#rx#gpio[50]#gpio[51]#mdc#mdio} \
#    CONFIG.PCW_NAND_GRP_D8_ENABLE {0} \
#    CONFIG.PCW_NAND_PERIPHERAL_ENABLE {0} \
#    CONFIG.PCW_NOR_GRP_A25_ENABLE {0} \
#    CONFIG.PCW_NOR_GRP_CS0_ENABLE {0} \
#    CONFIG.PCW_NOR_GRP_CS1_ENABLE {0} \
#    CONFIG.PCW_NOR_GRP_SRAM_CS0_ENABLE {0} \
#    CONFIG.PCW_NOR_GRP_SRAM_CS1_ENABLE {0} \
#    CONFIG.PCW_NOR_GRP_SRAM_INT_ENABLE {0} \
#    CONFIG.PCW_NOR_PERIPHERAL_ENABLE {0} \
#    CONFIG.PCW_PCAP_PERIPHERAL_DIVISOR0 {5} \
#    CONFIG.PCW_PJTAG_PERIPHERAL_ENABLE {0} \
#    CONFIG.PCW_PRESET_BANK0_VOLTAGE {LVCMOS 3.3V} \
#    CONFIG.PCW_PRESET_BANK1_VOLTAGE {LVCMOS 1.8V} \
#    CONFIG.PCW_QSPI_GRP_FBCLK_ENABLE {0} \
#    CONFIG.PCW_QSPI_GRP_IO1_ENABLE {0} \
#    CONFIG.PCW_QSPI_GRP_SINGLE_SS_ENABLE {1} \
#    CONFIG.PCW_QSPI_GRP_SINGLE_SS_IO {MIO 1 .. 6} \
#    CONFIG.PCW_QSPI_GRP_SS1_ENABLE {0} \
#    CONFIG.PCW_QSPI_PERIPHERAL_DIVISOR0 {5} \
#    CONFIG.PCW_QSPI_PERIPHERAL_ENABLE {1} \
#    CONFIG.PCW_QSPI_PERIPHERAL_FREQMHZ {200} \
#    CONFIG.PCW_QSPI_QSPI_IO {MIO 1 .. 6} \
#    CONFIG.PCW_SD0_GRP_CD_ENABLE {1} \
#    CONFIG.PCW_SD0_GRP_CD_IO {MIO 47} \
#    CONFIG.PCW_SD0_GRP_POW_ENABLE {0} \
#    CONFIG.PCW_SD0_GRP_WP_ENABLE {1} \
#    CONFIG.PCW_SD0_GRP_WP_IO {MIO 46} \
#    CONFIG.PCW_SD0_PERIPHERAL_ENABLE {1} \
#    CONFIG.PCW_SD0_SD0_IO {MIO 40 .. 45} \
#    CONFIG.PCW_SDIO_PERIPHERAL_DIVISOR0 {20} \
#    CONFIG.PCW_SDIO_PERIPHERAL_FREQMHZ {50} \
#    CONFIG.PCW_SDIO_PERIPHERAL_VALID {1} \
#    CONFIG.PCW_SINGLE_QSPI_DATA_MODE {x4} \
#    CONFIG.PCW_SMC_PERIPHERAL_DIVISOR0 {1} \
#    CONFIG.PCW_SPI_PERIPHERAL_DIVISOR0 {1} \
#    CONFIG.PCW_TPIU_PERIPHERAL_DIVISOR0 {1} \
#    CONFIG.PCW_TTC0_CLK0_PERIPHERAL_FREQMHZ {133.333333} \
#    CONFIG.PCW_TTC0_CLK1_PERIPHERAL_FREQMHZ {133.333333} \
#    CONFIG.PCW_TTC0_CLK2_PERIPHERAL_FREQMHZ {133.333333} \
#    CONFIG.PCW_TTC0_PERIPHERAL_ENABLE {0} \
#    CONFIG.PCW_TTC0_TTC0_IO {<Select>} \
#    CONFIG.PCW_TTC_PERIPHERAL_FREQMHZ {50} \
#    CONFIG.PCW_UART1_GRP_FULL_ENABLE {0} \
#    CONFIG.PCW_UART1_PERIPHERAL_ENABLE {1} \
#    CONFIG.PCW_UART1_UART1_IO {MIO 48 .. 49} \
#    CONFIG.PCW_UART_PERIPHERAL_DIVISOR0 {20} \
#    CONFIG.PCW_UART_PERIPHERAL_FREQMHZ {50} \
#    CONFIG.PCW_UART_PERIPHERAL_VALID {1} \
#    CONFIG.PCW_UIPARAM_ACT_DDR_FREQ_MHZ {533.333374} \
#    CONFIG.PCW_UIPARAM_DDR_BANK_ADDR_COUNT {3} \
#    CONFIG.PCW_UIPARAM_DDR_BL {8} \
#    CONFIG.PCW_UIPARAM_DDR_BOARD_DELAY0 {0.41} \
#    CONFIG.PCW_UIPARAM_DDR_BOARD_DELAY1 {0.411} \
#    CONFIG.PCW_UIPARAM_DDR_BOARD_DELAY2 {0.341} \
#    CONFIG.PCW_UIPARAM_DDR_BOARD_DELAY3 {0.358} \
#    CONFIG.PCW_UIPARAM_DDR_CL {7} \
#    CONFIG.PCW_UIPARAM_DDR_COL_ADDR_COUNT {10} \
#    CONFIG.PCW_UIPARAM_DDR_CWL {6} \
#    CONFIG.PCW_UIPARAM_DDR_DEVICE_CAPACITY {2048 MBits} \
#    CONFIG.PCW_UIPARAM_DDR_DQS_TO_CLK_DELAY_0 {0.025} \
#    CONFIG.PCW_UIPARAM_DDR_DQS_TO_CLK_DELAY_1 {0.028} \
#    CONFIG.PCW_UIPARAM_DDR_DQS_TO_CLK_DELAY_2 {0.001} \
#    CONFIG.PCW_UIPARAM_DDR_DQS_TO_CLK_DELAY_3 {0.001} \
#    CONFIG.PCW_UIPARAM_DDR_DRAM_WIDTH {16 Bits} \
#    CONFIG.PCW_UIPARAM_DDR_FREQ_MHZ {533.333313} \
#    CONFIG.PCW_UIPARAM_DDR_MEMORY_TYPE {DDR 3} \
#    CONFIG.PCW_UIPARAM_DDR_PARTNO {MT41J128M16 HA-15E} \
#    CONFIG.PCW_UIPARAM_DDR_ROW_ADDR_COUNT {14} \
#    CONFIG.PCW_UIPARAM_DDR_SPEED_BIN {DDR3_1066F} \
#    CONFIG.PCW_UIPARAM_DDR_TRAIN_DATA_EYE {1} \
#    CONFIG.PCW_UIPARAM_DDR_TRAIN_READ_GATE {1} \
#    CONFIG.PCW_UIPARAM_DDR_TRAIN_WRITE_LEVEL {1} \
#    CONFIG.PCW_UIPARAM_DDR_T_FAW {45.0} \
#    CONFIG.PCW_UIPARAM_DDR_T_RAS_MIN {36.0} \
#    CONFIG.PCW_UIPARAM_DDR_T_RC {49.5} \
#    CONFIG.PCW_UIPARAM_DDR_T_RCD {7} \
#    CONFIG.PCW_UIPARAM_DDR_T_RP {7} \
#    CONFIG.PCW_UIPARAM_DDR_USE_INTERNAL_VREF {1} \
#    CONFIG.PCW_USB0_PERIPHERAL_ENABLE {0} \
#    CONFIG.PCW_USB0_PERIPHERAL_FREQMHZ {60} \
#    CONFIG.PCW_USB0_RESET_ENABLE {0} \
#    CONFIG.PCW_USB0_USB0_IO {<Select>} \
#    CONFIG.PCW_USB1_RESET_ENABLE {0} \
#    CONFIG.PCW_USB_RESET_ENABLE {1} \
#    CONFIG.PCW_USB_RESET_SELECT {<Select>} \
#    CONFIG.preset {ZedBoard} \
#  ] $processing_system7_0
# 
#   # Create instance: ps7_0_axi_periph, and set properties
#   set ps7_0_axi_periph [ create_bd_cell -type ip -vlnv xilinx.com:ip:axi_interconnect:2.1 ps7_0_axi_periph ]
#   set_property -dict [ list \
#    CONFIG.NUM_MI {1} \
#  ] $ps7_0_axi_periph
# 
#   # Create instance: rst_ps7_0_100M, and set properties
#   set rst_ps7_0_100M [ create_bd_cell -type ip -vlnv xilinx.com:ip:proc_sys_reset:5.0 rst_ps7_0_100M ]
# 
#   # Create interface connections
#   connect_bd_intf_net -intf_net processing_system7_0_DDR [get_bd_intf_ports DDR] [get_bd_intf_pins processing_system7_0/DDR]
#   connect_bd_intf_net -intf_net processing_system7_0_FIXED_IO [get_bd_intf_ports FIXED_IO] [get_bd_intf_pins processing_system7_0/FIXED_IO]
#   connect_bd_intf_net -intf_net processing_system7_0_M_AXI_GP0 [get_bd_intf_pins processing_system7_0/M_AXI_GP0] [get_bd_intf_pins ps7_0_axi_periph/S00_AXI]
#   connect_bd_intf_net -intf_net ps7_0_axi_periph_M00_AXI [get_bd_intf_pins axi_fifo_mm_s_0/S_AXI] [get_bd_intf_pins ps7_0_axi_periph/M00_AXI]
# 
#   # Create port connections
#   connect_bd_net -net processing_system7_0_FCLK_CLK0 [get_bd_pins axi_fifo_mm_s_0/s_axi_aclk] [get_bd_pins processing_system7_0/FCLK_CLK0] [get_bd_pins processing_system7_0/M_AXI_GP0_ACLK] [get_bd_pins ps7_0_axi_periph/ACLK] [get_bd_pins ps7_0_axi_periph/M00_ACLK] [get_bd_pins ps7_0_axi_periph/S00_ACLK] [get_bd_pins rst_ps7_0_100M/slowest_sync_clk]
#   connect_bd_net -net processing_system7_0_FCLK_RESET0_N [get_bd_pins processing_system7_0/FCLK_RESET0_N] [get_bd_pins rst_ps7_0_100M/ext_reset_in]
#   connect_bd_net -net rst_ps7_0_100M_peripheral_aresetn [get_bd_pins axi_fifo_mm_s_0/s_axi_aresetn] [get_bd_pins ps7_0_axi_periph/ARESETN] [get_bd_pins ps7_0_axi_periph/M00_ARESETN] [get_bd_pins ps7_0_axi_periph/S00_ARESETN] [get_bd_pins rst_ps7_0_100M/peripheral_aresetn]
# 
#   # Create address segments
#   assign_bd_address -offset 0x43C00000 -range 0x00010000 -target_address_space [get_bd_addr_spaces processing_system7_0/Data] [get_bd_addr_segs axi_fifo_mm_s_0/S_AXI/Mem0] -force
# 
#   # Perform GUI Layout
#   regenerate_bd_layout -layout_string {
#    "ActiveEmotionalView":"Default View",
#    "Default View_ScaleFactor":"0.943038",
#    "Default View_TopLeft":"0,-134",
#    "ExpandedHierarchyInLayout":"",
#    "guistr":"# # String gsaved with Nlview 7.0r4  2019-12-20 bk=1.5203 VDI=41 GEI=36 GUI=JA:9.0 TLS
# #  -string -flagsOSRD
# preplace port DDR -pg 1 -lvl 4 -x 1150 -y 260 -defaultsOSRD
# preplace port FIXED_IO -pg 1 -lvl 4 -x 1150 -y 280 -defaultsOSRD
# preplace inst processing_system7_0 -pg 1 -lvl 1 -x 230 -y 300 -defaultsOSRD
# preplace inst axi_fifo_mm_s_0 -pg 1 -lvl 3 -x 950 -y 150 -defaultsOSRD
# preplace inst ps7_0_axi_periph -pg 1 -lvl 2 -x 610 -y 120 -defaultsOSRD
# preplace inst rst_ps7_0_100M -pg 1 -lvl 1 -x 230 -y 120 -defaultsOSRD
# preplace netloc processing_system7_0_FCLK_CLK0 1 0 3 20 10 450 240 760J
# preplace netloc processing_system7_0_FCLK_RESET0_N 1 0 2 30 20 430
# preplace netloc rst_ps7_0_100M_peripheral_aresetn 1 1 2 440 250 770J
# preplace netloc ps7_0_axi_periph_M00_AXI 1 2 1 N 120
# preplace netloc processing_system7_0_DDR 1 1 3 NJ 260 NJ 260 NJ
# preplace netloc processing_system7_0_FIXED_IO 1 1 3 NJ 280 NJ 280 NJ
# preplace netloc processing_system7_0_M_AXI_GP0 1 1 1 460 60n
# levelinfo -pg 1 0 230 610 950 1150
# pagesize -pg 1 -db -bbox -sgen 0 0 1270 400
# "
# }
# 
#   # Restore current instance
#   current_bd_instance $oldCurInst
# 
#   save_bd_design
# common::send_gid_msg -ssname BD::TCL -id 2050 -severity "WARNING" "This Tcl script was generated from a block design that has not been validated. It is possible that design <$design_name> may result in errors during validation."
# 
#   close_bd_design $design_name 
# }
# cr_bd_staged_mac_bd ""
INFO: [BD::TCL 103-2010] Currently there is no design <staged_mac_bd> in project, so creating one...
Wrote  : </home/zachdixo/cpre-487/lab03/CPRE-487-Lab03/cpre487-587-lab3-main/simple_interface/vivado/simple_interface/simple_interface.srcs/sources_1/bd/staged_mac_bd/staged_mac_bd.bd> 
create_bd_design: Time (s): cpu = 00:00:07 ; elapsed = 00:00:08 . Memory (MB): peak = 7232.504 ; gain = 27.711 ; free physical = 6073 ; free virtual = 17537
INFO: [BD::TCL 103-2011] Checking if the following IPs exist in the project's IP catalog:  
  xilinx.com:ip:axi_fifo_mm_s:4.2 xilinx.com:ip:processing_system7:5.5 xilinx.com:ip:proc_sys_reset:5.0  .
WARNING: [BD 41-176] The physical port 'S_AXI_GP2_rd_socket' specified in the portmap, is not found on the block! 
WARNING: [BD 41-176] The physical port 'S_AXI_GP2_wr_socket' specified in the portmap, is not found on the block! 
WARNING: [BD 41-176] The physical port 'S_AXI_GP3_rd_socket' specified in the portmap, is not found on the block! 
WARNING: [BD 41-176] The physical port 'S_AXI_GP3_wr_socket' specified in the portmap, is not found on the block! 
WARNING: [PS7-6] The applied preset does not match with zedboard board preset. You may not get expected settings for zedboard board. The ZedBoard preset is designed for ZedBoard board.
WARNING: [BD 41-176] The physical port 'S_AXI_GP2_rd_socket' specified in the portmap, is not found on the block! 
WARNING: [BD 41-176] The physical port 'S_AXI_GP2_wr_socket' specified in the portmap, is not found on the block! 
WARNING: [BD 41-176] The physical port 'S_AXI_GP3_rd_socket' specified in the portmap, is not found on the block! 
WARNING: [BD 41-176] The physical port 'S_AXI_GP3_wr_socket' specified in the portmap, is not found on the block! 
INFO: [Ipptcl 7-1463] No Compatible Board Interface found. Board Tab not created in customize GUI
Slave segment '/axi_fifo_mm_s_0/S_AXI/Mem0' is being assigned into address space '/processing_system7_0/Data' at <0x43C0_0000 [ 64K ]>.
Wrote  : </home/zachdixo/cpre-487/lab03/CPRE-487-Lab03/cpre487-587-lab3-main/simple_interface/vivado/simple_interface/simple_interface.srcs/sources_1/bd/staged_mac_bd/staged_mac_bd.bd> 
Wrote  : </home/zachdixo/cpre-487/lab03/CPRE-487-Lab03/cpre487-587-lab3-main/simple_interface/vivado/simple_interface/simple_interface.srcs/sources_1/bd/staged_mac_bd/ui/bd_65dee2cb.ui> 
WARNING: [BD::TCL 103-2050] This Tcl script was generated from a block design that has not been validated. It is possible that design <staged_mac_bd> may result in errors during validation.
# set_property REGISTERED_WITH_MANAGER "1" [get_files staged_mac_bd.bd ] 
# set_property SYNTH_CHECKPOINT_MODE "Hierarchical" [get_files staged_mac_bd.bd ] 
# if {[string equal [get_runs -quiet synth_1] ""]} {
#     create_run -name synth_1 -part xc7z020clg484-1 -flow {Vivado Synthesis 2020} -strategy "Vivado Synthesis Defaults" -report_strategy {No Reports} -constrset constrs_1
# } else {
#   set_property strategy "Vivado Synthesis Defaults" [get_runs synth_1]
#   set_property flow "Vivado Synthesis 2020" [get_runs synth_1]
# }
# set obj [get_runs synth_1]
# set_property set_report_strategy_name 1 $obj
# set_property report_strategy {Vivado Synthesis Default Reports} $obj
# set_property set_report_strategy_name 0 $obj
# if { [ string equal [get_report_configs -of_objects [get_runs synth_1] synth_1_synth_report_utilization_0] "" ] } {
#   create_report_config -report_name synth_1_synth_report_utilization_0 -report_type report_utilization:1.0 -steps synth_design -runs synth_1
# }
# set obj [get_report_configs -of_objects [get_runs synth_1] synth_1_synth_report_utilization_0]
# if { $obj != "" } {
# 
# }
# set obj [get_runs synth_1]
# set_property -name "needs_refresh" -value "1" -objects $obj
# set_property -name "strategy" -value "Vivado Synthesis Defaults" -objects $obj
# current_run -synthesis [get_runs synth_1]
# if {[string equal [get_runs -quiet impl_1] ""]} {
#     create_run -name impl_1 -part xc7z020clg484-1 -flow {Vivado Implementation 2020} -strategy "Vivado Implementation Defaults" -report_strategy {No Reports} -constrset constrs_1 -parent_run synth_1
# } else {
#   set_property strategy "Vivado Implementation Defaults" [get_runs impl_1]
#   set_property flow "Vivado Implementation 2020" [get_runs impl_1]
# }
# set obj [get_runs impl_1]
# set_property set_report_strategy_name 1 $obj
# set_property report_strategy {Vivado Implementation Default Reports} $obj
# set_property set_report_strategy_name 0 $obj
# if { [ string equal [get_report_configs -of_objects [get_runs impl_1] impl_1_init_report_timing_summary_0] "" ] } {
#   create_report_config -report_name impl_1_init_report_timing_summary_0 -report_type report_timing_summary:1.0 -steps init_design -runs impl_1
# }
# set obj [get_report_configs -of_objects [get_runs impl_1] impl_1_init_report_timing_summary_0]
# if { $obj != "" } {
# set_property -name "is_enabled" -value "0" -objects $obj
# set_property -name "options.max_paths" -value "10" -objects $obj
# 
# }
# if { [ string equal [get_report_configs -of_objects [get_runs impl_1] impl_1_opt_report_drc_0] "" ] } {
#   create_report_config -report_name impl_1_opt_report_drc_0 -report_type report_drc:1.0 -steps opt_design -runs impl_1
# }
# set obj [get_report_configs -of_objects [get_runs impl_1] impl_1_opt_report_drc_0]
# if { $obj != "" } {
# 
# }
# if { [ string equal [get_report_configs -of_objects [get_runs impl_1] impl_1_opt_report_timing_summary_0] "" ] } {
#   create_report_config -report_name impl_1_opt_report_timing_summary_0 -report_type report_timing_summary:1.0 -steps opt_design -runs impl_1
# }
# set obj [get_report_configs -of_objects [get_runs impl_1] impl_1_opt_report_timing_summary_0]
# if { $obj != "" } {
# set_property -name "is_enabled" -value "0" -objects $obj
# set_property -name "options.max_paths" -value "10" -objects $obj
# 
# }
# if { [ string equal [get_report_configs -of_objects [get_runs impl_1] impl_1_power_opt_report_timing_summary_0] "" ] } {
#   create_report_config -report_name impl_1_power_opt_report_timing_summary_0 -report_type report_timing_summary:1.0 -steps power_opt_design -runs impl_1
# }
# set obj [get_report_configs -of_objects [get_runs impl_1] impl_1_power_opt_report_timing_summary_0]
# if { $obj != "" } {
# set_property -name "is_enabled" -value "0" -objects $obj
# set_property -name "options.max_paths" -value "10" -objects $obj
# 
# }
# if { [ string equal [get_report_configs -of_objects [get_runs impl_1] impl_1_place_report_io_0] "" ] } {
#   create_report_config -report_name impl_1_place_report_io_0 -report_type report_io:1.0 -steps place_design -runs impl_1
# }
# set obj [get_report_configs -of_objects [get_runs impl_1] impl_1_place_report_io_0]
# if { $obj != "" } {
# 
# }
# if { [ string equal [get_report_configs -of_objects [get_runs impl_1] impl_1_place_report_utilization_0] "" ] } {
#   create_report_config -report_name impl_1_place_report_utilization_0 -report_type report_utilization:1.0 -steps place_design -runs impl_1
# }
# set obj [get_report_configs -of_objects [get_runs impl_1] impl_1_place_report_utilization_0]
# if { $obj != "" } {
# 
# }
# if { [ string equal [get_report_configs -of_objects [get_runs impl_1] impl_1_place_report_control_sets_0] "" ] } {
#   create_report_config -report_name impl_1_place_report_control_sets_0 -report_type report_control_sets:1.0 -steps place_design -runs impl_1
# }
# set obj [get_report_configs -of_objects [get_runs impl_1] impl_1_place_report_control_sets_0]
# if { $obj != "" } {
# set_property -name "options.verbose" -value "1" -objects $obj
# 
# }
# if { [ string equal [get_report_configs -of_objects [get_runs impl_1] impl_1_place_report_incremental_reuse_0] "" ] } {
#   create_report_config -report_name impl_1_place_report_incremental_reuse_0 -report_type report_incremental_reuse:1.0 -steps place_design -runs impl_1
# }
# set obj [get_report_configs -of_objects [get_runs impl_1] impl_1_place_report_incremental_reuse_0]
# if { $obj != "" } {
# set_property -name "is_enabled" -value "0" -objects $obj
# 
# }
# if { [ string equal [get_report_configs -of_objects [get_runs impl_1] impl_1_place_report_incremental_reuse_1] "" ] } {
#   create_report_config -report_name impl_1_place_report_incremental_reuse_1 -report_type report_incremental_reuse:1.0 -steps place_design -runs impl_1
# }
# set obj [get_report_configs -of_objects [get_runs impl_1] impl_1_place_report_incremental_reuse_1]
# if { $obj != "" } {
# set_property -name "is_enabled" -value "0" -objects $obj
# 
# }
# if { [ string equal [get_report_configs -of_objects [get_runs impl_1] impl_1_place_report_timing_summary_0] "" ] } {
#   create_report_config -report_name impl_1_place_report_timing_summary_0 -report_type report_timing_summary:1.0 -steps place_design -runs impl_1
# }
# set obj [get_report_configs -of_objects [get_runs impl_1] impl_1_place_report_timing_summary_0]
# if { $obj != "" } {
# set_property -name "is_enabled" -value "0" -objects $obj
# set_property -name "options.max_paths" -value "10" -objects $obj
# 
# }
# if { [ string equal [get_report_configs -of_objects [get_runs impl_1] impl_1_post_place_power_opt_report_timing_summary_0] "" ] } {
#   create_report_config -report_name impl_1_post_place_power_opt_report_timing_summary_0 -report_type report_timing_summary:1.0 -steps post_place_power_opt_design -runs impl_1
# }
# set obj [get_report_configs -of_objects [get_runs impl_1] impl_1_post_place_power_opt_report_timing_summary_0]
# if { $obj != "" } {
# set_property -name "is_enabled" -value "0" -objects $obj
# set_property -name "options.max_paths" -value "10" -objects $obj
# 
# }
# if { [ string equal [get_report_configs -of_objects [get_runs impl_1] impl_1_phys_opt_report_timing_summary_0] "" ] } {
#   create_report_config -report_name impl_1_phys_opt_report_timing_summary_0 -report_type report_timing_summary:1.0 -steps phys_opt_design -runs impl_1
# }
# set obj [get_report_configs -of_objects [get_runs impl_1] impl_1_phys_opt_report_timing_summary_0]
# if { $obj != "" } {
# set_property -name "is_enabled" -value "0" -objects $obj
# set_property -name "options.max_paths" -value "10" -objects $obj
# 
# }
# if { [ string equal [get_report_configs -of_objects [get_runs impl_1] impl_1_route_report_drc_0] "" ] } {
#   create_report_config -report_name impl_1_route_report_drc_0 -report_type report_drc:1.0 -steps route_design -runs impl_1
# }
# set obj [get_report_configs -of_objects [get_runs impl_1] impl_1_route_report_drc_0]
# if { $obj != "" } {
# 
# }
# if { [ string equal [get_report_configs -of_objects [get_runs impl_1] impl_1_route_report_methodology_0] "" ] } {
#   create_report_config -report_name impl_1_route_report_methodology_0 -report_type report_methodology:1.0 -steps route_design -runs impl_1
# }
# set obj [get_report_configs -of_objects [get_runs impl_1] impl_1_route_report_methodology_0]
# if { $obj != "" } {
# 
# }
# if { [ string equal [get_report_configs -of_objects [get_runs impl_1] impl_1_route_report_power_0] "" ] } {
#   create_report_config -report_name impl_1_route_report_power_0 -report_type report_power:1.0 -steps route_design -runs impl_1
# }
# set obj [get_report_configs -of_objects [get_runs impl_1] impl_1_route_report_power_0]
# if { $obj != "" } {
# 
# }
# if { [ string equal [get_report_configs -of_objects [get_runs impl_1] impl_1_route_report_route_status_0] "" ] } {
#   create_report_config -report_name impl_1_route_report_route_status_0 -report_type report_route_status:1.0 -steps route_design -runs impl_1
# }
# set obj [get_report_configs -of_objects [get_runs impl_1] impl_1_route_report_route_status_0]
# if { $obj != "" } {
# 
# }
# if { [ string equal [get_report_configs -of_objects [get_runs impl_1] impl_1_route_report_timing_summary_0] "" ] } {
#   create_report_config -report_name impl_1_route_report_timing_summary_0 -report_type report_timing_summary:1.0 -steps route_design -runs impl_1
# }
# set obj [get_report_configs -of_objects [get_runs impl_1] impl_1_route_report_timing_summary_0]
# if { $obj != "" } {
# set_property -name "options.max_paths" -value "10" -objects $obj
# 
# }
# if { [ string equal [get_report_configs -of_objects [get_runs impl_1] impl_1_route_report_incremental_reuse_0] "" ] } {
#   create_report_config -report_name impl_1_route_report_incremental_reuse_0 -report_type report_incremental_reuse:1.0 -steps route_design -runs impl_1
# }
# set obj [get_report_configs -of_objects [get_runs impl_1] impl_1_route_report_incremental_reuse_0]
# if { $obj != "" } {
# 
# }
# if { [ string equal [get_report_configs -of_objects [get_runs impl_1] impl_1_route_report_clock_utilization_0] "" ] } {
#   create_report_config -report_name impl_1_route_report_clock_utilization_0 -report_type report_clock_utilization:1.0 -steps route_design -runs impl_1
# }
# set obj [get_report_configs -of_objects [get_runs impl_1] impl_1_route_report_clock_utilization_0]
# if { $obj != "" } {
# 
# }
# if { [ string equal [get_report_configs -of_objects [get_runs impl_1] impl_1_route_report_bus_skew_0] "" ] } {
#   create_report_config -report_name impl_1_route_report_bus_skew_0 -report_type report_bus_skew:1.1 -steps route_design -runs impl_1
# }
# set obj [get_report_configs -of_objects [get_runs impl_1] impl_1_route_report_bus_skew_0]
# if { $obj != "" } {
# set_property -name "options.warn_on_violation" -value "1" -objects $obj
# 
# }
# if { [ string equal [get_report_configs -of_objects [get_runs impl_1] impl_1_post_route_phys_opt_report_timing_summary_0] "" ] } {
#   create_report_config -report_name impl_1_post_route_phys_opt_report_timing_summary_0 -report_type report_timing_summary:1.0 -steps post_route_phys_opt_design -runs impl_1
# }
# set obj [get_report_configs -of_objects [get_runs impl_1] impl_1_post_route_phys_opt_report_timing_summary_0]
# if { $obj != "" } {
# set_property -name "options.max_paths" -value "10" -objects $obj
# set_property -name "options.warn_on_violation" -value "1" -objects $obj
# 
# }
# if { [ string equal [get_report_configs -of_objects [get_runs impl_1] impl_1_post_route_phys_opt_report_bus_skew_0] "" ] } {
#   create_report_config -report_name impl_1_post_route_phys_opt_report_bus_skew_0 -report_type report_bus_skew:1.1 -steps post_route_phys_opt_design -runs impl_1
# }
# set obj [get_report_configs -of_objects [get_runs impl_1] impl_1_post_route_phys_opt_report_bus_skew_0]
# if { $obj != "" } {
# set_property -name "options.warn_on_violation" -value "1" -objects $obj
# 
# }
# set obj [get_runs impl_1]
# set_property -name "needs_refresh" -value "1" -objects $obj
# set_property -name "strategy" -value "Vivado Implementation Defaults" -objects $obj
# set_property -name "steps.write_bitstream.args.readback_file" -value "0" -objects $obj
# set_property -name "steps.write_bitstream.args.verbose" -value "0" -objects $obj
# current_run -implementation [get_runs impl_1]
# puts "INFO: Project created:${_xil_proj_name_}"
INFO: Project created:simple_interface
# if {[string equal [get_dashboard_gadgets  [ list "drc_1" ] ] ""]} {
# create_dashboard_gadget -name {drc_1} -type drc
# }
# set obj [get_dashboard_gadgets [ list "drc_1" ] ]
# set_property -name "reports" -value "impl_1#impl_1_route_report_drc_0" -objects $obj
# if {[string equal [get_dashboard_gadgets  [ list "methodology_1" ] ] ""]} {
# create_dashboard_gadget -name {methodology_1} -type methodology
# }
# set obj [get_dashboard_gadgets [ list "methodology_1" ] ]
# set_property -name "reports" -value "impl_1#impl_1_route_report_methodology_0" -objects $obj
# if {[string equal [get_dashboard_gadgets  [ list "power_1" ] ] ""]} {
# create_dashboard_gadget -name {power_1} -type power
# }
# set obj [get_dashboard_gadgets [ list "power_1" ] ]
# set_property -name "reports" -value "impl_1#impl_1_route_report_power_0" -objects $obj
# if {[string equal [get_dashboard_gadgets  [ list "timing_1" ] ] ""]} {
# create_dashboard_gadget -name {timing_1} -type timing
# }
# set obj [get_dashboard_gadgets [ list "timing_1" ] ]
# set_property -name "reports" -value "impl_1#impl_1_route_report_timing_summary_0" -objects $obj
# if {[string equal [get_dashboard_gadgets  [ list "utilization_1" ] ] ""]} {
# create_dashboard_gadget -name {utilization_1} -type utilization
# }
# set obj [get_dashboard_gadgets [ list "utilization_1" ] ]
# set_property -name "reports" -value "synth_1#synth_1_synth_report_utilization_0" -objects $obj
# set_property -name "run.step" -value "synth_design" -objects $obj
# set_property -name "run.type" -value "synthesis" -objects $obj
# if {[string equal [get_dashboard_gadgets  [ list "utilization_2" ] ] ""]} {
# create_dashboard_gadget -name {utilization_2} -type utilization
# }
# set obj [get_dashboard_gadgets [ list "utilization_2" ] ]
# set_property -name "reports" -value "impl_1#impl_1_place_report_utilization_0" -objects $obj
# move_dashboard_gadget -name {utilization_1} -row 0 -col 0
# move_dashboard_gadget -name {power_1} -row 1 -col 0
# move_dashboard_gadget -name {drc_1} -row 2 -col 0
# move_dashboard_gadget -name {timing_1} -row 0 -col 1
# move_dashboard_gadget -name {utilization_2} -row 1 -col 1
# move_dashboard_gadget -name {methodology_1} -row 2 -col 1
update_compile_order -fileset sources_1
open_bd_design {/home/zachdixo/cpre-487/lab03/CPRE-487-Lab03/cpre487-587-lab3-main/simple_interface/vivado/simple_interface/simple_interface.srcs/sources_1/bd/staged_mac_bd/staged_mac_bd.bd}
Adding component instance block -- xilinx.com:ip:axi_fifo_mm_s:4.2 - axi_fifo_mm_s_0
Adding component instance block -- xilinx.com:ip:processing_system7:5.5 - processing_system7_0
WARNING: [BD 41-176] The physical port 'S_AXI_GP2_rd_socket' specified in the portmap, is not found on the block! 
WARNING: [BD 41-176] The physical port 'S_AXI_GP2_wr_socket' specified in the portmap, is not found on the block! 
WARNING: [BD 41-176] The physical port 'S_AXI_GP3_rd_socket' specified in the portmap, is not found on the block! 
WARNING: [BD 41-176] The physical port 'S_AXI_GP3_wr_socket' specified in the portmap, is not found on the block! 
Adding component instance block -- xilinx.com:ip:axi_interconnect:2.1 - ps7_0_axi_periph
Adding component instance block -- xilinx.com:ip:proc_sys_reset:5.0 - rst_ps7_0_100M
Successfully read diagram <staged_mac_bd> from BD file </home/zachdixo/cpre-487/lab03/CPRE-487-Lab03/cpre487-587-lab3-main/simple_interface/vivado/simple_interface/simple_interface.srcs/sources_1/bd/staged_mac_bd/staged_mac_bd.bd>
add_files -norecurse /home/zachdixo/cpre-487/lab03/CPRE-487-Lab03/cpre487-587-lab3-main/staged_mac/hdl/staged_mac.vhd
update_compile_order -fileset sources_1
create_bd_cell -type module -reference staged_mac staged_mac_0
INFO: [IP_Flow 19-5107] Inferred bus interface 'MO_AXIS' of definition 'xilinx.com:interface:axis:1.0' (from Xilinx Repository).
INFO: [IP_Flow 19-5107] Inferred bus interface 'SD_AXIS' of definition 'xilinx.com:interface:axis:1.0' (from Xilinx Repository).
INFO: [IP_Flow 19-5107] Inferred bus interface 'ARESETN' of definition 'xilinx.com:signal:reset:1.0' (from Xilinx Repository).
INFO: [IP_Flow 19-5107] Inferred bus interface 'ACLK' of definition 'xilinx.com:signal:clock:1.0' (from Xilinx Repository).
INFO: [IP_Flow 19-4728] Bus Interface 'ARESETN': Added interface parameter 'POLARITY' with value 'ACTIVE_LOW'.
INFO: [IP_Flow 19-4728] Bus Interface 'ACLK': Added interface parameter 'ASSOCIATED_BUSIF' with value 'MO_AXIS'.
INFO: [IP_Flow 19-4728] Bus Interface 'ACLK': Added interface parameter 'ASSOCIATED_RESET' with value 'ARESETN'.
INFO: [IP_Flow 19-234] Refreshing IP repositories
INFO: [IP_Flow 19-1704] No user IP repositories specified
set_property location {1 233 -128} [get_bd_cells staged_mac_0]
set_property location {1 286 -134} [get_bd_cells staged_mac_0]
create_bd_cell -type ip -vlnv xilinx.com:ip:axis_subset_converter:1.1 axis_subset_converter_0
set_property location {2 606 -201} [get_bd_cells axis_subset_converter_0]
set_property location {2 601 -87} [get_bd_cells axis_subset_converter_0]
set_property -dict [list CONFIG.S_TDATA_NUM_BYTES.VALUE_SRC USER CONFIG.M_TDATA_NUM_BYTES.VALUE_SRC USER] [get_bd_cells axis_subset_converter_0]
set_property -dict [list CONFIG.S_TDATA_NUM_BYTES {4} CONFIG.M_TDATA_NUM_BYTES {2} CONFIG.TDATA_REMAP {tdata[15:0]}] [get_bd_cells axis_subset_converter_0]
undo
INFO: [Common 17-17] undo 'set_property -dict [list CONFIG.S_TDATA_NUM_BYTES {4} CONFIG.M_TDATA_NUM_BYTES {2} CONFIG.TDATA_REMAP {tdata[15:0]}] [get_bd_cells axis_subset_converter_0]'
connect_bd_intf_net [get_bd_intf_pins axi_fifo_mm_s_0/AXI_STR_TXD] [get_bd_intf_pins axis_subset_converter_0/S_AXIS]
connect_bd_intf_net [get_bd_intf_pins axis_subset_converter_0/M_AXIS] [get_bd_intf_pins staged_mac_0/SD_AXIS]
connect_bd_intf_net [get_bd_intf_pins staged_mac_0/MO_AXIS] [get_bd_intf_pins axi_fifo_mm_s_0/AXI_STR_RXD]
connect_bd_net [get_bd_pins staged_mac_0/ACLK] [get_bd_pins axis_subset_converter_0/aclk]
connect_bd_net [get_bd_pins staged_mac_0/ARESETN] [get_bd_pins axis_subset_converter_0/aresetn]
startgroup
set_property -dict [list CONFIG.S_TDATA_NUM_BYTES.VALUE_SRC USER] [get_bd_cells axis_subset_converter_0]
set_property -dict [list CONFIG.S_TDATA_NUM_BYTES {4} CONFIG.M_TDATA_NUM_BYTES {2} CONFIG.TDATA_REMAP {tdata[15:0]}] [get_bd_cells axis_subset_converter_0]
endgroup
startgroup
apply_bd_automation -rule xilinx.com:bd_rule:clkrst -config { Clk {/processing_system7_0/FCLK_CLK0 (100 MHz)} Freq {100} Ref_Clk0 {} Ref_Clk1 {} Ref_Clk2 {}}  [get_bd_pins axis_subset_converter_0/aclk]
INFO: [BD 5-455] Automation on '/staged_mac_0/ACLK' will not be run, since it is obsolete due to previously run automations
endgroup
make_wrapper -files [get_files /home/zachdixo/cpre-487/lab03/CPRE-487-Lab03/cpre487-587-lab3-main/simple_interface/vivado/simple_interface/simple_interface.srcs/sources_1/bd/staged_mac_bd/staged_mac_bd.bd] -top
WARNING: [BD 41-176] The physical port 'S_AXI_GP2_rd_socket' specified in the portmap, is not found on the block! 
WARNING: [BD 41-176] The physical port 'S_AXI_GP2_wr_socket' specified in the portmap, is not found on the block! 
WARNING: [BD 41-176] The physical port 'S_AXI_GP3_rd_socket' specified in the portmap, is not found on the block! 
WARNING: [BD 41-176] The physical port 'S_AXI_GP3_wr_socket' specified in the portmap, is not found on the block! 
Wrote  : </home/zachdixo/cpre-487/lab03/CPRE-487-Lab03/cpre487-587-lab3-main/simple_interface/vivado/simple_interface/simple_interface.srcs/sources_1/bd/staged_mac_bd/staged_mac_bd.bd> 
Wrote  : </home/zachdixo/cpre-487/lab03/CPRE-487-Lab03/cpre487-587-lab3-main/simple_interface/vivado/simple_interface/simple_interface.srcs/sources_1/bd/staged_mac_bd/ui/bd_65dee2cb.ui> 
VHDL Output written to : /home/zachdixo/cpre-487/lab03/CPRE-487-Lab03/cpre487-587-lab3-main/simple_interface/vivado/simple_interface/simple_interface.srcs/sources_1/bd/staged_mac_bd/synth/staged_mac_bd.v
VHDL Output written to : /home/zachdixo/cpre-487/lab03/CPRE-487-Lab03/cpre487-587-lab3-main/simple_interface/vivado/simple_interface/simple_interface.srcs/sources_1/bd/staged_mac_bd/sim/staged_mac_bd.v
VHDL Output written to : /home/zachdixo/cpre-487/lab03/CPRE-487-Lab03/cpre487-587-lab3-main/simple_interface/vivado/simple_interface/simple_interface.srcs/sources_1/bd/staged_mac_bd/hdl/staged_mac_bd_wrapper.v
make_wrapper: Time (s): cpu = 00:00:02 ; elapsed = 00:00:08 . Memory (MB): peak = 7391.301 ; gain = 51.742 ; free physical = 4933 ; free virtual = 16671
add_files -norecurse /home/zachdixo/cpre-487/lab03/CPRE-487-Lab03/cpre487-587-lab3-main/simple_interface/vivado/simple_interface/simple_interface.srcs/sources_1/bd/staged_mac_bd/hdl/staged_mac_bd_wrapper.v
update_compile_order -fileset sources_1
update_compile_order -fileset sources_1
launch_runs impl_1 -to_step write_bitstream -jobs 4
INFO: [BD 41-1662] The design 'staged_mac_bd.bd' is already validated. Therefore parameter propagation will not be re-run.
Wrote  : </home/zachdixo/cpre-487/lab03/CPRE-487-Lab03/cpre487-587-lab3-main/simple_interface/vivado/simple_interface/simple_interface.srcs/sources_1/bd/staged_mac_bd/staged_mac_bd.bd> 
Wrote  : </home/zachdixo/cpre-487/lab03/CPRE-487-Lab03/cpre487-587-lab3-main/simple_interface/vivado/simple_interface/simple_interface.srcs/sources_1/bd/staged_mac_bd/ui/bd_65dee2cb.ui> 
VHDL Output written to : /home/zachdixo/cpre-487/lab03/CPRE-487-Lab03/cpre487-587-lab3-main/simple_interface/vivado/simple_interface/simple_interface.srcs/sources_1/bd/staged_mac_bd/synth/staged_mac_bd.v
VHDL Output written to : /home/zachdixo/cpre-487/lab03/CPRE-487-Lab03/cpre487-587-lab3-main/simple_interface/vivado/simple_interface/simple_interface.srcs/sources_1/bd/staged_mac_bd/sim/staged_mac_bd.v
VHDL Output written to : /home/zachdixo/cpre-487/lab03/CPRE-487-Lab03/cpre487-587-lab3-main/simple_interface/vivado/simple_interface/simple_interface.srcs/sources_1/bd/staged_mac_bd/hdl/staged_mac_bd_wrapper.v
INFO: [BD 41-1029] Generation completed for the IP Integrator block axi_fifo_mm_s_0 .
WARNING: [IP_Flow 19-5611] Unable to find an associated reset port for the interface 'M_AXI_GP0'. A default connection has been created.
INFO: [BD 41-1029] Generation completed for the IP Integrator block processing_system7_0 .
INFO: [BD 41-1029] Generation completed for the IP Integrator block rst_ps7_0_100M .
WARNING: [IP_Flow 19-4994] Overwriting existing constraint file '/home/zachdixo/cpre-487/lab03/CPRE-487-Lab03/cpre487-587-lab3-main/simple_interface/vivado/simple_interface/simple_interface.srcs/sources_1/bd/staged_mac_bd/ip/staged_mac_bd_auto_pc_0/staged_mac_bd_auto_pc_0_ooc.xdc'
INFO: [BD 41-1029] Generation completed for the IP Integrator block ps7_0_axi_periph/s00_couplers/auto_pc .
INFO: [BD 41-1029] Generation completed for the IP Integrator block staged_mac_0 .
INFO: [BD 41-1029] Generation completed for the IP Integrator block axis_subset_converter_0 .
Exporting to file /home/zachdixo/cpre-487/lab03/CPRE-487-Lab03/cpre487-587-lab3-main/simple_interface/vivado/simple_interface/simple_interface.srcs/sources_1/bd/staged_mac_bd/hw_handoff/staged_mac_bd.hwh
Generated Block Design Tcl file /home/zachdixo/cpre-487/lab03/CPRE-487-Lab03/cpre487-587-lab3-main/simple_interface/vivado/simple_interface/simple_interface.srcs/sources_1/bd/staged_mac_bd/hw_handoff/staged_mac_bd_bd.tcl
Generated Hardware Definition File /home/zachdixo/cpre-487/lab03/CPRE-487-Lab03/cpre487-587-lab3-main/simple_interface/vivado/simple_interface/simple_interface.srcs/sources_1/bd/staged_mac_bd/synth/staged_mac_bd.hwdef
[Thu Sep 17 22:10:46 2026] Launched staged_mac_bd_auto_pc_0_synth_1, staged_mac_bd_staged_mac_0_0_synth_1, staged_mac_bd_processing_system7_0_0_synth_1, staged_mac_bd_axi_fifo_mm_s_0_0_synth_1, staged_mac_bd_axis_subset_converter_0_0_synth_1, staged_mac_bd_rst_ps7_0_100M_0_synth_1, synth_1...
Run output will be captured here:
staged_mac_bd_auto_pc_0_synth_1: /home/zachdixo/cpre-487/lab03/CPRE-487-Lab03/cpre487-587-lab3-main/simple_interface/vivado/simple_interface/simple_interface.runs/staged_mac_bd_auto_pc_0_synth_1/runme.log
staged_mac_bd_staged_mac_0_0_synth_1: /home/zachdixo/cpre-487/lab03/CPRE-487-Lab03/cpre487-587-lab3-main/simple_interface/vivado/simple_interface/simple_interface.runs/staged_mac_bd_staged_mac_0_0_synth_1/runme.log
staged_mac_bd_processing_system7_0_0_synth_1: /home/zachdixo/cpre-487/lab03/CPRE-487-Lab03/cpre487-587-lab3-main/simple_interface/vivado/simple_interface/simple_interface.runs/staged_mac_bd_processing_system7_0_0_synth_1/runme.log
staged_mac_bd_axi_fifo_mm_s_0_0_synth_1: /home/zachdixo/cpre-487/lab03/CPRE-487-Lab03/cpre487-587-lab3-main/simple_interface/vivado/simple_interface/simple_interface.runs/staged_mac_bd_axi_fifo_mm_s_0_0_synth_1/runme.log
staged_mac_bd_axis_subset_converter_0_0_synth_1: /home/zachdixo/cpre-487/lab03/CPRE-487-Lab03/cpre487-587-lab3-main/simple_interface/vivado/simple_interface/simple_interface.runs/staged_mac_bd_axis_subset_converter_0_0_synth_1/runme.log
staged_mac_bd_rst_ps7_0_100M_0_synth_1: /home/zachdixo/cpre-487/lab03/CPRE-487-Lab03/cpre487-587-lab3-main/simple_interface/vivado/simple_interface/simple_interface.runs/staged_mac_bd_rst_ps7_0_100M_0_synth_1/runme.log
synth_1: /home/zachdixo/cpre-487/lab03/CPRE-487-Lab03/cpre487-587-lab3-main/simple_interface/vivado/simple_interface/simple_interface.runs/synth_1/runme.log
[Thu Sep 17 22:10:47 2026] Launched impl_1...
Run output will be captured here: /home/zachdixo/cpre-487/lab03/CPRE-487-Lab03/cpre487-587-lab3-main/simple_interface/vivado/simple_interface/simple_interface.runs/impl_1/runme.log
launch_runs: Time (s): cpu = 00:00:22 ; elapsed = 00:00:29 . Memory (MB): peak = 7538.875 ; gain = 75.539 ; free physical = 4704 ; free virtual = 16515
open_run impl_1
INFO: [Device 21-403] Loading part xc7z020clg484-1
Netlist sorting complete. Time (s): cpu = 00:00:00.04 ; elapsed = 00:00:00.04 . Memory (MB): peak = 7679.914 ; gain = 0.000 ; free physical = 6305 ; free virtual = 16603
INFO: [Netlist 29-17] Analyzing 220 Unisim elements for replacement
INFO: [Netlist 29-28] Unisim Transformation completed in 0 CPU seconds
INFO: [Project 1-479] Netlist was created with Vivado 2020.1
INFO: [Project 1-570] Preparing netlist for logic optimization
INFO: [Timing 38-478] Restoring timing data from binary archive.
INFO: [Timing 38-479] Binary timing data restore complete.
INFO: [Project 1-856] Restoring constraints from binary archive.
INFO: [Constraints 18-5170] The checkpoint was created with non-default parameter values which do not match the current Vivado settings.  Mismatching parameters are:
  general.maxThreads
INFO: [Project 1-853] Binary constraint restore complete.
Reading XDEF placement.
Reading placer database...
Reading XDEF routing.
Read XDEF File: Time (s): cpu = 00:00:00.19 ; elapsed = 00:00:00.20 . Memory (MB): peak = 8250.559 ; gain = 0.000 ; free physical = 5759 ; free virtual = 16057
Restored from archive | CPU: 0.190000 secs | Memory: 3.153694 MB |
Finished XDEF File Restore: Time (s): cpu = 00:00:00.19 ; elapsed = 00:00:00.20 . Memory (MB): peak = 8250.559 ; gain = 0.000 ; free physical = 5759 ; free virtual = 16057
Netlist sorting complete. Time (s): cpu = 00:00:00 ; elapsed = 00:00:00 . Memory (MB): peak = 8250.559 ; gain = 0.000 ; free physical = 5759 ; free virtual = 16057
INFO: [Project 1-111] Unisim Transformation Summary:
  A total of 72 instances were transformed.
  RAM64M => RAM64M (RAMD64E(x4)): 56 instances
  RAM64X1D => RAM64X1D (RAMD64E(x2)): 16 instances

open_run: Time (s): cpu = 00:00:15 ; elapsed = 00:00:15 . Memory (MB): peak = 8467.547 ; gain = 898.645 ; free physical = 5616 ; free virtual = 15925
set_property pfm_name {} [get_files -all {/home/zachdixo/cpre-487/lab03/CPRE-487-Lab03/cpre487-587-lab3-main/simple_interface/vivado/simple_interface/simple_interface.srcs/sources_1/bd/staged_mac_bd/staged_mac_bd.bd}]
write_hw_platform -fixed -include_bit -force -file /home/zachdixo/cpre-487/lab03/CPRE-487-Lab03/cpre487-587-lab3-main/simple_interface/vivado/simple_interface/staged_mac_bd_wrapper.xsa
INFO: [Vivado 12-4895] Creating Hardware Platform: /home/zachdixo/cpre-487/lab03/CPRE-487-Lab03/cpre487-587-lab3-main/simple_interface/vivado/simple_interface/staged_mac_bd_wrapper.xsa ...
INFO: [Hsi 55-2053] elapsed time for repository (/remote/Xilinx/2020.1/Vivado/2020.1/data/embeddedsw) loading 1 seconds
INFO: [Vivado 12-4896] Successfully created Hardware Platform: /home/zachdixo/cpre-487/lab03/CPRE-487-Lab03/cpre487-587-lab3-main/simple_interface/vivado/simple_interface/staged_mac_bd_wrapper.xsa
write_hw_platform: Time (s): cpu = 00:00:05 ; elapsed = 00:00:07 . Memory (MB): peak = 8467.547 ; gain = 0.000 ; free physical = 4979 ; free virtual = 15441
exit
INFO: [Common 17-206] Exiting Vivado at Thu Sep 17 22:44:47 2026...
