Copyright 1986-2020 Xilinx, Inc. All Rights Reserved.
-----------------------------------------------------------------------------------------------------------------------------------------------------------------------------------------------------
| Tool Version : Vivado v.2020.1 (lin64) Build 2902540 Wed May 27 19:54:35 MDT 2020
| Date         : Wed Sep 23 14:14:51 2026
| Host         : linuxvdi-f26-12.ece.iastate.edu running 64-bit unknown
| Command      : report_timing_summary -max_paths 10 -file staged_mac_timing_summary_routed.rpt -pb staged_mac_timing_summary_routed.pb -rpx staged_mac_timing_summary_routed.rpx -warn_on_violation
| Design       : staged_mac
| Device       : 7z020-clg484
| Speed File   : -1  PRODUCTION 1.12 2019-11-22
-----------------------------------------------------------------------------------------------------------------------------------------------------------------------------------------------------

Timing Summary Report

------------------------------------------------------------------------------------------------
| Timer Settings
| --------------
------------------------------------------------------------------------------------------------

  Enable Multi Corner Analysis               :  Yes
  Enable Pessimism Removal                   :  Yes
  Pessimism Removal Resolution               :  Nearest Common Node
  Enable Input Delay Default Clock           :  No
  Enable Preset / Clear Arcs                 :  No
  Disable Flight Delays                      :  No
  Ignore I/O Paths                           :  No
  Timing Early Launch at Borrowing Latches   :  No
  Borrow Time for Max Delay Exceptions       :  Yes
  Merge Timing Exceptions                    :  Yes

  Corner  Analyze    Analyze    
  Name    Max Paths  Min Paths  
  ------  ---------  ---------  
  Slow    Yes        Yes        
  Fast    Yes        Yes        



check_timing report

Table of Contents
-----------------
1. checking no_clock (0)
2. checking constant_clock (0)
3. checking pulse_width_clock (0)
4. checking unconstrained_internal_endpoints (0)
5. checking no_input_delay (29)
6. checking no_output_delay (42)
7. checking multiple_clock (0)
8. checking generated_clocks (0)
9. checking loops (0)
10. checking partial_input_delay (0)
11. checking partial_output_delay (0)
12. checking latch_loops (0)

1. checking no_clock (0)
------------------------
 There are 0 register/latch pins with no clock.


2. checking constant_clock (0)
------------------------------
 There are 0 register/latch pins with constant_clock.


3. checking pulse_width_clock (0)
---------------------------------
 There are 0 register/latch pins which need pulse_width check


4. checking unconstrained_internal_endpoints (0)
------------------------------------------------
 There are 0 pins that are not constrained for maximum delay.

 There are 0 pins that are not constrained for maximum delay due to constant clock.


5. checking no_input_delay (29)
-------------------------------
 There are 29 input ports with no input delay specified. (HIGH)

 There are 0 input ports with no input delay but user has a false path constraint.


6. checking no_output_delay (42)
--------------------------------
 There are 42 ports with no output delay specified. (HIGH)

 There are 0 ports with no output delay but user has a false path constraint

 There are 0 ports with no output delay but with a timing clock defined on it or propagating through it


7. checking multiple_clock (0)
------------------------------
 There are 0 register/latch pins with multiple clocks.


8. checking generated_clocks (0)
--------------------------------
 There are 0 generated clocks that are not connected to a clock source.


9. checking loops (0)
---------------------
 There are 0 combinational loops in the design.


10. checking partial_input_delay (0)
------------------------------------
 There are 0 input ports with partial input delay specified.


11. checking partial_output_delay (0)
-------------------------------------
 There are 0 ports with partial output delay specified.


12. checking latch_loops (0)
----------------------------
 There are 0 combinational latch loops in the design through latch input



------------------------------------------------------------------------------------------------
| Design Timing Summary
| ---------------------
------------------------------------------------------------------------------------------------

    WNS(ns)      TNS(ns)  TNS Failing Endpoints  TNS Total Endpoints      WHS(ns)      THS(ns)  THS Failing Endpoints  THS Total Endpoints     WPWS(ns)     TPWS(ns)  TPWS Failing Endpoints  TPWS Total Endpoints  
    -------      -------  ---------------------  -------------------      -------      -------  ---------------------  -------------------     --------     --------  ----------------------  --------------------  
      0.834        0.000                      0                   73        0.291        0.000                      0                   73       -0.450      -18.450                      41                    42  


Timing constraints are not met.


------------------------------------------------------------------------------------------------
| Clock Summary
| -------------
------------------------------------------------------------------------------------------------

Clock  Waveform(ns)         Period(ns)      Frequency(MHz)
-----  ------------         ----------      --------------
main   {0.000 0.050}        5.000           200.000         


------------------------------------------------------------------------------------------------
| Intra Clock Table
| -----------------
------------------------------------------------------------------------------------------------

Clock             WNS(ns)      TNS(ns)  TNS Failing Endpoints  TNS Total Endpoints      WHS(ns)      THS(ns)  THS Failing Endpoints  THS Total Endpoints     WPWS(ns)     TPWS(ns)  TPWS Failing Endpoints  TPWS Total Endpoints  
-----             -------      -------  ---------------------  -------------------      -------      -------  ---------------------  -------------------     --------     --------  ----------------------  --------------------  
main                0.834        0.000                      0                   73        0.291        0.000                      0                   73       -0.450      -18.450                      41                    42  


------------------------------------------------------------------------------------------------
| Inter Clock Table
| -----------------
------------------------------------------------------------------------------------------------

From Clock    To Clock          WNS(ns)      TNS(ns)  TNS Failing Endpoints  TNS Total Endpoints      WHS(ns)      THS(ns)  THS Failing Endpoints  THS Total Endpoints  
----------    --------          -------      -------  ---------------------  -------------------      -------      -------  ---------------------  -------------------  


------------------------------------------------------------------------------------------------
| Other Path Groups Table
| -----------------------
------------------------------------------------------------------------------------------------

Path Group    From Clock    To Clock          WNS(ns)      TNS(ns)  TNS Failing Endpoints  TNS Total Endpoints      WHS(ns)      THS(ns)  THS Failing Endpoints  THS Total Endpoints  
----------    ----------    --------          -------      -------  ---------------------  -------------------      -------      -------  ---------------------  -------------------  


------------------------------------------------------------------------------------------------
| Timing Details
| --------------
------------------------------------------------------------------------------------------------


---------------------------------------------------------------------------------------------------
From Clock:  main
  To Clock:  main

Setup :            0  Failing Endpoints,  Worst Slack        0.834ns,  Total Violation        0.000ns
Hold  :            0  Failing Endpoints,  Worst Slack        0.291ns,  Total Violation        0.000ns
PW    :           41  Failing Endpoints,  Worst Slack       -0.450ns,  Total Violation      -18.450ns
---------------------------------------------------------------------------------------------------


Max Delay Paths
--------------------------------------------------------------------------------------
Slack (MET) :             0.834ns  (required time - arrival time)
  Source:                 state_reg/C
                            (rising edge-triggered cell FDRE clocked by main  {rise@0.000ns fall@0.050ns period=5.000ns})
  Destination:            acc_reg[5]/D
                            (rising edge-triggered cell FDRE clocked by main  {rise@0.000ns fall@0.050ns period=5.000ns})
  Path Group:             main
  Path Type:              Setup (Max at Slow Process Corner)
  Requirement:            5.000ns  (main rise@5.000ns - main rise@0.000ns)
  Data Path Delay:        3.778ns  (logic 0.610ns (16.145%)  route 3.168ns (83.855%))
  Logic Levels:           1  (LUT4=1)
  Clock Path Skew:        -0.068ns (DCD - SCD + CPR)
    Destination Clock Delay (DCD):    4.599ns = ( 9.599 - 5.000 ) 
    Source Clock Delay      (SCD):    5.124ns
    Clock Pessimism Removal (CPR):    0.457ns
  Clock Uncertainty:      0.035ns  ((TSJ^2 + TIJ^2)^1/2 + DJ) / 2 + PE
    Total System Jitter     (TSJ):    0.071ns
    Total Input Jitter      (TIJ):    0.000ns
    Discrete Jitter          (DJ):    0.000ns
    Phase Error              (PE):    0.000ns

    Location             Delay type                Incr(ns)  Path(ns)    Netlist Resource(s)
  -------------------------------------------------------------------    -------------------
                         (clock main rise edge)       0.000     0.000 r  
    K19                                               0.000     0.000 r  ACLK (IN)
                         net (fo=0)                   0.000     0.000    ACLK
    K19                  IBUF (Prop_ibuf_I_O)         0.938     0.938 r  ACLK_IBUF_inst/O
                         net (fo=1, routed)           2.205     3.143    ACLK_IBUF
    BUFGCTRL_X0Y16       BUFG (Prop_bufg_I_O)         0.101     3.244 r  ACLK_IBUF_BUFG_inst/O
                         net (fo=41, routed)          1.880     5.124    ACLK_IBUF_BUFG
    SLICE_X113Y40        FDRE                                         r  state_reg/C
  -------------------------------------------------------------------    -------------------
    SLICE_X113Y40        FDRE (Prop_fdre_C_Q)         0.456     5.580 f  state_reg/Q
                         net (fo=37, routed)          2.693     8.273    MO_AXIS_TVALID_OBUF
    SLICE_X111Y13        LUT4 (Prop_lut4_I3_O)        0.154     8.427 r  acc[5]_i_1/O
                         net (fo=1, routed)           0.475     8.902    acc[5]_i_1_n_0
    SLICE_X111Y14        FDRE                                         r  acc_reg[5]/D
  -------------------------------------------------------------------    -------------------

                         (clock main rise edge)       5.000     5.000 r  
    K19                                               0.000     5.000 r  ACLK (IN)
                         net (fo=0)                   0.000     5.000    ACLK
    K19                  IBUF (Prop_ibuf_I_O)         0.804     5.804 r  ACLK_IBUF_inst/O
                         net (fo=1, routed)           2.006     7.810    ACLK_IBUF
    BUFGCTRL_X0Y16       BUFG (Prop_bufg_I_O)         0.091     7.901 r  ACLK_IBUF_BUFG_inst/O
                         net (fo=41, routed)          1.697     9.599    ACLK_IBUF_BUFG
    SLICE_X111Y14        FDRE                                         r  acc_reg[5]/C
                         clock pessimism              0.457    10.056    
                         clock uncertainty           -0.035    10.020    
    SLICE_X111Y14        FDRE (Setup_fdre_C_D)       -0.284     9.736    acc_reg[5]
  -------------------------------------------------------------------
                         required time                          9.736    
                         arrival time                          -8.902    
  -------------------------------------------------------------------
                         slack                                  0.834    

Slack (MET) :             1.111ns  (required time - arrival time)
  Source:                 state_reg/C
                            (rising edge-triggered cell FDRE clocked by main  {rise@0.000ns fall@0.050ns period=5.000ns})
  Destination:            acc_reg[0]/CE
                            (rising edge-triggered cell FDRE clocked by main  {rise@0.000ns fall@0.050ns period=5.000ns})
  Path Group:             main
  Path Type:              Setup (Max at Slow Process Corner)
  Requirement:            5.000ns  (main rise@5.000ns - main rise@0.000ns)
  Data Path Delay:        3.373ns  (logic 0.608ns (18.024%)  route 2.765ns (81.976%))
  Logic Levels:           1  (LUT3=1)
  Clock Path Skew:        -0.067ns (DCD - SCD + CPR)
    Destination Clock Delay (DCD):    4.600ns = ( 9.600 - 5.000 ) 
    Source Clock Delay      (SCD):    5.124ns
    Clock Pessimism Removal (CPR):    0.457ns
  Clock Uncertainty:      0.035ns  ((TSJ^2 + TIJ^2)^1/2 + DJ) / 2 + PE
    Total System Jitter     (TSJ):    0.071ns
    Total Input Jitter      (TIJ):    0.000ns
    Discrete Jitter          (DJ):    0.000ns
    Phase Error              (PE):    0.000ns

    Location             Delay type                Incr(ns)  Path(ns)    Netlist Resource(s)
  -------------------------------------------------------------------    -------------------
                         (clock main rise edge)       0.000     0.000 r  
    K19                                               0.000     0.000 r  ACLK (IN)
                         net (fo=0)                   0.000     0.000    ACLK
    K19                  IBUF (Prop_ibuf_I_O)         0.938     0.938 r  ACLK_IBUF_inst/O
                         net (fo=1, routed)           2.205     3.143    ACLK_IBUF
    BUFGCTRL_X0Y16       BUFG (Prop_bufg_I_O)         0.101     3.244 r  ACLK_IBUF_BUFG_inst/O
                         net (fo=41, routed)          1.880     5.124    ACLK_IBUF_BUFG
    SLICE_X113Y40        FDRE                                         r  state_reg/C
  -------------------------------------------------------------------    -------------------
    SLICE_X113Y40        FDRE (Prop_fdre_C_Q)         0.456     5.580 r  state_reg/Q
                         net (fo=37, routed)          0.538     6.118    MO_AXIS_TVALID_OBUF
    SLICE_X113Y40        LUT3 (Prop_lut3_I1_O)        0.152     6.270 r  acc[31]_i_2/O
                         net (fo=32, routed)          2.227     8.497    acc[31]_i_2_n_0
    SLICE_X113Y12        FDRE                                         r  acc_reg[0]/CE
  -------------------------------------------------------------------    -------------------

                         (clock main rise edge)       5.000     5.000 r  
    K19                                               0.000     5.000 r  ACLK (IN)
                         net (fo=0)                   0.000     5.000    ACLK
    K19                  IBUF (Prop_ibuf_I_O)         0.804     5.804 r  ACLK_IBUF_inst/O
                         net (fo=1, routed)           2.006     7.810    ACLK_IBUF
    BUFGCTRL_X0Y16       BUFG (Prop_bufg_I_O)         0.091     7.901 r  ACLK_IBUF_BUFG_inst/O
                         net (fo=41, routed)          1.698     9.600    ACLK_IBUF_BUFG
    SLICE_X113Y12        FDRE                                         r  acc_reg[0]/C
                         clock pessimism              0.457    10.057    
                         clock uncertainty           -0.035    10.021    
    SLICE_X113Y12        FDRE (Setup_fdre_C_CE)      -0.413     9.608    acc_reg[0]
  -------------------------------------------------------------------
                         required time                          9.608    
                         arrival time                          -8.497    
  -------------------------------------------------------------------
                         slack                                  1.111    

Slack (MET) :             1.111ns  (required time - arrival time)
  Source:                 state_reg/C
                            (rising edge-triggered cell FDRE clocked by main  {rise@0.000ns fall@0.050ns period=5.000ns})
  Destination:            acc_reg[1]/CE
                            (rising edge-triggered cell FDRE clocked by main  {rise@0.000ns fall@0.050ns period=5.000ns})
  Path Group:             main
  Path Type:              Setup (Max at Slow Process Corner)
  Requirement:            5.000ns  (main rise@5.000ns - main rise@0.000ns)
  Data Path Delay:        3.373ns  (logic 0.608ns (18.024%)  route 2.765ns (81.976%))
  Logic Levels:           1  (LUT3=1)
  Clock Path Skew:        -0.067ns (DCD - SCD + CPR)
    Destination Clock Delay (DCD):    4.600ns = ( 9.600 - 5.000 ) 
    Source Clock Delay      (SCD):    5.124ns
    Clock Pessimism Removal (CPR):    0.457ns
  Clock Uncertainty:      0.035ns  ((TSJ^2 + TIJ^2)^1/2 + DJ) / 2 + PE
    Total System Jitter     (TSJ):    0.071ns
    Total Input Jitter      (TIJ):    0.000ns
    Discrete Jitter          (DJ):    0.000ns
    Phase Error              (PE):    0.000ns

    Location             Delay type                Incr(ns)  Path(ns)    Netlist Resource(s)
  -------------------------------------------------------------------    -------------------
                         (clock main rise edge)       0.000     0.000 r  
    K19                                               0.000     0.000 r  ACLK (IN)
                         net (fo=0)                   0.000     0.000    ACLK
    K19                  IBUF (Prop_ibuf_I_O)         0.938     0.938 r  ACLK_IBUF_inst/O
                         net (fo=1, routed)           2.205     3.143    ACLK_IBUF
    BUFGCTRL_X0Y16       BUFG (Prop_bufg_I_O)         0.101     3.244 r  ACLK_IBUF_BUFG_inst/O
                         net (fo=41, routed)          1.880     5.124    ACLK_IBUF_BUFG
    SLICE_X113Y40        FDRE                                         r  state_reg/C
  -------------------------------------------------------------------    -------------------
    SLICE_X113Y40        FDRE (Prop_fdre_C_Q)         0.456     5.580 r  state_reg/Q
                         net (fo=37, routed)          0.538     6.118    MO_AXIS_TVALID_OBUF
    SLICE_X113Y40        LUT3 (Prop_lut3_I1_O)        0.152     6.270 r  acc[31]_i_2/O
                         net (fo=32, routed)          2.227     8.497    acc[31]_i_2_n_0
    SLICE_X113Y12        FDRE                                         r  acc_reg[1]/CE
  -------------------------------------------------------------------    -------------------

                         (clock main rise edge)       5.000     5.000 r  
    K19                                               0.000     5.000 r  ACLK (IN)
                         net (fo=0)                   0.000     5.000    ACLK
    K19                  IBUF (Prop_ibuf_I_O)         0.804     5.804 r  ACLK_IBUF_inst/O
                         net (fo=1, routed)           2.006     7.810    ACLK_IBUF
    BUFGCTRL_X0Y16       BUFG (Prop_bufg_I_O)         0.091     7.901 r  ACLK_IBUF_BUFG_inst/O
                         net (fo=41, routed)          1.698     9.600    ACLK_IBUF_BUFG
    SLICE_X113Y12        FDRE                                         r  acc_reg[1]/C
                         clock pessimism              0.457    10.057    
                         clock uncertainty           -0.035    10.021    
    SLICE_X113Y12        FDRE (Setup_fdre_C_CE)      -0.413     9.608    acc_reg[1]
  -------------------------------------------------------------------
                         required time                          9.608    
                         arrival time                          -8.497    
  -------------------------------------------------------------------
                         slack                                  1.111    

Slack (MET) :             1.111ns  (required time - arrival time)
  Source:                 state_reg/C
                            (rising edge-triggered cell FDRE clocked by main  {rise@0.000ns fall@0.050ns period=5.000ns})
  Destination:            acc_reg[2]/CE
                            (rising edge-triggered cell FDRE clocked by main  {rise@0.000ns fall@0.050ns period=5.000ns})
  Path Group:             main
  Path Type:              Setup (Max at Slow Process Corner)
  Requirement:            5.000ns  (main rise@5.000ns - main rise@0.000ns)
  Data Path Delay:        3.373ns  (logic 0.608ns (18.024%)  route 2.765ns (81.976%))
  Logic Levels:           1  (LUT3=1)
  Clock Path Skew:        -0.067ns (DCD - SCD + CPR)
    Destination Clock Delay (DCD):    4.600ns = ( 9.600 - 5.000 ) 
    Source Clock Delay      (SCD):    5.124ns
    Clock Pessimism Removal (CPR):    0.457ns
  Clock Uncertainty:      0.035ns  ((TSJ^2 + TIJ^2)^1/2 + DJ) / 2 + PE
    Total System Jitter     (TSJ):    0.071ns
    Total Input Jitter      (TIJ):    0.000ns
    Discrete Jitter          (DJ):    0.000ns
    Phase Error              (PE):    0.000ns

    Location             Delay type                Incr(ns)  Path(ns)    Netlist Resource(s)
  -------------------------------------------------------------------    -------------------
                         (clock main rise edge)       0.000     0.000 r  
    K19                                               0.000     0.000 r  ACLK (IN)
                         net (fo=0)                   0.000     0.000    ACLK
    K19                  IBUF (Prop_ibuf_I_O)         0.938     0.938 r  ACLK_IBUF_inst/O
                         net (fo=1, routed)           2.205     3.143    ACLK_IBUF
    BUFGCTRL_X0Y16       BUFG (Prop_bufg_I_O)         0.101     3.244 r  ACLK_IBUF_BUFG_inst/O
                         net (fo=41, routed)          1.880     5.124    ACLK_IBUF_BUFG
    SLICE_X113Y40        FDRE                                         r  state_reg/C
  -------------------------------------------------------------------    -------------------
    SLICE_X113Y40        FDRE (Prop_fdre_C_Q)         0.456     5.580 r  state_reg/Q
                         net (fo=37, routed)          0.538     6.118    MO_AXIS_TVALID_OBUF
    SLICE_X113Y40        LUT3 (Prop_lut3_I1_O)        0.152     6.270 r  acc[31]_i_2/O
                         net (fo=32, routed)          2.227     8.497    acc[31]_i_2_n_0
    SLICE_X113Y12        FDRE                                         r  acc_reg[2]/CE
  -------------------------------------------------------------------    -------------------

                         (clock main rise edge)       5.000     5.000 r  
    K19                                               0.000     5.000 r  ACLK (IN)
                         net (fo=0)                   0.000     5.000    ACLK
    K19                  IBUF (Prop_ibuf_I_O)         0.804     5.804 r  ACLK_IBUF_inst/O
                         net (fo=1, routed)           2.006     7.810    ACLK_IBUF
    BUFGCTRL_X0Y16       BUFG (Prop_bufg_I_O)         0.091     7.901 r  ACLK_IBUF_BUFG_inst/O
                         net (fo=41, routed)          1.698     9.600    ACLK_IBUF_BUFG
    SLICE_X113Y12        FDRE                                         r  acc_reg[2]/C
                         clock pessimism              0.457    10.057    
                         clock uncertainty           -0.035    10.021    
    SLICE_X113Y12        FDRE (Setup_fdre_C_CE)      -0.413     9.608    acc_reg[2]
  -------------------------------------------------------------------
                         required time                          9.608    
                         arrival time                          -8.497    
  -------------------------------------------------------------------
                         slack                                  1.111    

Slack (MET) :             1.111ns  (required time - arrival time)
  Source:                 state_reg/C
                            (rising edge-triggered cell FDRE clocked by main  {rise@0.000ns fall@0.050ns period=5.000ns})
  Destination:            acc_reg[3]/CE
                            (rising edge-triggered cell FDRE clocked by main  {rise@0.000ns fall@0.050ns period=5.000ns})
  Path Group:             main
  Path Type:              Setup (Max at Slow Process Corner)
  Requirement:            5.000ns  (main rise@5.000ns - main rise@0.000ns)
  Data Path Delay:        3.373ns  (logic 0.608ns (18.024%)  route 2.765ns (81.976%))
  Logic Levels:           1  (LUT3=1)
  Clock Path Skew:        -0.067ns (DCD - SCD + CPR)
    Destination Clock Delay (DCD):    4.600ns = ( 9.600 - 5.000 ) 
    Source Clock Delay      (SCD):    5.124ns
    Clock Pessimism Removal (CPR):    0.457ns
  Clock Uncertainty:      0.035ns  ((TSJ^2 + TIJ^2)^1/2 + DJ) / 2 + PE
    Total System Jitter     (TSJ):    0.071ns
    Total Input Jitter      (TIJ):    0.000ns
    Discrete Jitter          (DJ):    0.000ns
    Phase Error              (PE):    0.000ns

    Location             Delay type                Incr(ns)  Path(ns)    Netlist Resource(s)
  -------------------------------------------------------------------    -------------------
                         (clock main rise edge)       0.000     0.000 r  
    K19                                               0.000     0.000 r  ACLK (IN)
                         net (fo=0)                   0.000     0.000    ACLK
    K19                  IBUF (Prop_ibuf_I_O)         0.938     0.938 r  ACLK_IBUF_inst/O
                         net (fo=1, routed)           2.205     3.143    ACLK_IBUF
    BUFGCTRL_X0Y16       BUFG (Prop_bufg_I_O)         0.101     3.244 r  ACLK_IBUF_BUFG_inst/O
                         net (fo=41, routed)          1.880     5.124    ACLK_IBUF_BUFG
    SLICE_X113Y40        FDRE                                         r  state_reg/C
  -------------------------------------------------------------------    -------------------
    SLICE_X113Y40        FDRE (Prop_fdre_C_Q)         0.456     5.580 r  state_reg/Q
                         net (fo=37, routed)          0.538     6.118    MO_AXIS_TVALID_OBUF
    SLICE_X113Y40        LUT3 (Prop_lut3_I1_O)        0.152     6.270 r  acc[31]_i_2/O
                         net (fo=32, routed)          2.227     8.497    acc[31]_i_2_n_0
    SLICE_X113Y12        FDRE                                         r  acc_reg[3]/CE
  -------------------------------------------------------------------    -------------------

                         (clock main rise edge)       5.000     5.000 r  
    K19                                               0.000     5.000 r  ACLK (IN)
                         net (fo=0)                   0.000     5.000    ACLK
    K19                  IBUF (Prop_ibuf_I_O)         0.804     5.804 r  ACLK_IBUF_inst/O
                         net (fo=1, routed)           2.006     7.810    ACLK_IBUF
    BUFGCTRL_X0Y16       BUFG (Prop_bufg_I_O)         0.091     7.901 r  ACLK_IBUF_BUFG_inst/O
                         net (fo=41, routed)          1.698     9.600    ACLK_IBUF_BUFG
    SLICE_X113Y12        FDRE                                         r  acc_reg[3]/C
                         clock pessimism              0.457    10.057    
                         clock uncertainty           -0.035    10.021    
    SLICE_X113Y12        FDRE (Setup_fdre_C_CE)      -0.413     9.608    acc_reg[3]
  -------------------------------------------------------------------
                         required time                          9.608    
                         arrival time                          -8.497    
  -------------------------------------------------------------------
                         slack                                  1.111    

Slack (MET) :             1.112ns  (required time - arrival time)
  Source:                 state_reg/C
                            (rising edge-triggered cell FDRE clocked by main  {rise@0.000ns fall@0.050ns period=5.000ns})
  Destination:            acc_reg[12]/CE
                            (rising edge-triggered cell FDRE clocked by main  {rise@0.000ns fall@0.050ns period=5.000ns})
  Path Group:             main
  Path Type:              Setup (Max at Slow Process Corner)
  Requirement:            5.000ns  (main rise@5.000ns - main rise@0.000ns)
  Data Path Delay:        3.371ns  (logic 0.608ns (18.034%)  route 2.763ns (81.966%))
  Logic Levels:           1  (LUT3=1)
  Clock Path Skew:        -0.068ns (DCD - SCD + CPR)
    Destination Clock Delay (DCD):    4.599ns = ( 9.599 - 5.000 ) 
    Source Clock Delay      (SCD):    5.124ns
    Clock Pessimism Removal (CPR):    0.457ns
  Clock Uncertainty:      0.035ns  ((TSJ^2 + TIJ^2)^1/2 + DJ) / 2 + PE
    Total System Jitter     (TSJ):    0.071ns
    Total Input Jitter      (TIJ):    0.000ns
    Discrete Jitter          (DJ):    0.000ns
    Phase Error              (PE):    0.000ns

    Location             Delay type                Incr(ns)  Path(ns)    Netlist Resource(s)
  -------------------------------------------------------------------    -------------------
                         (clock main rise edge)       0.000     0.000 r  
    K19                                               0.000     0.000 r  ACLK (IN)
                         net (fo=0)                   0.000     0.000    ACLK
    K19                  IBUF (Prop_ibuf_I_O)         0.938     0.938 r  ACLK_IBUF_inst/O
                         net (fo=1, routed)           2.205     3.143    ACLK_IBUF
    BUFGCTRL_X0Y16       BUFG (Prop_bufg_I_O)         0.101     3.244 r  ACLK_IBUF_BUFG_inst/O
                         net (fo=41, routed)          1.880     5.124    ACLK_IBUF_BUFG
    SLICE_X113Y40        FDRE                                         r  state_reg/C
  -------------------------------------------------------------------    -------------------
    SLICE_X113Y40        FDRE (Prop_fdre_C_Q)         0.456     5.580 r  state_reg/Q
                         net (fo=37, routed)          0.538     6.118    MO_AXIS_TVALID_OBUF
    SLICE_X113Y40        LUT3 (Prop_lut3_I1_O)        0.152     6.270 r  acc[31]_i_2/O
                         net (fo=32, routed)          2.226     8.495    acc[31]_i_2_n_0
    SLICE_X111Y13        FDRE                                         r  acc_reg[12]/CE
  -------------------------------------------------------------------    -------------------

                         (clock main rise edge)       5.000     5.000 r  
    K19                                               0.000     5.000 r  ACLK (IN)
                         net (fo=0)                   0.000     5.000    ACLK
    K19                  IBUF (Prop_ibuf_I_O)         0.804     5.804 r  ACLK_IBUF_inst/O
                         net (fo=1, routed)           2.006     7.810    ACLK_IBUF
    BUFGCTRL_X0Y16       BUFG (Prop_bufg_I_O)         0.091     7.901 r  ACLK_IBUF_BUFG_inst/O
                         net (fo=41, routed)          1.697     9.599    ACLK_IBUF_BUFG
    SLICE_X111Y13        FDRE                                         r  acc_reg[12]/C
                         clock pessimism              0.457    10.056    
                         clock uncertainty           -0.035    10.020    
    SLICE_X111Y13        FDRE (Setup_fdre_C_CE)      -0.413     9.607    acc_reg[12]
  -------------------------------------------------------------------
                         required time                          9.607    
                         arrival time                          -8.495    
  -------------------------------------------------------------------
                         slack                                  1.112    

Slack (MET) :             1.208ns  (required time - arrival time)
  Source:                 acc_reg[0]/C
                            (rising edge-triggered cell FDRE clocked by main  {rise@0.000ns fall@0.050ns period=5.000ns})
  Destination:            acc_reg[13]/D
                            (rising edge-triggered cell FDRE clocked by main  {rise@0.000ns fall@0.050ns period=5.000ns})
  Path Group:             main
  Path Type:              Setup (Max at Slow Process Corner)
  Requirement:            5.000ns  (main rise@5.000ns - main rise@0.000ns)
  Data Path Delay:        3.705ns  (logic 1.956ns (52.795%)  route 1.749ns (47.205%))
  Logic Levels:           6  (CARRY4=4 LUT2=1 LUT4=1)
  Clock Path Skew:        -0.026ns (DCD - SCD + CPR)
    Destination Clock Delay (DCD):    4.599ns = ( 9.599 - 5.000 ) 
    Source Clock Delay      (SCD):    5.122ns
    Clock Pessimism Removal (CPR):    0.497ns
  Clock Uncertainty:      0.035ns  ((TSJ^2 + TIJ^2)^1/2 + DJ) / 2 + PE
    Total System Jitter     (TSJ):    0.071ns
    Total Input Jitter      (TIJ):    0.000ns
    Discrete Jitter          (DJ):    0.000ns
    Phase Error              (PE):    0.000ns

    Location             Delay type                Incr(ns)  Path(ns)    Netlist Resource(s)
  -------------------------------------------------------------------    -------------------
                         (clock main rise edge)       0.000     0.000 r  
    K19                                               0.000     0.000 r  ACLK (IN)
                         net (fo=0)                   0.000     0.000    ACLK
    K19                  IBUF (Prop_ibuf_I_O)         0.938     0.938 r  ACLK_IBUF_inst/O
                         net (fo=1, routed)           2.205     3.143    ACLK_IBUF
    BUFGCTRL_X0Y16       BUFG (Prop_bufg_I_O)         0.101     3.244 r  ACLK_IBUF_BUFG_inst/O
                         net (fo=41, routed)          1.878     5.122    ACLK_IBUF_BUFG
    SLICE_X113Y12        FDRE                                         r  acc_reg[0]/C
  -------------------------------------------------------------------    -------------------
    SLICE_X113Y12        FDRE (Prop_fdre_C_Q)         0.456     5.578 r  acc_reg[0]/Q
                         net (fo=3, routed)           0.630     6.207    MO_AXIS_TDATA_OBUF[0]
    SLICE_X112Y12        LUT2 (Prop_lut2_I0_O)        0.124     6.331 r  acc[3]_i_6/O
                         net (fo=1, routed)           0.000     6.331    acc[3]_i_6_n_0
    SLICE_X112Y12        CARRY4 (Prop_carry4_S[0]_CO[3])
                                                      0.513     6.844 r  acc_reg[3]_i_2/CO[3]
                         net (fo=1, routed)           0.000     6.844    acc_reg[3]_i_2_n_0
    SLICE_X112Y13        CARRY4 (Prop_carry4_CI_CO[3])
                                                      0.117     6.961 r  acc_reg[7]_i_2/CO[3]
                         net (fo=1, routed)           0.000     6.961    acc_reg[7]_i_2_n_0
    SLICE_X112Y14        CARRY4 (Prop_carry4_CI_CO[3])
                                                      0.117     7.078 r  acc_reg[11]_i_2/CO[3]
                         net (fo=1, routed)           0.000     7.078    acc_reg[11]_i_2_n_0
    SLICE_X112Y15        CARRY4 (Prop_carry4_CI_O[1])
                                                      0.323     7.401 r  acc_reg[15]_i_2/O[1]
                         net (fo=1, routed)           0.699     8.101    acc0[13]
    SLICE_X111Y13        LUT4 (Prop_lut4_I0_O)        0.306     8.407 r  acc[13]_i_1/O
                         net (fo=1, routed)           0.420     8.827    acc[13]_i_1_n_0
    SLICE_X112Y13        FDRE                                         r  acc_reg[13]/D
  -------------------------------------------------------------------    -------------------

                         (clock main rise edge)       5.000     5.000 r  
    K19                                               0.000     5.000 r  ACLK (IN)
                         net (fo=0)                   0.000     5.000    ACLK
    K19                  IBUF (Prop_ibuf_I_O)         0.804     5.804 r  ACLK_IBUF_inst/O
                         net (fo=1, routed)           2.006     7.810    ACLK_IBUF
    BUFGCTRL_X0Y16       BUFG (Prop_bufg_I_O)         0.091     7.901 r  ACLK_IBUF_BUFG_inst/O
                         net (fo=41, routed)          1.697     9.599    ACLK_IBUF_BUFG
    SLICE_X112Y13        FDRE                                         r  acc_reg[13]/C
                         clock pessimism              0.497    10.096    
                         clock uncertainty           -0.035    10.060    
    SLICE_X112Y13        FDRE (Setup_fdre_C_D)       -0.026    10.034    acc_reg[13]
  -------------------------------------------------------------------
                         required time                         10.034    
                         arrival time                          -8.827    
  -------------------------------------------------------------------
                         slack                                  1.208    

Slack (MET) :             1.251ns  (required time - arrival time)
  Source:                 state_reg/C
                            (rising edge-triggered cell FDRE clocked by main  {rise@0.000ns fall@0.050ns period=5.000ns})
  Destination:            acc_reg[10]/CE
                            (rising edge-triggered cell FDRE clocked by main  {rise@0.000ns fall@0.050ns period=5.000ns})
  Path Group:             main
  Path Type:              Setup (Max at Slow Process Corner)
  Requirement:            5.000ns  (main rise@5.000ns - main rise@0.000ns)
  Data Path Delay:        3.233ns  (logic 0.608ns (18.809%)  route 2.625ns (81.191%))
  Logic Levels:           1  (LUT3=1)
  Clock Path Skew:        -0.068ns (DCD - SCD + CPR)
    Destination Clock Delay (DCD):    4.599ns = ( 9.599 - 5.000 ) 
    Source Clock Delay      (SCD):    5.124ns
    Clock Pessimism Removal (CPR):    0.457ns
  Clock Uncertainty:      0.035ns  ((TSJ^2 + TIJ^2)^1/2 + DJ) / 2 + PE
    Total System Jitter     (TSJ):    0.071ns
    Total Input Jitter      (TIJ):    0.000ns
    Discrete Jitter          (DJ):    0.000ns
    Phase Error              (PE):    0.000ns

    Location             Delay type                Incr(ns)  Path(ns)    Netlist Resource(s)
  -------------------------------------------------------------------    -------------------
                         (clock main rise edge)       0.000     0.000 r  
    K19                                               0.000     0.000 r  ACLK (IN)
                         net (fo=0)                   0.000     0.000    ACLK
    K19                  IBUF (Prop_ibuf_I_O)         0.938     0.938 r  ACLK_IBUF_inst/O
                         net (fo=1, routed)           2.205     3.143    ACLK_IBUF
    BUFGCTRL_X0Y16       BUFG (Prop_bufg_I_O)         0.101     3.244 r  ACLK_IBUF_BUFG_inst/O
                         net (fo=41, routed)          1.880     5.124    ACLK_IBUF_BUFG
    SLICE_X113Y40        FDRE                                         r  state_reg/C
  -------------------------------------------------------------------    -------------------
    SLICE_X113Y40        FDRE (Prop_fdre_C_Q)         0.456     5.580 r  state_reg/Q
                         net (fo=37, routed)          0.538     6.118    MO_AXIS_TVALID_OBUF
    SLICE_X113Y40        LUT3 (Prop_lut3_I1_O)        0.152     6.270 r  acc[31]_i_2/O
                         net (fo=32, routed)          2.087     8.356    acc[31]_i_2_n_0
    SLICE_X113Y13        FDRE                                         r  acc_reg[10]/CE
  -------------------------------------------------------------------    -------------------

                         (clock main rise edge)       5.000     5.000 r  
    K19                                               0.000     5.000 r  ACLK (IN)
                         net (fo=0)                   0.000     5.000    ACLK
    K19                  IBUF (Prop_ibuf_I_O)         0.804     5.804 r  ACLK_IBUF_inst/O
                         net (fo=1, routed)           2.006     7.810    ACLK_IBUF
    BUFGCTRL_X0Y16       BUFG (Prop_bufg_I_O)         0.091     7.901 r  ACLK_IBUF_BUFG_inst/O
                         net (fo=41, routed)          1.697     9.599    ACLK_IBUF_BUFG
    SLICE_X113Y13        FDRE                                         r  acc_reg[10]/C
                         clock pessimism              0.457    10.056    
                         clock uncertainty           -0.035    10.020    
    SLICE_X113Y13        FDRE (Setup_fdre_C_CE)      -0.413     9.607    acc_reg[10]
  -------------------------------------------------------------------
                         required time                          9.607    
                         arrival time                          -8.356    
  -------------------------------------------------------------------
                         slack                                  1.251    

Slack (MET) :             1.251ns  (required time - arrival time)
  Source:                 state_reg/C
                            (rising edge-triggered cell FDRE clocked by main  {rise@0.000ns fall@0.050ns period=5.000ns})
  Destination:            acc_reg[4]/CE
                            (rising edge-triggered cell FDRE clocked by main  {rise@0.000ns fall@0.050ns period=5.000ns})
  Path Group:             main
  Path Type:              Setup (Max at Slow Process Corner)
  Requirement:            5.000ns  (main rise@5.000ns - main rise@0.000ns)
  Data Path Delay:        3.233ns  (logic 0.608ns (18.809%)  route 2.625ns (81.191%))
  Logic Levels:           1  (LUT3=1)
  Clock Path Skew:        -0.068ns (DCD - SCD + CPR)
    Destination Clock Delay (DCD):    4.599ns = ( 9.599 - 5.000 ) 
    Source Clock Delay      (SCD):    5.124ns
    Clock Pessimism Removal (CPR):    0.457ns
  Clock Uncertainty:      0.035ns  ((TSJ^2 + TIJ^2)^1/2 + DJ) / 2 + PE
    Total System Jitter     (TSJ):    0.071ns
    Total Input Jitter      (TIJ):    0.000ns
    Discrete Jitter          (DJ):    0.000ns
    Phase Error              (PE):    0.000ns

    Location             Delay type                Incr(ns)  Path(ns)    Netlist Resource(s)
  -------------------------------------------------------------------    -------------------
                         (clock main rise edge)       0.000     0.000 r  
    K19                                               0.000     0.000 r  ACLK (IN)
                         net (fo=0)                   0.000     0.000    ACLK
    K19                  IBUF (Prop_ibuf_I_O)         0.938     0.938 r  ACLK_IBUF_inst/O
                         net (fo=1, routed)           2.205     3.143    ACLK_IBUF
    BUFGCTRL_X0Y16       BUFG (Prop_bufg_I_O)         0.101     3.244 r  ACLK_IBUF_BUFG_inst/O
                         net (fo=41, routed)          1.880     5.124    ACLK_IBUF_BUFG
    SLICE_X113Y40        FDRE                                         r  state_reg/C
  -------------------------------------------------------------------    -------------------
    SLICE_X113Y40        FDRE (Prop_fdre_C_Q)         0.456     5.580 r  state_reg/Q
                         net (fo=37, routed)          0.538     6.118    MO_AXIS_TVALID_OBUF
    SLICE_X113Y40        LUT3 (Prop_lut3_I1_O)        0.152     6.270 r  acc[31]_i_2/O
                         net (fo=32, routed)          2.087     8.356    acc[31]_i_2_n_0
    SLICE_X113Y13        FDRE                                         r  acc_reg[4]/CE
  -------------------------------------------------------------------    -------------------

                         (clock main rise edge)       5.000     5.000 r  
    K19                                               0.000     5.000 r  ACLK (IN)
                         net (fo=0)                   0.000     5.000    ACLK
    K19                  IBUF (Prop_ibuf_I_O)         0.804     5.804 r  ACLK_IBUF_inst/O
                         net (fo=1, routed)           2.006     7.810    ACLK_IBUF
    BUFGCTRL_X0Y16       BUFG (Prop_bufg_I_O)         0.091     7.901 r  ACLK_IBUF_BUFG_inst/O
                         net (fo=41, routed)          1.697     9.599    ACLK_IBUF_BUFG
    SLICE_X113Y13        FDRE                                         r  acc_reg[4]/C
                         clock pessimism              0.457    10.056    
                         clock uncertainty           -0.035    10.020    
    SLICE_X113Y13        FDRE (Setup_fdre_C_CE)      -0.413     9.607    acc_reg[4]
  -------------------------------------------------------------------
                         required time                          9.607    
                         arrival time                          -8.356    
  -------------------------------------------------------------------
                         slack                                  1.251    

Slack (MET) :             1.251ns  (required time - arrival time)
  Source:                 state_reg/C
                            (rising edge-triggered cell FDRE clocked by main  {rise@0.000ns fall@0.050ns period=5.000ns})
  Destination:            acc_reg[6]/CE
                            (rising edge-triggered cell FDRE clocked by main  {rise@0.000ns fall@0.050ns period=5.000ns})
  Path Group:             main
  Path Type:              Setup (Max at Slow Process Corner)
  Requirement:            5.000ns  (main rise@5.000ns - main rise@0.000ns)
  Data Path Delay:        3.233ns  (logic 0.608ns (18.809%)  route 2.625ns (81.191%))
  Logic Levels:           1  (LUT3=1)
  Clock Path Skew:        -0.068ns (DCD - SCD + CPR)
    Destination Clock Delay (DCD):    4.599ns = ( 9.599 - 5.000 ) 
    Source Clock Delay      (SCD):    5.124ns
    Clock Pessimism Removal (CPR):    0.457ns
  Clock Uncertainty:      0.035ns  ((TSJ^2 + TIJ^2)^1/2 + DJ) / 2 + PE
    Total System Jitter     (TSJ):    0.071ns
    Total Input Jitter      (TIJ):    0.000ns
    Discrete Jitter          (DJ):    0.000ns
    Phase Error              (PE):    0.000ns

    Location             Delay type                Incr(ns)  Path(ns)    Netlist Resource(s)
  -------------------------------------------------------------------    -------------------
                         (clock main rise edge)       0.000     0.000 r  
    K19                                               0.000     0.000 r  ACLK (IN)
                         net (fo=0)                   0.000     0.000    ACLK
    K19                  IBUF (Prop_ibuf_I_O)         0.938     0.938 r  ACLK_IBUF_inst/O
                         net (fo=1, routed)           2.205     3.143    ACLK_IBUF
    BUFGCTRL_X0Y16       BUFG (Prop_bufg_I_O)         0.101     3.244 r  ACLK_IBUF_BUFG_inst/O
                         net (fo=41, routed)          1.880     5.124    ACLK_IBUF_BUFG
    SLICE_X113Y40        FDRE                                         r  state_reg/C
  -------------------------------------------------------------------    -------------------
    SLICE_X113Y40        FDRE (Prop_fdre_C_Q)         0.456     5.580 r  state_reg/Q
                         net (fo=37, routed)          0.538     6.118    MO_AXIS_TVALID_OBUF
    SLICE_X113Y40        LUT3 (Prop_lut3_I1_O)        0.152     6.270 r  acc[31]_i_2/O
                         net (fo=32, routed)          2.087     8.356    acc[31]_i_2_n_0
    SLICE_X113Y13        FDRE                                         r  acc_reg[6]/CE
  -------------------------------------------------------------------    -------------------

                         (clock main rise edge)       5.000     5.000 r  
    K19                                               0.000     5.000 r  ACLK (IN)
                         net (fo=0)                   0.000     5.000    ACLK
    K19                  IBUF (Prop_ibuf_I_O)         0.804     5.804 r  ACLK_IBUF_inst/O
                         net (fo=1, routed)           2.006     7.810    ACLK_IBUF
    BUFGCTRL_X0Y16       BUFG (Prop_bufg_I_O)         0.091     7.901 r  ACLK_IBUF_BUFG_inst/O
                         net (fo=41, routed)          1.697     9.599    ACLK_IBUF_BUFG
    SLICE_X113Y13        FDRE                                         r  acc_reg[6]/C
                         clock pessimism              0.457    10.056    
                         clock uncertainty           -0.035    10.020    
    SLICE_X113Y13        FDRE (Setup_fdre_C_CE)      -0.413     9.607    acc_reg[6]
  -------------------------------------------------------------------
                         required time                          9.607    
                         arrival time                          -8.356    
  -------------------------------------------------------------------
                         slack                                  1.251    





Min Delay Paths
--------------------------------------------------------------------------------------
Slack (MET) :             0.291ns  (arrival time - required time)
  Source:                 state_reg/C
                            (rising edge-triggered cell FDRE clocked by main  {rise@0.000ns fall@0.050ns period=5.000ns})
  Destination:            state_reg/D
                            (rising edge-triggered cell FDRE clocked by main  {rise@0.000ns fall@0.050ns period=5.000ns})
  Path Group:             main
  Path Type:              Hold (Min at Fast Process Corner)
  Requirement:            0.000ns  (main rise@0.000ns - main rise@0.000ns)
  Data Path Delay:        0.382ns  (logic 0.186ns (48.699%)  route 0.196ns (51.301%))
  Logic Levels:           1  (LUT5=1)
  Clock Path Skew:        0.000ns (DCD - SCD - CPR)
    Destination Clock Delay (DCD):    2.027ns
    Source Clock Delay      (SCD):    1.507ns
    Clock Pessimism Removal (CPR):    0.520ns

    Location             Delay type                Incr(ns)  Path(ns)    Netlist Resource(s)
  -------------------------------------------------------------------    -------------------
                         (clock main rise edge)       0.000     0.000 r  
    K19                                               0.000     0.000 r  ACLK (IN)
                         net (fo=0)                   0.000     0.000    ACLK
    K19                  IBUF (Prop_ibuf_I_O)         0.167     0.167 r  ACLK_IBUF_inst/O
                         net (fo=1, routed)           0.674     0.841    ACLK_IBUF
    BUFGCTRL_X0Y16       BUFG (Prop_bufg_I_O)         0.026     0.867 r  ACLK_IBUF_BUFG_inst/O
                         net (fo=41, routed)          0.641     1.507    ACLK_IBUF_BUFG
    SLICE_X113Y40        FDRE                                         r  state_reg/C
  -------------------------------------------------------------------    -------------------
    SLICE_X113Y40        FDRE (Prop_fdre_C_Q)         0.141     1.648 r  state_reg/Q
                         net (fo=37, routed)          0.196     1.844    MO_AXIS_TVALID_OBUF
    SLICE_X113Y40        LUT5 (Prop_lut5_I0_O)        0.045     1.889 r  state_i_1/O
                         net (fo=1, routed)           0.000     1.889    state_i_1_n_0
    SLICE_X113Y40        FDRE                                         r  state_reg/D
  -------------------------------------------------------------------    -------------------

                         (clock main rise edge)       0.000     0.000 r  
    K19                                               0.000     0.000 r  ACLK (IN)
                         net (fo=0)                   0.000     0.000    ACLK
    K19                  IBUF (Prop_ibuf_I_O)         0.355     0.355 r  ACLK_IBUF_inst/O
                         net (fo=1, routed)           0.731     1.086    ACLK_IBUF
    BUFGCTRL_X0Y16       BUFG (Prop_bufg_I_O)         0.029     1.115 r  ACLK_IBUF_BUFG_inst/O
                         net (fo=41, routed)          0.912     2.027    ACLK_IBUF_BUFG
    SLICE_X113Y40        FDRE                                         r  state_reg/C
                         clock pessimism             -0.520     1.507    
    SLICE_X113Y40        FDRE (Hold_fdre_C_D)         0.091     1.598    state_reg
  -------------------------------------------------------------------
                         required time                         -1.598    
                         arrival time                           1.889    
  -------------------------------------------------------------------
                         slack                                  0.291    

Slack (MET) :             0.510ns  (arrival time - required time)
  Source:                 acc_reg[1]/C
                            (rising edge-triggered cell FDRE clocked by main  {rise@0.000ns fall@0.050ns period=5.000ns})
  Destination:            acc_reg[1]/D
                            (rising edge-triggered cell FDRE clocked by main  {rise@0.000ns fall@0.050ns period=5.000ns})
  Path Group:             main
  Path Type:              Hold (Min at Fast Process Corner)
  Requirement:            0.000ns  (main rise@0.000ns - main rise@0.000ns)
  Data Path Delay:        0.602ns  (logic 0.360ns (59.787%)  route 0.242ns (40.213%))
  Logic Levels:           3  (CARRY4=1 LUT2=1 LUT4=1)
  Clock Path Skew:        0.000ns (DCD - SCD - CPR)
    Destination Clock Delay (DCD):    2.024ns
    Source Clock Delay      (SCD):    1.505ns
    Clock Pessimism Removal (CPR):    0.519ns

    Location             Delay type                Incr(ns)  Path(ns)    Netlist Resource(s)
  -------------------------------------------------------------------    -------------------
                         (clock main rise edge)       0.000     0.000 r  
    K19                                               0.000     0.000 r  ACLK (IN)
                         net (fo=0)                   0.000     0.000    ACLK
    K19                  IBUF (Prop_ibuf_I_O)         0.167     0.167 r  ACLK_IBUF_inst/O
                         net (fo=1, routed)           0.674     0.841    ACLK_IBUF
    BUFGCTRL_X0Y16       BUFG (Prop_bufg_I_O)         0.026     0.867 r  ACLK_IBUF_BUFG_inst/O
                         net (fo=41, routed)          0.639     1.505    ACLK_IBUF_BUFG
    SLICE_X113Y12        FDRE                                         r  acc_reg[1]/C
  -------------------------------------------------------------------    -------------------
    SLICE_X113Y12        FDRE (Prop_fdre_C_Q)         0.141     1.646 r  acc_reg[1]/Q
                         net (fo=3, routed)           0.079     1.726    MO_AXIS_TDATA_OBUF[1]
    SLICE_X112Y12        LUT2 (Prop_lut2_I0_O)        0.045     1.771 r  acc[3]_i_5/O
                         net (fo=1, routed)           0.000     1.771    acc[3]_i_5_n_0
    SLICE_X112Y12        CARRY4 (Prop_carry4_S[1]_O[1])
                                                      0.066     1.837 r  acc_reg[3]_i_2/O[1]
                         net (fo=1, routed)           0.163     2.000    acc0[1]
    SLICE_X113Y12        LUT4 (Prop_lut4_I0_O)        0.108     2.108 r  acc[1]_i_1/O
                         net (fo=1, routed)           0.000     2.108    acc[1]_i_1_n_0
    SLICE_X113Y12        FDRE                                         r  acc_reg[1]/D
  -------------------------------------------------------------------    -------------------

                         (clock main rise edge)       0.000     0.000 r  
    K19                                               0.000     0.000 r  ACLK (IN)
                         net (fo=0)                   0.000     0.000    ACLK
    K19                  IBUF (Prop_ibuf_I_O)         0.355     0.355 r  ACLK_IBUF_inst/O
                         net (fo=1, routed)           0.731     1.086    ACLK_IBUF
    BUFGCTRL_X0Y16       BUFG (Prop_bufg_I_O)         0.029     1.115 r  ACLK_IBUF_BUFG_inst/O
                         net (fo=41, routed)          0.909     2.024    ACLK_IBUF_BUFG
    SLICE_X113Y12        FDRE                                         r  acc_reg[1]/C
                         clock pessimism             -0.519     1.505    
    SLICE_X113Y12        FDRE (Hold_fdre_C_D)         0.092     1.597    acc_reg[1]
  -------------------------------------------------------------------
                         required time                         -1.597    
                         arrival time                           2.108    
  -------------------------------------------------------------------
                         slack                                  0.510    

Slack (MET) :             0.510ns  (arrival time - required time)
  Source:                 acc_reg[9]/C
                            (rising edge-triggered cell FDRE clocked by main  {rise@0.000ns fall@0.050ns period=5.000ns})
  Destination:            acc_reg[9]/D
                            (rising edge-triggered cell FDRE clocked by main  {rise@0.000ns fall@0.050ns period=5.000ns})
  Path Group:             main
  Path Type:              Hold (Min at Fast Process Corner)
  Requirement:            0.000ns  (main rise@0.000ns - main rise@0.000ns)
  Data Path Delay:        0.602ns  (logic 0.360ns (59.787%)  route 0.242ns (40.213%))
  Logic Levels:           3  (CARRY4=1 LUT2=1 LUT4=1)
  Clock Path Skew:        0.000ns (DCD - SCD - CPR)
    Destination Clock Delay (DCD):    2.023ns
    Source Clock Delay      (SCD):    1.504ns
    Clock Pessimism Removal (CPR):    0.519ns

    Location             Delay type                Incr(ns)  Path(ns)    Netlist Resource(s)
  -------------------------------------------------------------------    -------------------
                         (clock main rise edge)       0.000     0.000 r  
    K19                                               0.000     0.000 r  ACLK (IN)
                         net (fo=0)                   0.000     0.000    ACLK
    K19                  IBUF (Prop_ibuf_I_O)         0.167     0.167 r  ACLK_IBUF_inst/O
                         net (fo=1, routed)           0.674     0.841    ACLK_IBUF
    BUFGCTRL_X0Y16       BUFG (Prop_bufg_I_O)         0.026     0.867 r  ACLK_IBUF_BUFG_inst/O
                         net (fo=41, routed)          0.638     1.504    ACLK_IBUF_BUFG
    SLICE_X113Y14        FDRE                                         r  acc_reg[9]/C
  -------------------------------------------------------------------    -------------------
    SLICE_X113Y14        FDRE (Prop_fdre_C_Q)         0.141     1.645 r  acc_reg[9]/Q
                         net (fo=3, routed)           0.079     1.725    MO_AXIS_TDATA_OBUF[9]
    SLICE_X112Y14        LUT2 (Prop_lut2_I0_O)        0.045     1.770 r  acc[11]_i_5/O
                         net (fo=1, routed)           0.000     1.770    acc[11]_i_5_n_0
    SLICE_X112Y14        CARRY4 (Prop_carry4_S[1]_O[1])
                                                      0.066     1.836 r  acc_reg[11]_i_2/O[1]
                         net (fo=1, routed)           0.163     1.999    acc0[9]
    SLICE_X113Y14        LUT4 (Prop_lut4_I0_O)        0.108     2.107 r  acc[9]_i_1/O
                         net (fo=1, routed)           0.000     2.107    acc[9]_i_1_n_0
    SLICE_X113Y14        FDRE                                         r  acc_reg[9]/D
  -------------------------------------------------------------------    -------------------

                         (clock main rise edge)       0.000     0.000 r  
    K19                                               0.000     0.000 r  ACLK (IN)
                         net (fo=0)                   0.000     0.000    ACLK
    K19                  IBUF (Prop_ibuf_I_O)         0.355     0.355 r  ACLK_IBUF_inst/O
                         net (fo=1, routed)           0.731     1.086    ACLK_IBUF
    BUFGCTRL_X0Y16       BUFG (Prop_bufg_I_O)         0.029     1.115 r  ACLK_IBUF_BUFG_inst/O
                         net (fo=41, routed)          0.908     2.023    ACLK_IBUF_BUFG
    SLICE_X113Y14        FDRE                                         r  acc_reg[9]/C
                         clock pessimism             -0.519     1.504    
    SLICE_X113Y14        FDRE (Hold_fdre_C_D)         0.092     1.596    acc_reg[9]
  -------------------------------------------------------------------
                         required time                         -1.596    
                         arrival time                           2.107    
  -------------------------------------------------------------------
                         slack                                  0.510    

Slack (MET) :             0.522ns  (arrival time - required time)
  Source:                 acc_reg[5]/C
                            (rising edge-triggered cell FDRE clocked by main  {rise@0.000ns fall@0.050ns period=5.000ns})
  Destination:            acc_reg[6]/D
                            (rising edge-triggered cell FDRE clocked by main  {rise@0.000ns fall@0.050ns period=5.000ns})
  Path Group:             main
  Path Type:              Hold (Min at Fast Process Corner)
  Requirement:            0.000ns  (main rise@0.000ns - main rise@0.000ns)
  Data Path Delay:        0.629ns  (logic 0.398ns (63.269%)  route 0.231ns (36.731%))
  Logic Levels:           2  (CARRY4=1 LUT4=1)
  Clock Path Skew:        0.015ns (DCD - SCD - CPR)
    Destination Clock Delay (DCD):    2.023ns
    Source Clock Delay      (SCD):    1.504ns
    Clock Pessimism Removal (CPR):    0.504ns

    Location             Delay type                Incr(ns)  Path(ns)    Netlist Resource(s)
  -------------------------------------------------------------------    -------------------
                         (clock main rise edge)       0.000     0.000 r  
    K19                                               0.000     0.000 r  ACLK (IN)
                         net (fo=0)                   0.000     0.000    ACLK
    K19                  IBUF (Prop_ibuf_I_O)         0.167     0.167 r  ACLK_IBUF_inst/O
                         net (fo=1, routed)           0.674     0.841    ACLK_IBUF
    BUFGCTRL_X0Y16       BUFG (Prop_bufg_I_O)         0.026     0.867 r  ACLK_IBUF_BUFG_inst/O
                         net (fo=41, routed)          0.638     1.504    ACLK_IBUF_BUFG
    SLICE_X111Y14        FDRE                                         r  acc_reg[5]/C
  -------------------------------------------------------------------    -------------------
    SLICE_X111Y14        FDRE (Prop_fdre_C_Q)         0.141     1.645 r  acc_reg[5]/Q
                         net (fo=3, routed)           0.119     1.764    MO_AXIS_TDATA_OBUF[5]
    SLICE_X112Y13        CARRY4 (Prop_carry4_DI[1]_O[2])
                                                      0.149     1.913 r  acc_reg[7]_i_2/O[2]
                         net (fo=1, routed)           0.112     2.026    acc0[6]
    SLICE_X113Y13        LUT4 (Prop_lut4_I0_O)        0.108     2.134 r  acc[6]_i_1/O
                         net (fo=1, routed)           0.000     2.134    acc[6]_i_1_n_0
    SLICE_X113Y13        FDRE                                         r  acc_reg[6]/D
  -------------------------------------------------------------------    -------------------

                         (clock main rise edge)       0.000     0.000 r  
    K19                                               0.000     0.000 r  ACLK (IN)
                         net (fo=0)                   0.000     0.000    ACLK
    K19                  IBUF (Prop_ibuf_I_O)         0.355     0.355 r  ACLK_IBUF_inst/O
                         net (fo=1, routed)           0.731     1.086    ACLK_IBUF
    BUFGCTRL_X0Y16       BUFG (Prop_bufg_I_O)         0.029     1.115 r  ACLK_IBUF_BUFG_inst/O
                         net (fo=41, routed)          0.908     2.023    ACLK_IBUF_BUFG
    SLICE_X113Y13        FDRE                                         r  acc_reg[6]/C
                         clock pessimism             -0.504     1.519    
    SLICE_X113Y13        FDRE (Hold_fdre_C_D)         0.092     1.611    acc_reg[6]
  -------------------------------------------------------------------
                         required time                         -1.611    
                         arrival time                           2.134    
  -------------------------------------------------------------------
                         slack                                  0.522    

Slack (MET) :             0.528ns  (arrival time - required time)
  Source:                 state_reg/C
                            (rising edge-triggered cell FDRE clocked by main  {rise@0.000ns fall@0.050ns period=5.000ns})
  Destination:            id_reg_reg[4]/CE
                            (rising edge-triggered cell FDRE clocked by main  {rise@0.000ns fall@0.050ns period=5.000ns})
  Path Group:             main
  Path Type:              Hold (Min at Fast Process Corner)
  Requirement:            0.000ns  (main rise@0.000ns - main rise@0.000ns)
  Data Path Delay:        0.505ns  (logic 0.186ns (36.867%)  route 0.319ns (63.133%))
  Logic Levels:           1  (LUT2=1)
  Clock Path Skew:        0.016ns (DCD - SCD - CPR)
    Destination Clock Delay (DCD):    2.027ns
    Source Clock Delay      (SCD):    1.507ns
    Clock Pessimism Removal (CPR):    0.504ns

    Location             Delay type                Incr(ns)  Path(ns)    Netlist Resource(s)
  -------------------------------------------------------------------    -------------------
                         (clock main rise edge)       0.000     0.000 r  
    K19                                               0.000     0.000 r  ACLK (IN)
                         net (fo=0)                   0.000     0.000    ACLK
    K19                  IBUF (Prop_ibuf_I_O)         0.167     0.167 r  ACLK_IBUF_inst/O
                         net (fo=1, routed)           0.674     0.841    ACLK_IBUF
    BUFGCTRL_X0Y16       BUFG (Prop_bufg_I_O)         0.026     0.867 r  ACLK_IBUF_BUFG_inst/O
                         net (fo=41, routed)          0.641     1.507    ACLK_IBUF_BUFG
    SLICE_X113Y40        FDRE                                         r  state_reg/C
  -------------------------------------------------------------------    -------------------
    SLICE_X113Y40        FDRE (Prop_fdre_C_Q)         0.141     1.648 f  state_reg/Q
                         net (fo=37, routed)          0.198     1.846    MO_AXIS_TVALID_OBUF
    SLICE_X113Y40        LUT2 (Prop_lut2_I1_O)        0.045     1.891 r  id_reg[7]_i_1/O
                         net (fo=8, routed)           0.121     2.012    id_reg[7]_i_1_n_0
    SLICE_X113Y41        FDRE                                         r  id_reg_reg[4]/CE
  -------------------------------------------------------------------    -------------------

                         (clock main rise edge)       0.000     0.000 r  
    K19                                               0.000     0.000 r  ACLK (IN)
                         net (fo=0)                   0.000     0.000    ACLK
    K19                  IBUF (Prop_ibuf_I_O)         0.355     0.355 r  ACLK_IBUF_inst/O
                         net (fo=1, routed)           0.731     1.086    ACLK_IBUF
    BUFGCTRL_X0Y16       BUFG (Prop_bufg_I_O)         0.029     1.115 r  ACLK_IBUF_BUFG_inst/O
                         net (fo=41, routed)          0.912     2.027    ACLK_IBUF_BUFG
    SLICE_X113Y41        FDRE                                         r  id_reg_reg[4]/C
                         clock pessimism             -0.504     1.523    
    SLICE_X113Y41        FDRE (Hold_fdre_C_CE)       -0.039     1.484    id_reg_reg[4]
  -------------------------------------------------------------------
                         required time                         -1.484    
                         arrival time                           2.012    
  -------------------------------------------------------------------
                         slack                                  0.528    

Slack (MET) :             0.528ns  (arrival time - required time)
  Source:                 state_reg/C
                            (rising edge-triggered cell FDRE clocked by main  {rise@0.000ns fall@0.050ns period=5.000ns})
  Destination:            id_reg_reg[5]/CE
                            (rising edge-triggered cell FDRE clocked by main  {rise@0.000ns fall@0.050ns period=5.000ns})
  Path Group:             main
  Path Type:              Hold (Min at Fast Process Corner)
  Requirement:            0.000ns  (main rise@0.000ns - main rise@0.000ns)
  Data Path Delay:        0.505ns  (logic 0.186ns (36.867%)  route 0.319ns (63.133%))
  Logic Levels:           1  (LUT2=1)
  Clock Path Skew:        0.016ns (DCD - SCD - CPR)
    Destination Clock Delay (DCD):    2.027ns
    Source Clock Delay      (SCD):    1.507ns
    Clock Pessimism Removal (CPR):    0.504ns

    Location             Delay type                Incr(ns)  Path(ns)    Netlist Resource(s)
  -------------------------------------------------------------------    -------------------
                         (clock main rise edge)       0.000     0.000 r  
    K19                                               0.000     0.000 r  ACLK (IN)
                         net (fo=0)                   0.000     0.000    ACLK
    K19                  IBUF (Prop_ibuf_I_O)         0.167     0.167 r  ACLK_IBUF_inst/O
                         net (fo=1, routed)           0.674     0.841    ACLK_IBUF
    BUFGCTRL_X0Y16       BUFG (Prop_bufg_I_O)         0.026     0.867 r  ACLK_IBUF_BUFG_inst/O
                         net (fo=41, routed)          0.641     1.507    ACLK_IBUF_BUFG
    SLICE_X113Y40        FDRE                                         r  state_reg/C
  -------------------------------------------------------------------    -------------------
    SLICE_X113Y40        FDRE (Prop_fdre_C_Q)         0.141     1.648 f  state_reg/Q
                         net (fo=37, routed)          0.198     1.846    MO_AXIS_TVALID_OBUF
    SLICE_X113Y40        LUT2 (Prop_lut2_I1_O)        0.045     1.891 r  id_reg[7]_i_1/O
                         net (fo=8, routed)           0.121     2.012    id_reg[7]_i_1_n_0
    SLICE_X113Y41        FDRE                                         r  id_reg_reg[5]/CE
  -------------------------------------------------------------------    -------------------

                         (clock main rise edge)       0.000     0.000 r  
    K19                                               0.000     0.000 r  ACLK (IN)
                         net (fo=0)                   0.000     0.000    ACLK
    K19                  IBUF (Prop_ibuf_I_O)         0.355     0.355 r  ACLK_IBUF_inst/O
                         net (fo=1, routed)           0.731     1.086    ACLK_IBUF
    BUFGCTRL_X0Y16       BUFG (Prop_bufg_I_O)         0.029     1.115 r  ACLK_IBUF_BUFG_inst/O
                         net (fo=41, routed)          0.912     2.027    ACLK_IBUF_BUFG
    SLICE_X113Y41        FDRE                                         r  id_reg_reg[5]/C
                         clock pessimism             -0.504     1.523    
    SLICE_X113Y41        FDRE (Hold_fdre_C_CE)       -0.039     1.484    id_reg_reg[5]
  -------------------------------------------------------------------
                         required time                         -1.484    
                         arrival time                           2.012    
  -------------------------------------------------------------------
                         slack                                  0.528    

Slack (MET) :             0.528ns  (arrival time - required time)
  Source:                 state_reg/C
                            (rising edge-triggered cell FDRE clocked by main  {rise@0.000ns fall@0.050ns period=5.000ns})
  Destination:            id_reg_reg[6]/CE
                            (rising edge-triggered cell FDRE clocked by main  {rise@0.000ns fall@0.050ns period=5.000ns})
  Path Group:             main
  Path Type:              Hold (Min at Fast Process Corner)
  Requirement:            0.000ns  (main rise@0.000ns - main rise@0.000ns)
  Data Path Delay:        0.505ns  (logic 0.186ns (36.867%)  route 0.319ns (63.133%))
  Logic Levels:           1  (LUT2=1)
  Clock Path Skew:        0.016ns (DCD - SCD - CPR)
    Destination Clock Delay (DCD):    2.027ns
    Source Clock Delay      (SCD):    1.507ns
    Clock Pessimism Removal (CPR):    0.504ns

    Location             Delay type                Incr(ns)  Path(ns)    Netlist Resource(s)
  -------------------------------------------------------------------    -------------------
                         (clock main rise edge)       0.000     0.000 r  
    K19                                               0.000     0.000 r  ACLK (IN)
                         net (fo=0)                   0.000     0.000    ACLK
    K19                  IBUF (Prop_ibuf_I_O)         0.167     0.167 r  ACLK_IBUF_inst/O
                         net (fo=1, routed)           0.674     0.841    ACLK_IBUF
    BUFGCTRL_X0Y16       BUFG (Prop_bufg_I_O)         0.026     0.867 r  ACLK_IBUF_BUFG_inst/O
                         net (fo=41, routed)          0.641     1.507    ACLK_IBUF_BUFG
    SLICE_X113Y40        FDRE                                         r  state_reg/C
  -------------------------------------------------------------------    -------------------
    SLICE_X113Y40        FDRE (Prop_fdre_C_Q)         0.141     1.648 f  state_reg/Q
                         net (fo=37, routed)          0.198     1.846    MO_AXIS_TVALID_OBUF
    SLICE_X113Y40        LUT2 (Prop_lut2_I1_O)        0.045     1.891 r  id_reg[7]_i_1/O
                         net (fo=8, routed)           0.121     2.012    id_reg[7]_i_1_n_0
    SLICE_X113Y41        FDRE                                         r  id_reg_reg[6]/CE
  -------------------------------------------------------------------    -------------------

                         (clock main rise edge)       0.000     0.000 r  
    K19                                               0.000     0.000 r  ACLK (IN)
                         net (fo=0)                   0.000     0.000    ACLK
    K19                  IBUF (Prop_ibuf_I_O)         0.355     0.355 r  ACLK_IBUF_inst/O
                         net (fo=1, routed)           0.731     1.086    ACLK_IBUF
    BUFGCTRL_X0Y16       BUFG (Prop_bufg_I_O)         0.029     1.115 r  ACLK_IBUF_BUFG_inst/O
                         net (fo=41, routed)          0.912     2.027    ACLK_IBUF_BUFG
    SLICE_X113Y41        FDRE                                         r  id_reg_reg[6]/C
                         clock pessimism             -0.504     1.523    
    SLICE_X113Y41        FDRE (Hold_fdre_C_CE)       -0.039     1.484    id_reg_reg[6]
  -------------------------------------------------------------------
                         required time                         -1.484    
                         arrival time                           2.012    
  -------------------------------------------------------------------
                         slack                                  0.528    

Slack (MET) :             0.528ns  (arrival time - required time)
  Source:                 state_reg/C
                            (rising edge-triggered cell FDRE clocked by main  {rise@0.000ns fall@0.050ns period=5.000ns})
  Destination:            id_reg_reg[7]/CE
                            (rising edge-triggered cell FDRE clocked by main  {rise@0.000ns fall@0.050ns period=5.000ns})
  Path Group:             main
  Path Type:              Hold (Min at Fast Process Corner)
  Requirement:            0.000ns  (main rise@0.000ns - main rise@0.000ns)
  Data Path Delay:        0.505ns  (logic 0.186ns (36.867%)  route 0.319ns (63.133%))
  Logic Levels:           1  (LUT2=1)
  Clock Path Skew:        0.016ns (DCD - SCD - CPR)
    Destination Clock Delay (DCD):    2.027ns
    Source Clock Delay      (SCD):    1.507ns
    Clock Pessimism Removal (CPR):    0.504ns

    Location             Delay type                Incr(ns)  Path(ns)    Netlist Resource(s)
  -------------------------------------------------------------------    -------------------
                         (clock main rise edge)       0.000     0.000 r  
    K19                                               0.000     0.000 r  ACLK (IN)
                         net (fo=0)                   0.000     0.000    ACLK
    K19                  IBUF (Prop_ibuf_I_O)         0.167     0.167 r  ACLK_IBUF_inst/O
                         net (fo=1, routed)           0.674     0.841    ACLK_IBUF
    BUFGCTRL_X0Y16       BUFG (Prop_bufg_I_O)         0.026     0.867 r  ACLK_IBUF_BUFG_inst/O
                         net (fo=41, routed)          0.641     1.507    ACLK_IBUF_BUFG
    SLICE_X113Y40        FDRE                                         r  state_reg/C
  -------------------------------------------------------------------    -------------------
    SLICE_X113Y40        FDRE (Prop_fdre_C_Q)         0.141     1.648 f  state_reg/Q
                         net (fo=37, routed)          0.198     1.846    MO_AXIS_TVALID_OBUF
    SLICE_X113Y40        LUT2 (Prop_lut2_I1_O)        0.045     1.891 r  id_reg[7]_i_1/O
                         net (fo=8, routed)           0.121     2.012    id_reg[7]_i_1_n_0
    SLICE_X113Y41        FDRE                                         r  id_reg_reg[7]/CE
  -------------------------------------------------------------------    -------------------

                         (clock main rise edge)       0.000     0.000 r  
    K19                                               0.000     0.000 r  ACLK (IN)
                         net (fo=0)                   0.000     0.000    ACLK
    K19                  IBUF (Prop_ibuf_I_O)         0.355     0.355 r  ACLK_IBUF_inst/O
                         net (fo=1, routed)           0.731     1.086    ACLK_IBUF
    BUFGCTRL_X0Y16       BUFG (Prop_bufg_I_O)         0.029     1.115 r  ACLK_IBUF_BUFG_inst/O
                         net (fo=41, routed)          0.912     2.027    ACLK_IBUF_BUFG
    SLICE_X113Y41        FDRE                                         r  id_reg_reg[7]/C
                         clock pessimism             -0.504     1.523    
    SLICE_X113Y41        FDRE (Hold_fdre_C_CE)       -0.039     1.484    id_reg_reg[7]
  -------------------------------------------------------------------
                         required time                         -1.484    
                         arrival time                           2.012    
  -------------------------------------------------------------------
                         slack                                  0.528    

Slack (MET) :             0.538ns  (arrival time - required time)
  Source:                 acc_reg[16]/C
                            (rising edge-triggered cell FDRE clocked by main  {rise@0.000ns fall@0.050ns period=5.000ns})
  Destination:            acc_reg[17]/D
                            (rising edge-triggered cell FDRE clocked by main  {rise@0.000ns fall@0.050ns period=5.000ns})
  Path Group:             main
  Path Type:              Hold (Min at Fast Process Corner)
  Requirement:            0.000ns  (main rise@0.000ns - main rise@0.000ns)
  Data Path Delay:        0.630ns  (logic 0.360ns (57.169%)  route 0.270ns (42.831%))
  Logic Levels:           3  (CARRY4=1 LUT2=1 LUT4=1)
  Clock Path Skew:        0.000ns (DCD - SCD - CPR)
    Destination Clock Delay (DCD):    2.021ns
    Source Clock Delay      (SCD):    1.503ns
    Clock Pessimism Removal (CPR):    0.518ns

    Location             Delay type                Incr(ns)  Path(ns)    Netlist Resource(s)
  -------------------------------------------------------------------    -------------------
                         (clock main rise edge)       0.000     0.000 r  
    K19                                               0.000     0.000 r  ACLK (IN)
                         net (fo=0)                   0.000     0.000    ACLK
    K19                  IBUF (Prop_ibuf_I_O)         0.167     0.167 r  ACLK_IBUF_inst/O
                         net (fo=1, routed)           0.674     0.841    ACLK_IBUF
    BUFGCTRL_X0Y16       BUFG (Prop_bufg_I_O)         0.026     0.867 r  ACLK_IBUF_BUFG_inst/O
                         net (fo=41, routed)          0.637     1.503    ACLK_IBUF_BUFG
    SLICE_X113Y16        FDRE                                         r  acc_reg[16]/C
  -------------------------------------------------------------------    -------------------
    SLICE_X113Y16        FDRE (Prop_fdre_C_Q)         0.141     1.644 r  acc_reg[16]/Q
                         net (fo=4, routed)           0.127     1.771    MO_AXIS_TDATA_OBUF[16]
    SLICE_X112Y16        LUT2 (Prop_lut2_I0_O)        0.045     1.816 r  acc[19]_i_6/O
                         net (fo=1, routed)           0.000     1.816    acc[19]_i_6_n_0
    SLICE_X112Y16        CARRY4 (Prop_carry4_S[1]_O[1])
                                                      0.066     1.882 r  acc_reg[19]_i_2/O[1]
                         net (fo=1, routed)           0.143     2.025    acc0[17]
    SLICE_X113Y16        LUT4 (Prop_lut4_I0_O)        0.108     2.133 r  acc[17]_i_1/O
                         net (fo=1, routed)           0.000     2.133    acc[17]_i_1_n_0
    SLICE_X113Y16        FDRE                                         r  acc_reg[17]/D
  -------------------------------------------------------------------    -------------------

                         (clock main rise edge)       0.000     0.000 r  
    K19                                               0.000     0.000 r  ACLK (IN)
                         net (fo=0)                   0.000     0.000    ACLK
    K19                  IBUF (Prop_ibuf_I_O)         0.355     0.355 r  ACLK_IBUF_inst/O
                         net (fo=1, routed)           0.731     1.086    ACLK_IBUF
    BUFGCTRL_X0Y16       BUFG (Prop_bufg_I_O)         0.029     1.115 r  ACLK_IBUF_BUFG_inst/O
                         net (fo=41, routed)          0.906     2.021    ACLK_IBUF_BUFG
    SLICE_X113Y16        FDRE                                         r  acc_reg[17]/C
                         clock pessimism             -0.518     1.503    
    SLICE_X113Y16        FDRE (Hold_fdre_C_D)         0.092     1.595    acc_reg[17]
  -------------------------------------------------------------------
                         required time                         -1.595    
                         arrival time                           2.133    
  -------------------------------------------------------------------
                         slack                                  0.538    

Slack (MET) :             0.540ns  (arrival time - required time)
  Source:                 acc_reg[20]/C
                            (rising edge-triggered cell FDRE clocked by main  {rise@0.000ns fall@0.050ns period=5.000ns})
  Destination:            acc_reg[21]/D
                            (rising edge-triggered cell FDRE clocked by main  {rise@0.000ns fall@0.050ns period=5.000ns})
  Path Group:             main
  Path Type:              Hold (Min at Fast Process Corner)
  Requirement:            0.000ns  (main rise@0.000ns - main rise@0.000ns)
  Data Path Delay:        0.632ns  (logic 0.360ns (56.973%)  route 0.272ns (43.027%))
  Logic Levels:           3  (CARRY4=1 LUT2=1 LUT4=1)
  Clock Path Skew:        0.000ns (DCD - SCD - CPR)
    Destination Clock Delay (DCD):    2.020ns
    Source Clock Delay      (SCD):    1.502ns
    Clock Pessimism Removal (CPR):    0.518ns

    Location             Delay type                Incr(ns)  Path(ns)    Netlist Resource(s)
  -------------------------------------------------------------------    -------------------
                         (clock main rise edge)       0.000     0.000 r  
    K19                                               0.000     0.000 r  ACLK (IN)
                         net (fo=0)                   0.000     0.000    ACLK
    K19                  IBUF (Prop_ibuf_I_O)         0.167     0.167 r  ACLK_IBUF_inst/O
                         net (fo=1, routed)           0.674     0.841    ACLK_IBUF
    BUFGCTRL_X0Y16       BUFG (Prop_bufg_I_O)         0.026     0.867 r  ACLK_IBUF_BUFG_inst/O
                         net (fo=41, routed)          0.636     1.502    ACLK_IBUF_BUFG
    SLICE_X113Y17        FDRE                                         r  acc_reg[20]/C
  -------------------------------------------------------------------    -------------------
    SLICE_X113Y17        FDRE (Prop_fdre_C_Q)         0.141     1.643 r  acc_reg[20]/Q
                         net (fo=4, routed)           0.129     1.772    MO_AXIS_TDATA_OBUF[20]
    SLICE_X112Y17        LUT2 (Prop_lut2_I0_O)        0.045     1.817 r  acc[23]_i_5/O
                         net (fo=1, routed)           0.000     1.817    acc[23]_i_5_n_0
    SLICE_X112Y17        CARRY4 (Prop_carry4_S[1]_O[1])
                                                      0.066     1.883 r  acc_reg[23]_i_2/O[1]
                         net (fo=1, routed)           0.143     2.026    acc0[21]
    SLICE_X113Y17        LUT4 (Prop_lut4_I0_O)        0.108     2.134 r  acc[21]_i_1/O
                         net (fo=1, routed)           0.000     2.134    acc[21]_i_1_n_0
    SLICE_X113Y17        FDRE                                         r  acc_reg[21]/D
  -------------------------------------------------------------------    -------------------

                         (clock main rise edge)       0.000     0.000 r  
    K19                                               0.000     0.000 r  ACLK (IN)
                         net (fo=0)                   0.000     0.000    ACLK
    K19                  IBUF (Prop_ibuf_I_O)         0.355     0.355 r  ACLK_IBUF_inst/O
                         net (fo=1, routed)           0.731     1.086    ACLK_IBUF
    BUFGCTRL_X0Y16       BUFG (Prop_bufg_I_O)         0.029     1.115 r  ACLK_IBUF_BUFG_inst/O
                         net (fo=41, routed)          0.905     2.020    ACLK_IBUF_BUFG
    SLICE_X113Y17        FDRE                                         r  acc_reg[21]/C
                         clock pessimism             -0.518     1.502    
    SLICE_X113Y17        FDRE (Hold_fdre_C_D)         0.092     1.594    acc_reg[21]
  -------------------------------------------------------------------
                         required time                         -1.594    
                         arrival time                           2.134    
  -------------------------------------------------------------------
                         slack                                  0.540    





Pulse Width Checks
--------------------------------------------------------------------------------------
Clock Name:         main
Waveform(ns):       { 0.000 0.050 }
Period(ns):         5.000
Sources:            { ACLK }

Check Type        Corner  Lib Pin  Reference Pin  Required(ns)  Actual(ns)  Slack(ns)  Location        Pin
Min Period        n/a     BUFG/I   n/a            2.155         5.000       2.845      BUFGCTRL_X0Y16  ACLK_IBUF_BUFG_inst/I
Min Period        n/a     FDRE/C   n/a            1.000         5.000       4.000      SLICE_X113Y14   acc_reg[11]/C
Min Period        n/a     FDRE/C   n/a            1.000         5.000       4.000      SLICE_X111Y13   acc_reg[12]/C
Min Period        n/a     FDRE/C   n/a            1.000         5.000       4.000      SLICE_X112Y13   acc_reg[13]/C
Min Period        n/a     FDRE/C   n/a            1.000         5.000       4.000      SLICE_X113Y15   acc_reg[14]/C
Min Period        n/a     FDRE/C   n/a            1.000         5.000       4.000      SLICE_X113Y15   acc_reg[15]/C
Min Period        n/a     FDRE/C   n/a            1.000         5.000       4.000      SLICE_X113Y16   acc_reg[16]/C
Min Period        n/a     FDRE/C   n/a            1.000         5.000       4.000      SLICE_X113Y16   acc_reg[17]/C
Min Period        n/a     FDRE/C   n/a            1.000         5.000       4.000      SLICE_X113Y16   acc_reg[18]/C
Min Period        n/a     FDRE/C   n/a            1.000         5.000       4.000      SLICE_X113Y16   acc_reg[19]/C
Low Pulse Width   Slow    FDRE/C   n/a            0.500         4.950       4.450      SLICE_X113Y17   acc_reg[20]/C
Low Pulse Width   Slow    FDRE/C   n/a            0.500         4.950       4.450      SLICE_X113Y17   acc_reg[21]/C
Low Pulse Width   Slow    FDRE/C   n/a            0.500         4.950       4.450      SLICE_X113Y17   acc_reg[22]/C
Low Pulse Width   Slow    FDRE/C   n/a            0.500         4.950       4.450      SLICE_X113Y17   acc_reg[23]/C
Low Pulse Width   Slow    FDRE/C   n/a            0.500         4.950       4.450      SLICE_X113Y18   acc_reg[24]/C
Low Pulse Width   Slow    FDRE/C   n/a            0.500         4.950       4.450      SLICE_X113Y18   acc_reg[25]/C
Low Pulse Width   Slow    FDRE/C   n/a            0.500         4.950       4.450      SLICE_X113Y18   acc_reg[26]/C
Low Pulse Width   Slow    FDRE/C   n/a            0.500         4.950       4.450      SLICE_X113Y18   acc_reg[27]/C
Low Pulse Width   Slow    FDRE/C   n/a            0.500         4.950       4.450      SLICE_X113Y19   acc_reg[28]/C
Low Pulse Width   Fast    FDRE/C   n/a            0.500         4.950       4.450      SLICE_X113Y19   acc_reg[28]/C
High Pulse Width  Slow    FDRE/C   n/a            0.500         0.050       -0.450     SLICE_X113Y14   acc_reg[11]/C
High Pulse Width  Fast    FDRE/C   n/a            0.500         0.050       -0.450     SLICE_X113Y14   acc_reg[11]/C
High Pulse Width  Slow    FDRE/C   n/a            0.500         0.050       -0.450     SLICE_X111Y13   acc_reg[12]/C
High Pulse Width  Fast    FDRE/C   n/a            0.500         0.050       -0.450     SLICE_X111Y13   acc_reg[12]/C
High Pulse Width  Slow    FDRE/C   n/a            0.500         0.050       -0.450     SLICE_X112Y13   acc_reg[13]/C
High Pulse Width  Fast    FDRE/C   n/a            0.500         0.050       -0.450     SLICE_X112Y13   acc_reg[13]/C
High Pulse Width  Slow    FDRE/C   n/a            0.500         0.050       -0.450     SLICE_X113Y15   acc_reg[14]/C
High Pulse Width  Fast    FDRE/C   n/a            0.500         0.050       -0.450     SLICE_X113Y15   acc_reg[14]/C
High Pulse Width  Slow    FDRE/C   n/a            0.500         0.050       -0.450     SLICE_X113Y15   acc_reg[15]/C
High Pulse Width  Fast    FDRE/C   n/a            0.500         0.050       -0.450     SLICE_X113Y15   acc_reg[15]/C



