Copyright 1986-2020 Xilinx, Inc. All Rights Reserved.
---------------------------------------------------------------------------------------------------------------------
| Tool Version : Vivado v.2020.1 (lin64) Build 2902540 Wed May 27 19:54:35 MDT 2020
| Date         : Wed Sep 23 14:14:31 2026
| Host         : linuxvdi-f26-12.ece.iastate.edu running 64-bit unknown
| Command      : report_drc -file staged_mac_drc_opted.rpt -pb staged_mac_drc_opted.pb -rpx staged_mac_drc_opted.rpx
| Design       : staged_mac
| Device       : xc7z020clg484-1
| Speed File   : -1
| Design State : Synthesized
---------------------------------------------------------------------------------------------------------------------

Report DRC

Table of Contents
-----------------
1. REPORT SUMMARY
2. REPORT DETAILS

1. REPORT SUMMARY
-----------------
            Netlist: netlist
          Floorplan: design_1
      Design limits: <entire design considered>
           Ruledeck: default
             Max violations: <unlimited>
             Violations found: 3
+--------+------------------+----------------------------+------------+
| Rule   | Severity         | Description                | Violations |
+--------+------------------+----------------------------+------------+
| NSTD-1 | Critical Warning | Unspecified I/O Standard   | 1          |
| UCIO-1 | Critical Warning | Unconstrained Logical Port | 1          |
| ZPS7-1 | Warning          | PS7 block required         | 1          |
+--------+------------------+----------------------------+------------+

2. REPORT DETAILS
-----------------
NSTD-1#1 Critical Warning
Unspecified I/O Standard  
73 out of 73 logical ports use I/O standard (IOSTANDARD) value 'DEFAULT', instead of a user assigned specific value. This may cause I/O contention or incompatibility with the board power or connectivity affecting performance, signal integrity or in extreme cases cause damage to the device or the components to which it is connected. To correct this violation, specify all I/O standards. This design will fail to generate a bitstream unless all logical ports have a user specified I/O standard value defined. To allow bitstream creation with unspecified I/O standard values (not recommended), use this command: set_property SEVERITY {Warning} [get_drc_checks NSTD-1].  NOTE: When using the Vivado Runs infrastructure (e.g. launch_runs Tcl command), add this command to a .tcl file and add that file as a pre-hook for write_bitstream step for the implementation run. Problem ports: MO_AXIS_TDATA[31:0], MO_AXIS_TID[7:0], SD_AXIS_TDATA[15:0], SD_AXIS_TID[7:0], ACLK, ARESETN,
MO_AXIS_TLAST, MO_AXIS_TREADY, MO_AXIS_TVALID, SD_AXIS_TLAST,
SD_AXIS_TREADY, SD_AXIS_TUSER, SD_AXIS_TVALID.
Related violations: <none>

UCIO-1#1 Critical Warning
Unconstrained Logical Port  
73 out of 73 logical ports have no user assigned specific location constraint (LOC). This may cause I/O contention or incompatibility with the board power or connectivity affecting performance, signal integrity or in extreme cases cause damage to the device or the components to which it is connected. To correct this violation, specify all pin locations. This design will fail to generate a bitstream unless all logical ports have a user specified site LOC constraint defined.  To allow bitstream creation with unspecified pin locations (not recommended), use this command: set_property SEVERITY {Warning} [get_drc_checks UCIO-1].  NOTE: When using the Vivado Runs infrastructure (e.g. launch_runs Tcl command), add this command to a .tcl file and add that file as a pre-hook for write_bitstream step for the implementation run.  Problem ports: MO_AXIS_TDATA[31:0], MO_AXIS_TID[7:0], SD_AXIS_TDATA[15:0], SD_AXIS_TID[7:0], ACLK, ARESETN,
MO_AXIS_TLAST, MO_AXIS_TREADY, MO_AXIS_TVALID, SD_AXIS_TLAST,
SD_AXIS_TREADY, SD_AXIS_TUSER, SD_AXIS_TVALID.
Related violations: <none>

ZPS7-1#1 Warning
PS7 block required  
The PS7 cell must be used in this Zynq design in order to enable correct default configuration.
Related violations: <none>


