
*** Running vivado
    with args -log staged_mac.vds -m64 -product Vivado -mode batch -messageDb vivado.pb -notrace -source staged_mac.tcl


****** Vivado v2020.1 (64-bit)
  **** SW Build 2902540 on Wed May 27 19:54:35 MDT 2020
  **** IP Build 2902112 on Wed May 27 22:43:36 MDT 2020
    ** Copyright 1986-2020 Xilinx, Inc. All Rights Reserved.

source staged_mac.tcl -notrace
INFO: [IP_Flow 19-234] Refreshing IP repositories
INFO: [IP_Flow 19-1700] Loaded user IP repository '/home/jwk0425/487lab3/CPRE-487-Lab03/cpre487-587-lab3-main/staged_mac'.
WARNING: [IP_Flow 19-3656] If you move the project, the path for repository '/home/jwk0425/487lab3/CPRE-487-Lab03/cpre487-587-lab3-main/staged_mac' may become invalid. A better location for the repository would be in a path adjacent to the project. (Current project location is '/home/jwk0425/487lab3/CPRE-487-Lab03/cpre487-587-lab3-main/staged_mac/vivado/tc_staged_mac/tc_staged_mac.runs/synth_1'.)
INFO: [IP_Flow 19-2313] Loaded Vivado IP repository '/remote/Xilinx/2020.1/Vivado/2020.1/data/ip'.
Command: synth_design -top staged_mac -part xc7z020clg484-1
Starting synth_design
Attempting to get a license for feature 'Synthesis' and/or device 'xc7z020'
INFO: [Common 17-349] Got license for feature 'Synthesis' and/or device 'xc7z020'
INFO: [Device 21-403] Loading part xc7z020clg484-1
INFO: [Synth 8-7079] Multithreading enabled for synth_design using a maximum of 4 processes.
INFO: [Synth 8-7078] Launching helper process for spawning children vivado processes
INFO: [Synth 8-7075] Helper process launched with PID 23015
---------------------------------------------------------------------------------
Starting RTL Elaboration : Time (s): cpu = 00:00:03 ; elapsed = 00:00:05 . Memory (MB): peak = 2370.273 ; gain = 24.844 ; free physical = 7352 ; free virtual = 18214
---------------------------------------------------------------------------------
INFO: [Synth 8-638] synthesizing module 'staged_mac' [/home/jwk0425/487lab3/CPRE-487-Lab03/cpre487-587-lab3-main/staged_mac/hdl/staged_mac.vhd:54]
	Parameter C_DATA_WIDTH bound to: 8 - type: integer 
INFO: [Synth 8-226] default block is never used [/home/jwk0425/487lab3/CPRE-487-Lab03/cpre487-587-lab3-main/staged_mac/hdl/staged_mac.vhd:93]
INFO: [Synth 8-256] done synthesizing module 'staged_mac' (1#1) [/home/jwk0425/487lab3/CPRE-487-Lab03/cpre487-587-lab3-main/staged_mac/hdl/staged_mac.vhd:54]
---------------------------------------------------------------------------------
Finished RTL Elaboration : Time (s): cpu = 00:00:04 ; elapsed = 00:00:06 . Memory (MB): peak = 2410.211 ; gain = 64.781 ; free physical = 7438 ; free virtual = 18302
---------------------------------------------------------------------------------
---------------------------------------------------------------------------------
Start Handling Custom Attributes
---------------------------------------------------------------------------------
---------------------------------------------------------------------------------
Finished Handling Custom Attributes : Time (s): cpu = 00:00:04 ; elapsed = 00:00:06 . Memory (MB): peak = 2428.023 ; gain = 82.594 ; free physical = 7470 ; free virtual = 18334
---------------------------------------------------------------------------------
---------------------------------------------------------------------------------
Finished RTL Optimization Phase 1 : Time (s): cpu = 00:00:04 ; elapsed = 00:00:06 . Memory (MB): peak = 2428.023 ; gain = 82.594 ; free physical = 7470 ; free virtual = 18334
---------------------------------------------------------------------------------
Netlist sorting complete. Time (s): cpu = 00:00:00 ; elapsed = 00:00:00 . Memory (MB): peak = 2428.023 ; gain = 0.000 ; free physical = 7464 ; free virtual = 18327
INFO: [Project 1-570] Preparing netlist for logic optimization

Processing XDC Constraints
Initializing timing engine
Parsing XDC File [/home/jwk0425/487lab3/CPRE-487-Lab03/cpre487-587-lab3-main/staged_mac/hdl/zedboard.xdc]
WARNING: [Vivado 12-584] No ports matched '[get_ports -of_objects [get_iobanks 33]]'. [/home/jwk0425/487lab3/CPRE-487-Lab03/cpre487-587-lab3-main/staged_mac/hdl/zedboard.xdc:361]
WARNING: [Vivado 12-584] No ports matched '[get_ports -of_objects [get_iobanks 34]]'. [/home/jwk0425/487lab3/CPRE-487-Lab03/cpre487-587-lab3-main/staged_mac/hdl/zedboard.xdc:366]
WARNING: [Vivado 12-584] No ports matched '[get_ports -of_objects [get_iobanks 35]]'. [/home/jwk0425/487lab3/CPRE-487-Lab03/cpre487-587-lab3-main/staged_mac/hdl/zedboard.xdc:371]
WARNING: [Vivado 12-584] No ports matched '[get_ports -of_objects [get_iobanks 13]]'. [/home/jwk0425/487lab3/CPRE-487-Lab03/cpre487-587-lab3-main/staged_mac/hdl/zedboard.xdc:374]
Finished Parsing XDC File [/home/jwk0425/487lab3/CPRE-487-Lab03/cpre487-587-lab3-main/staged_mac/hdl/zedboard.xdc]
INFO: [Project 1-236] Implementation specific constraints were found while reading constraint file [/home/jwk0425/487lab3/CPRE-487-Lab03/cpre487-587-lab3-main/staged_mac/hdl/zedboard.xdc]. These constraints will be ignored for synthesis but will be used in implementation. Impacted constraints are listed in the file [.Xil/staged_mac_propImpl.xdc].
Resolution: To avoid this warning, move constraints listed in [.Xil/staged_mac_propImpl.xdc] to another XDC file and exclude this new file from synthesis with the used_in_synthesis property (File Properties dialog in GUI) and re-run elaboration/synthesis.
Completed Processing XDC Constraints

Netlist sorting complete. Time (s): cpu = 00:00:00 ; elapsed = 00:00:00 . Memory (MB): peak = 2532.789 ; gain = 0.000 ; free physical = 7340 ; free virtual = 18217
INFO: [Project 1-111] Unisim Transformation Summary:
No Unisim elements were transformed.

Constraint Validation Runtime : Time (s): cpu = 00:00:00 ; elapsed = 00:00:00 . Memory (MB): peak = 2532.789 ; gain = 0.000 ; free physical = 7340 ; free virtual = 18217
---------------------------------------------------------------------------------
Finished Constraint Validation : Time (s): cpu = 00:00:08 ; elapsed = 00:00:13 . Memory (MB): peak = 2532.789 ; gain = 187.359 ; free physical = 7311 ; free virtual = 18188
---------------------------------------------------------------------------------
---------------------------------------------------------------------------------
Start Loading Part and Timing Information
---------------------------------------------------------------------------------
Loading part: xc7z020clg484-1
---------------------------------------------------------------------------------
Finished Loading Part and Timing Information : Time (s): cpu = 00:00:08 ; elapsed = 00:00:13 . Memory (MB): peak = 2532.789 ; gain = 187.359 ; free physical = 7311 ; free virtual = 18188
---------------------------------------------------------------------------------
---------------------------------------------------------------------------------
Start Applying 'set_property' XDC Constraints
---------------------------------------------------------------------------------
---------------------------------------------------------------------------------
Finished applying 'set_property' XDC Constraints : Time (s): cpu = 00:00:08 ; elapsed = 00:00:13 . Memory (MB): peak = 2532.789 ; gain = 187.359 ; free physical = 7311 ; free virtual = 18188
---------------------------------------------------------------------------------
---------------------------------------------------------------------------------
Finished RTL Optimization Phase 2 : Time (s): cpu = 00:00:09 ; elapsed = 00:00:13 . Memory (MB): peak = 2532.789 ; gain = 187.359 ; free physical = 7304 ; free virtual = 18181
---------------------------------------------------------------------------------
---------------------------------------------------------------------------------
Start RTL Component Statistics 
---------------------------------------------------------------------------------
Detailed RTL Component Info : 
+---Registers : 
	               32 Bit    Registers := 2     
	                8 Bit    Registers := 1     
	                1 Bit    Registers := 1     
+---Muxes : 
	   2 Input   32 Bit        Muxes := 3     
	   2 Input    1 Bit        Muxes := 5     
---------------------------------------------------------------------------------
Finished RTL Component Statistics 
---------------------------------------------------------------------------------
---------------------------------------------------------------------------------
Start Part Resource Summary
---------------------------------------------------------------------------------
Part Resources:
DSPs: 220 (col length:60)
BRAMs: 280 (col length: RAMB18 60 RAMB36 30)
---------------------------------------------------------------------------------
Finished Part Resource Summary
---------------------------------------------------------------------------------
---------------------------------------------------------------------------------
Start Cross Boundary and Area Optimization
---------------------------------------------------------------------------------
---------------------------------------------------------------------------------
Finished Cross Boundary and Area Optimization : Time (s): cpu = 00:00:09 ; elapsed = 00:00:14 . Memory (MB): peak = 2532.789 ; gain = 187.359 ; free physical = 7300 ; free virtual = 18182
---------------------------------------------------------------------------------
---------------------------------------------------------------------------------
Start Applying XDC Timing Constraints
---------------------------------------------------------------------------------
---------------------------------------------------------------------------------
Finished Applying XDC Timing Constraints : Time (s): cpu = 00:00:13 ; elapsed = 00:00:19 . Memory (MB): peak = 2532.789 ; gain = 187.359 ; free physical = 7203 ; free virtual = 18092
---------------------------------------------------------------------------------
---------------------------------------------------------------------------------
Start Timing Optimization
---------------------------------------------------------------------------------
---------------------------------------------------------------------------------
Finished Timing Optimization : Time (s): cpu = 00:00:13 ; elapsed = 00:00:19 . Memory (MB): peak = 2532.789 ; gain = 187.359 ; free physical = 7194 ; free virtual = 18083
---------------------------------------------------------------------------------
---------------------------------------------------------------------------------
Start Technology Mapping
---------------------------------------------------------------------------------
---------------------------------------------------------------------------------
Finished Technology Mapping : Time (s): cpu = 00:00:13 ; elapsed = 00:00:20 . Memory (MB): peak = 2540.797 ; gain = 195.367 ; free physical = 7191 ; free virtual = 18080
---------------------------------------------------------------------------------
---------------------------------------------------------------------------------
Start IO Insertion
---------------------------------------------------------------------------------
---------------------------------------------------------------------------------
Start Flattening Before IO Insertion
---------------------------------------------------------------------------------
---------------------------------------------------------------------------------
Finished Flattening Before IO Insertion
---------------------------------------------------------------------------------
---------------------------------------------------------------------------------
Start Final Netlist Cleanup
---------------------------------------------------------------------------------
---------------------------------------------------------------------------------
Finished Final Netlist Cleanup
---------------------------------------------------------------------------------
---------------------------------------------------------------------------------
Finished IO Insertion : Time (s): cpu = 00:00:15 ; elapsed = 00:00:22 . Memory (MB): peak = 2543.766 ; gain = 198.336 ; free physical = 7191 ; free virtual = 18080
---------------------------------------------------------------------------------
---------------------------------------------------------------------------------
Start Renaming Generated Instances
---------------------------------------------------------------------------------
---------------------------------------------------------------------------------
Finished Renaming Generated Instances : Time (s): cpu = 00:00:15 ; elapsed = 00:00:22 . Memory (MB): peak = 2543.766 ; gain = 198.336 ; free physical = 7191 ; free virtual = 18080
---------------------------------------------------------------------------------
---------------------------------------------------------------------------------
Start Rebuilding User Hierarchy
---------------------------------------------------------------------------------
---------------------------------------------------------------------------------
Finished Rebuilding User Hierarchy : Time (s): cpu = 00:00:15 ; elapsed = 00:00:22 . Memory (MB): peak = 2543.766 ; gain = 198.336 ; free physical = 7191 ; free virtual = 18080
---------------------------------------------------------------------------------
---------------------------------------------------------------------------------
Start Renaming Generated Ports
---------------------------------------------------------------------------------
---------------------------------------------------------------------------------
Finished Renaming Generated Ports : Time (s): cpu = 00:00:15 ; elapsed = 00:00:22 . Memory (MB): peak = 2543.766 ; gain = 198.336 ; free physical = 7191 ; free virtual = 18080
---------------------------------------------------------------------------------
---------------------------------------------------------------------------------
Start Handling Custom Attributes
---------------------------------------------------------------------------------
---------------------------------------------------------------------------------
Finished Handling Custom Attributes : Time (s): cpu = 00:00:15 ; elapsed = 00:00:22 . Memory (MB): peak = 2543.766 ; gain = 198.336 ; free physical = 7191 ; free virtual = 18080
---------------------------------------------------------------------------------
---------------------------------------------------------------------------------
Start Renaming Generated Nets
---------------------------------------------------------------------------------
---------------------------------------------------------------------------------
Finished Renaming Generated Nets : Time (s): cpu = 00:00:15 ; elapsed = 00:00:22 . Memory (MB): peak = 2543.766 ; gain = 198.336 ; free physical = 7191 ; free virtual = 18080
---------------------------------------------------------------------------------
---------------------------------------------------------------------------------
Start Writing Synthesis Report
---------------------------------------------------------------------------------

Report BlackBoxes: 
+-+--------------+----------+
| |BlackBox name |Instances |
+-+--------------+----------+
+-+--------------+----------+

Report Cell Usage: 
+------+-------+------+
|      |Cell   |Count |
+------+-------+------+
|1     |BUFG   |     1|
|2     |CARRY4 |    21|
|3     |LUT1   |     4|
|4     |LUT2   |    57|
|5     |LUT3   |     7|
|6     |LUT4   |    57|
|7     |LUT5   |     7|
|8     |LUT6   |    26|
|9     |FDRE   |    41|
|10    |IBUF   |    30|
|11    |OBUF   |    43|
+------+-------+------+
---------------------------------------------------------------------------------
Finished Writing Synthesis Report : Time (s): cpu = 00:00:15 ; elapsed = 00:00:22 . Memory (MB): peak = 2543.766 ; gain = 198.336 ; free physical = 7191 ; free virtual = 18080
---------------------------------------------------------------------------------
Synthesis finished with 0 errors, 0 critical warnings and 0 warnings.
Synthesis Optimization Runtime : Time (s): cpu = 00:00:14 ; elapsed = 00:00:20 . Memory (MB): peak = 2543.766 ; gain = 93.570 ; free physical = 7201 ; free virtual = 18090
Synthesis Optimization Complete : Time (s): cpu = 00:00:16 ; elapsed = 00:00:22 . Memory (MB): peak = 2543.773 ; gain = 198.336 ; free physical = 7201 ; free virtual = 18090
INFO: [Project 1-571] Translating synthesized netlist
Netlist sorting complete. Time (s): cpu = 00:00:00 ; elapsed = 00:00:00 . Memory (MB): peak = 2543.773 ; gain = 0.000 ; free physical = 7271 ; free virtual = 18160
INFO: [Netlist 29-17] Analyzing 21 Unisim elements for replacement
INFO: [Netlist 29-28] Unisim Transformation completed in 0 CPU seconds
INFO: [Project 1-570] Preparing netlist for logic optimization
INFO: [Opt 31-138] Pushed 0 inverter(s) to 0 load pin(s).
Netlist sorting complete. Time (s): cpu = 00:00:00 ; elapsed = 00:00:00 . Memory (MB): peak = 2551.703 ; gain = 0.000 ; free physical = 7263 ; free virtual = 18152
INFO: [Project 1-111] Unisim Transformation Summary:
No Unisim elements were transformed.

INFO: [Common 17-83] Releasing license: Synthesis
21 Infos, 5 Warnings, 0 Critical Warnings and 0 Errors encountered.
synth_design completed successfully
synth_design: Time (s): cpu = 00:00:23 ; elapsed = 00:00:34 . Memory (MB): peak = 2551.703 ; gain = 206.336 ; free physical = 7263 ; free virtual = 18152
INFO: [Common 17-1381] The checkpoint '/home/jwk0425/487lab3/CPRE-487-Lab03/cpre487-587-lab3-main/staged_mac/vivado/tc_staged_mac/tc_staged_mac.runs/synth_1/staged_mac.dcp' has been generated.
INFO: [runtcl-4] Executing : report_utilization -file staged_mac_utilization_synth.rpt -pb staged_mac_utilization_synth.pb
INFO: [Common 17-206] Exiting Vivado at Wed Sep 23 14:13:43 2026...
