#-----------------------------------------------------------
# Vivado v2020.1 (64-bit)
# SW Build 2902540 on Wed May 27 19:54:35 MDT 2020
# IP Build 2902112 on Wed May 27 22:43:36 MDT 2020
# Start of session at: Sat Sep 19 13:28:39 2026
# Process ID: 5995
# Current directory: /home/zachdixo/cpre-487/lab03/CPRE-487-Lab03/cpre487-587-lab3-main/staged_mac/vivado
# Command line: vivado
# Log file: /home/zachdixo/cpre-487/lab03/CPRE-487-Lab03/cpre487-587-lab3-main/staged_mac/vivado/vivado.log
# Journal file: /home/zachdixo/cpre-487/lab03/CPRE-487-Lab03/cpre487-587-lab3-main/staged_mac/vivado/vivado.jou
#-----------------------------------------------------------
start_gui
open_project /home/zachdixo/cpre-487/lab03/CPRE-487-Lab03/cpre487-587-lab3-main/staged_mac/vivado/tc_staged_mac/tc_staged_mac.xpr
Scanning sources...
Finished scanning sources
WARNING: [filemgmt 56-3] Default IP Output Path : Could not find the directory '/home/zachdixo/cpre-487/lab03/CPRE-487-Lab03/cpre487-587-lab3-main/staged_mac/vivado/tc_staged_mac/tc_staged_mac.srcs/sources_1'.
INFO: [IP_Flow 19-234] Refreshing IP repositories
INFO: [IP_Flow 19-1700] Loaded user IP repository '/home/zachdixo/cpre-487/lab03/CPRE-487-Lab03/cpre487-587-lab3-main/staged_mac'.
WARNING: [IP_Flow 19-3656] If you move the project, the path for repository '/home/zachdixo/cpre-487/lab03/CPRE-487-Lab03/cpre487-587-lab3-main/staged_mac' may become invalid. A better location for the repository would be in a path adjacent to the project. (Current project location is '/home/zachdixo/cpre-487/lab03/CPRE-487-Lab03/cpre487-587-lab3-main/staged_mac/vivado/tc_staged_mac'.)
INFO: [IP_Flow 19-2313] Loaded Vivado IP repository '/remote/Xilinx/2020.1/Vivado/2020.1/data/ip'.
WARNING: [IP_Flow 19-3899] Cannot get the environment domain name variable for the component vendor name. Setting the vendor name to 'user.org'.
open_project: Time (s): cpu = 00:00:07 ; elapsed = 00:00:05 . Memory (MB): peak = 7223.672 ; gain = 41.273 ; free physical = 22748 ; free virtual = 42592
update_compile_order -fileset sources_1
exit
INFO: [Common 17-206] Exiting Vivado at Sat Sep 19 13:40:49 2026...
