#-----------------------------------------------------------
# Vivado v2020.1 (64-bit)
# SW Build 2902540 on Wed May 27 19:54:35 MDT 2020
# IP Build 2902112 on Wed May 27 22:43:36 MDT 2020
# Start of session at: Mon Sep 14 23:29:20 2026
# Process ID: 65931
# Current directory: /home/zachdixo/cpre-487/lab03/CPRE-487-Lab03/cpre487-587-lab3-main/staged_mac/vivado
# Command line: vivado
# Log file: /home/zachdixo/cpre-487/lab03/CPRE-487-Lab03/cpre487-587-lab3-main/staged_mac/vivado/vivado.log
# Journal file: /home/zachdixo/cpre-487/lab03/CPRE-487-Lab03/cpre487-587-lab3-main/staged_mac/vivado/vivado.jou
#-----------------------------------------------------------
start_gui
open_project /home/zachdixo/cpre-487/lab03/CPRE-487-Lab03/cpre487-587-lab3-main/staged_mac/vivado/tc_staged_mac/tc_staged_mac.xpr
Scanning sources...
Finished scanning sources
WARNING: [filemgmt 56-3] Default IP Output Path : Could not find the directory '/home/zachdixo/cpre-487/lab03/CPRE-487-Lab03/cpre487-587-lab3-main/staged_mac/vivado/tc_staged_mac/tc_staged_mac.srcs/sources_1'.
INFO: [IP_Flow 19-234] Refreshing IP repositories
INFO: [IP_Flow 19-1700] Loaded user IP repository '/home/zachdixo/cpre-487/lab03/CPRE-487-Lab03/cpre487-587-lab3-main/staged_mac'.
WARNING: [IP_Flow 19-3656] If you move the project, the path for repository '/home/zachdixo/cpre-487/lab03/CPRE-487-Lab03/cpre487-587-lab3-main/staged_mac' may become invalid. A better location for the repository would be in a path adjacent to the project. (Current project location is '/home/zachdixo/cpre-487/lab03/CPRE-487-Lab03/cpre487-587-lab3-main/staged_mac/vivado/tc_staged_mac'.)
INFO: [IP_Flow 19-2313] Loaded Vivado IP repository '/remote/Xilinx/2020.1/Vivado/2020.1/data/ip'.
WARNING: [IP_Flow 19-3899] Cannot get the environment domain name variable for the component vendor name. Setting the vendor name to 'user.org'.
open_project: Time (s): cpu = 00:00:08 ; elapsed = 00:00:11 . Memory (MB): peak = 7188.168 ; gain = 22.238 ; free physical = 1947 ; free virtual = 15862
update_compile_order -fileset sources_1
launch_simulation
Command: launch_simulation 
INFO: [Vivado 12-5682] Launching behavioral simulation in '/home/zachdixo/cpre-487/lab03/CPRE-487-Lab03/cpre487-587-lab3-main/staged_mac/vivado/tc_staged_mac/tc_staged_mac.sim/sim_1/behav/xsim'
INFO: [SIM-utils-51] Simulation object is 'sim_1'
INFO: [SIM-utils-54] Inspecting design source files for 'staged_mac' in fileset 'sim_1'...
INFO: [USF-XSim-97] Finding global include files...
INFO: [USF-XSim-98] Fetching design files from 'sim_1'...
INFO: [USF-XSim-2] XSim::Compile design
INFO: [USF-XSim-61] Executing 'COMPILE and ANALYZE' step in '/home/zachdixo/cpre-487/lab03/CPRE-487-Lab03/cpre487-587-lab3-main/staged_mac/vivado/tc_staged_mac/tc_staged_mac.sim/sim_1/behav/xsim'
xvhdl --incr --relax -prj staged_mac_vhdl.prj
INFO: [VRFC 10-163] Analyzing VHDL file "/home/zachdixo/cpre-487/lab03/CPRE-487-Lab03/cpre487-587-lab3-main/staged_mac/hdl/staged_mac.vhd" into library xil_defaultlib
INFO: [VRFC 10-3107] analyzing entity 'staged_mac'
INFO: [USF-XSim-69] 'compile' step finished in '2' seconds
INFO: [USF-XSim-3] XSim::Elaborate design
INFO: [USF-XSim-61] Executing 'ELABORATE' step in '/home/zachdixo/cpre-487/lab03/CPRE-487-Lab03/cpre487-587-lab3-main/staged_mac/vivado/tc_staged_mac/tc_staged_mac.sim/sim_1/behav/xsim'
xelab -wto 73d410be8b5f42b9b1ff71f1502c3c14 --incr --debug typical --relax --mt 8 -L xil_defaultlib -L secureip --snapshot staged_mac_behav xil_defaultlib.staged_mac -log elaborate.log
Vivado Simulator 2020.1
Copyright 1986-1999, 2001-2020 Xilinx, Inc. All Rights Reserved.
Running: /remote/Xilinx/2020.1/Vivado/2020.1/bin/unwrapped/lnx64.o/xelab -wto 73d410be8b5f42b9b1ff71f1502c3c14 --incr --debug typical --relax --mt 8 -L xil_defaultlib -L secureip --snapshot staged_mac_behav xil_defaultlib.staged_mac -log elaborate.log 
Using 8 slave threads.
Starting static elaboration
Completed static elaboration
Starting simulation data flow analysis
Completed simulation data flow analysis
Time Resolution for simulation is 1ps
Compiling package std.standard
Compiling package std.textio
Compiling package ieee.std_logic_1164
Compiling package ieee.numeric_std
Compiling architecture behavioral of entity xil_defaultlib.staged_mac
Built simulation snapshot staged_mac_behav

****** Webtalk v2020.1 (64-bit)
  **** SW Build 2902540 on Wed May 27 19:54:35 MDT 2020
  **** IP Build 2902112 on Wed May 27 22:43:36 MDT 2020
    ** Copyright 1986-2020 Xilinx, Inc. All Rights Reserved.

source /home/zachdixo/cpre-487/lab03/CPRE-487-Lab03/cpre487-587-lab3-main/staged_mac/vivado/tc_staged_mac/tc_staged_mac.sim/sim_1/behav/xsim/xsim.dir/staged_mac_behav/webtalk/xsim_webtalk.tcl -notrace
INFO: [Common 17-206] Exiting Webtalk at Mon Sep 14 23:32:40 2026...
INFO: [USF-XSim-69] 'elaborate' step finished in '3' seconds
INFO: [USF-XSim-4] XSim::Simulate design
INFO: [USF-XSim-61] Executing 'SIMULATE' step in '/home/zachdixo/cpre-487/lab03/CPRE-487-Lab03/cpre487-587-lab3-main/staged_mac/vivado/tc_staged_mac/tc_staged_mac.sim/sim_1/behav/xsim'
INFO: [USF-XSim-98] *** Running xsim
   with args "staged_mac_behav -key {Behavioral:sim_1:Functional:staged_mac} -tclbatch {staged_mac.tcl} -log {simulate.log}"
INFO: [USF-XSim-8] Loading simulator feature
Vivado Simulator 2020.1
Time resolution is 1 ps
source staged_mac.tcl
# set curr_wave [current_wave_config]
# if { [string length $curr_wave] == 0 } {
#   if { [llength [get_objects]] > 0} {
#     add_wave /
#     set_property needs_save false [current_wave_config]
#   } else {
#      send_msg_id Add_Wave-1 WARNING "No top level signals found. Simulator will start without a wave window. If you want to open a wave window go to 'File->New Waveform Configuration' or type 'create_wave_config' in the TCL console."
#   }
# }
# run 1000ns
INFO: [USF-XSim-96] XSim completed. Design snapshot 'staged_mac_behav' loaded.
INFO: [USF-XSim-97] XSim simulation ran for 1000ns
launch_simulation: Time (s): cpu = 00:00:10 ; elapsed = 00:00:09 . Memory (MB): peak = 7308.992 ; gain = 89.812 ; free physical = 1629 ; free virtual = 15671
reset_run synth_1
WARNING: [Vivado 12-1017] Problems encountered:
1. Failed to delete one or more files in run directory /home/zachdixo/cpre-487/lab03/CPRE-487-Lab03/cpre487-587-lab3-main/staged_mac/vivado/tc_staged_mac/tc_staged_mac.runs/synth_1

launch_runs synth_1 -jobs 2
[Mon Sep 14 23:33:05 2026] Launched synth_1...
Run output will be captured here: /home/zachdixo/cpre-487/lab03/CPRE-487-Lab03/cpre487-587-lab3-main/staged_mac/vivado/tc_staged_mac/tc_staged_mac.runs/synth_1/runme.log
launch_runs impl_1 -jobs 2
[Mon Sep 14 23:34:55 2026] Launched impl_1...
Run output will be captured here: /home/zachdixo/cpre-487/lab03/CPRE-487-Lab03/cpre487-587-lab3-main/staged_mac/vivado/tc_staged_mac/tc_staged_mac.runs/impl_1/runme.log
open_run impl_1
INFO: [Device 21-403] Loading part xc7z020clg484-1
Netlist sorting complete. Time (s): cpu = 00:00:00 ; elapsed = 00:00:00 . Memory (MB): peak = 7342.613 ; gain = 0.000 ; free physical = 1816 ; free virtual = 15094
INFO: [Netlist 29-17] Analyzing 18 Unisim elements for replacement
INFO: [Netlist 29-28] Unisim Transformation completed in 0 CPU seconds
INFO: [Project 1-479] Netlist was created with Vivado 2020.1
INFO: [Project 1-570] Preparing netlist for logic optimization
INFO: [Timing 38-478] Restoring timing data from binary archive.
INFO: [Timing 38-479] Binary timing data restore complete.
INFO: [Project 1-856] Restoring constraints from binary archive.
INFO: [Constraints 18-5170] The checkpoint was created with non-default parameter values which do not match the current Vivado settings.  Mismatching parameters are:
  general.maxThreads
INFO: [Project 1-853] Binary constraint restore complete.
Reading XDEF placement.
Reading placer database...
Reading XDEF routing.
Read XDEF File: Time (s): cpu = 00:00:00.02 ; elapsed = 00:00:00.02 . Memory (MB): peak = 7911.281 ; gain = 0.000 ; free physical = 1234 ; free virtual = 14512
Restored from archive | CPU: 0.020000 secs | Memory: 0.378441 MB |
Finished XDEF File Restore: Time (s): cpu = 00:00:00.02 ; elapsed = 00:00:00.02 . Memory (MB): peak = 7911.281 ; gain = 0.000 ; free physical = 1234 ; free virtual = 14512
Netlist sorting complete. Time (s): cpu = 00:00:00 ; elapsed = 00:00:00 . Memory (MB): peak = 7911.281 ; gain = 0.000 ; free physical = 1234 ; free virtual = 14512
INFO: [Project 1-111] Unisim Transformation Summary:
No Unisim elements were transformed.

open_run: Time (s): cpu = 00:00:15 ; elapsed = 00:00:16 . Memory (MB): peak = 8105.941 ; gain = 796.949 ; free physical = 1107 ; free virtual = 14388
CRITICAL WARNING: [Timing 38-282] The design failed to meet the timing requirements. Please see the timing summary report for details on the timing violations.
