
*** Running vivado
    with args -log piped_mac.vds -m64 -product Vivado -mode batch -messageDb vivado.pb -notrace -source piped_mac.tcl


****** Vivado v2020.1 (64-bit)
  **** SW Build 2902540 on Wed May 27 19:54:35 MDT 2020
  **** IP Build 2902112 on Wed May 27 22:43:36 MDT 2020
    ** Copyright 1986-2020 Xilinx, Inc. All Rights Reserved.

source piped_mac.tcl -notrace
INFO: [IP_Flow 19-234] Refreshing IP repositories
INFO: [IP_Flow 19-1700] Loaded user IP repository '/home/jwk0425/487lab3/CPRE-487-Lab03/cpre487-587-lab3-main/piped_mac'.
WARNING: [IP_Flow 19-3656] If you move the project, the path for repository '/home/jwk0425/487lab3/CPRE-487-Lab03/cpre487-587-lab3-main/piped_mac' may become invalid. A better location for the repository would be in a path adjacent to the project. (Current project location is '/home/jwk0425/487lab3/CPRE-487-Lab03/cpre487-587-lab3-main/piped_mac/vivado/tc_piped_mac/tc_piped_mac.runs/synth_1'.)
INFO: [IP_Flow 19-2313] Loaded Vivado IP repository '/remote/Xilinx/2020.1/Vivado/2020.1/data/ip'.
Command: synth_design -top piped_mac -part xc7z020clg484-1
Starting synth_design
Attempting to get a license for feature 'Synthesis' and/or device 'xc7z020'
INFO: [Common 17-349] Got license for feature 'Synthesis' and/or device 'xc7z020'
INFO: [Device 21-403] Loading part xc7z020clg484-1
INFO: [Synth 8-7079] Multithreading enabled for synth_design using a maximum of 4 processes.
INFO: [Synth 8-7078] Launching helper process for spawning children vivado processes
INFO: [Synth 8-7075] Helper process launched with PID 28188
---------------------------------------------------------------------------------
Starting RTL Elaboration : Time (s): cpu = 00:00:03 ; elapsed = 00:00:04 . Memory (MB): peak = 2370.277 ; gain = 24.844 ; free physical = 7443 ; free virtual = 18306
---------------------------------------------------------------------------------
INFO: [Synth 8-638] synthesizing module 'piped_mac' [/home/jwk0425/487lab3/CPRE-487-Lab03/cpre487-587-lab3-main/piped_mac/hdl/piped_mac.vhd:55]
	Parameter C_DATA_WIDTH bound to: 8 - type: integer 
	Parameter FourBytes bound to: 32 - type: integer 
INFO: [Synth 8-256] done synthesizing module 'piped_mac' (1#1) [/home/jwk0425/487lab3/CPRE-487-Lab03/cpre487-587-lab3-main/piped_mac/hdl/piped_mac.vhd:55]
---------------------------------------------------------------------------------
Finished RTL Elaboration : Time (s): cpu = 00:00:03 ; elapsed = 00:00:05 . Memory (MB): peak = 2412.215 ; gain = 66.781 ; free physical = 7408 ; free virtual = 18272
---------------------------------------------------------------------------------
---------------------------------------------------------------------------------
Start Handling Custom Attributes
---------------------------------------------------------------------------------
---------------------------------------------------------------------------------
Finished Handling Custom Attributes : Time (s): cpu = 00:00:04 ; elapsed = 00:00:06 . Memory (MB): peak = 2429.059 ; gain = 83.625 ; free physical = 7408 ; free virtual = 18272
---------------------------------------------------------------------------------
---------------------------------------------------------------------------------
Finished RTL Optimization Phase 1 : Time (s): cpu = 00:00:04 ; elapsed = 00:00:06 . Memory (MB): peak = 2429.059 ; gain = 83.625 ; free physical = 7408 ; free virtual = 18272
---------------------------------------------------------------------------------
Netlist sorting complete. Time (s): cpu = 00:00:00 ; elapsed = 00:00:00 . Memory (MB): peak = 2429.059 ; gain = 0.000 ; free physical = 7402 ; free virtual = 18266
INFO: [Project 1-570] Preparing netlist for logic optimization

Processing XDC Constraints
Initializing timing engine
Parsing XDC File [/home/jwk0425/487lab3/CPRE-487-Lab03/cpre487-587-lab3-main/piped_mac/hdl/zedboard.xdc]
WARNING: [Vivado 12-584] No ports matched '[get_ports -of_objects [get_iobanks 33]]'. [/home/jwk0425/487lab3/CPRE-487-Lab03/cpre487-587-lab3-main/piped_mac/hdl/zedboard.xdc:361]
WARNING: [Vivado 12-584] No ports matched '[get_ports -of_objects [get_iobanks 34]]'. [/home/jwk0425/487lab3/CPRE-487-Lab03/cpre487-587-lab3-main/piped_mac/hdl/zedboard.xdc:366]
WARNING: [Vivado 12-584] No ports matched '[get_ports -of_objects [get_iobanks 35]]'. [/home/jwk0425/487lab3/CPRE-487-Lab03/cpre487-587-lab3-main/piped_mac/hdl/zedboard.xdc:371]
WARNING: [Vivado 12-584] No ports matched '[get_ports -of_objects [get_iobanks 13]]'. [/home/jwk0425/487lab3/CPRE-487-Lab03/cpre487-587-lab3-main/piped_mac/hdl/zedboard.xdc:374]
Finished Parsing XDC File [/home/jwk0425/487lab3/CPRE-487-Lab03/cpre487-587-lab3-main/piped_mac/hdl/zedboard.xdc]
INFO: [Project 1-236] Implementation specific constraints were found while reading constraint file [/home/jwk0425/487lab3/CPRE-487-Lab03/cpre487-587-lab3-main/piped_mac/hdl/zedboard.xdc]. These constraints will be ignored for synthesis but will be used in implementation. Impacted constraints are listed in the file [.Xil/piped_mac_propImpl.xdc].
Resolution: To avoid this warning, move constraints listed in [.Xil/piped_mac_propImpl.xdc] to another XDC file and exclude this new file from synthesis with the used_in_synthesis property (File Properties dialog in GUI) and re-run elaboration/synthesis.
Completed Processing XDC Constraints

Netlist sorting complete. Time (s): cpu = 00:00:00 ; elapsed = 00:00:00 . Memory (MB): peak = 2567.762 ; gain = 0.000 ; free physical = 7268 ; free virtual = 18146
INFO: [Project 1-111] Unisim Transformation Summary:
No Unisim elements were transformed.

Constraint Validation Runtime : Time (s): cpu = 00:00:00 ; elapsed = 00:00:00 . Memory (MB): peak = 2567.762 ; gain = 0.000 ; free physical = 7268 ; free virtual = 18146
---------------------------------------------------------------------------------
Finished Constraint Validation : Time (s): cpu = 00:00:08 ; elapsed = 00:00:12 . Memory (MB): peak = 2567.762 ; gain = 222.328 ; free physical = 7295 ; free virtual = 18174
---------------------------------------------------------------------------------
---------------------------------------------------------------------------------
Start Loading Part and Timing Information
---------------------------------------------------------------------------------
Loading part: xc7z020clg484-1
---------------------------------------------------------------------------------
Finished Loading Part and Timing Information : Time (s): cpu = 00:00:08 ; elapsed = 00:00:12 . Memory (MB): peak = 2567.762 ; gain = 222.328 ; free physical = 7295 ; free virtual = 18174
---------------------------------------------------------------------------------
---------------------------------------------------------------------------------
Start Applying 'set_property' XDC Constraints
---------------------------------------------------------------------------------
---------------------------------------------------------------------------------
Finished applying 'set_property' XDC Constraints : Time (s): cpu = 00:00:08 ; elapsed = 00:00:12 . Memory (MB): peak = 2567.762 ; gain = 222.328 ; free physical = 7298 ; free virtual = 18176
---------------------------------------------------------------------------------
---------------------------------------------------------------------------------
Finished RTL Optimization Phase 2 : Time (s): cpu = 00:00:08 ; elapsed = 00:00:12 . Memory (MB): peak = 2567.762 ; gain = 222.328 ; free physical = 7301 ; free virtual = 18180
---------------------------------------------------------------------------------
---------------------------------------------------------------------------------
Start RTL Component Statistics 
---------------------------------------------------------------------------------
Detailed RTL Component Info : 
+---Registers : 
	               32 Bit    Registers := 5     
	                8 Bit    Registers := 5     
	                1 Bit    Registers := 10    
+---Muxes : 
	   2 Input   32 Bit        Muxes := 2     
	   2 Input    1 Bit        Muxes := 1     
---------------------------------------------------------------------------------
Finished RTL Component Statistics 
---------------------------------------------------------------------------------
---------------------------------------------------------------------------------
Start Part Resource Summary
---------------------------------------------------------------------------------
Part Resources:
DSPs: 220 (col length:60)
BRAMs: 280 (col length: RAMB18 60 RAMB36 30)
---------------------------------------------------------------------------------
Finished Part Resource Summary
---------------------------------------------------------------------------------
---------------------------------------------------------------------------------
Start Cross Boundary and Area Optimization
---------------------------------------------------------------------------------
DSP Report: Generating DSP acc0, operation Mode is: C+(A2*B2)'.
DSP Report: register s0_B_reg is absorbed into DSP acc0.
DSP Report: register s0_A_reg is absorbed into DSP acc0.
DSP Report: register s1_product_reg is absorbed into DSP acc0.
DSP Report: operator ARG is absorbed into DSP acc0.
DSP Report: operator acc0 is absorbed into DSP acc0.
---------------------------------------------------------------------------------
Finished Cross Boundary and Area Optimization : Time (s): cpu = 00:00:09 ; elapsed = 00:00:13 . Memory (MB): peak = 2567.762 ; gain = 222.328 ; free physical = 7298 ; free virtual = 18181
---------------------------------------------------------------------------------
---------------------------------------------------------------------------------
Start ROM, RAM, DSP and Shift Register Reporting
---------------------------------------------------------------------------------

DSP: Preliminary Mapping	Report (see note below)
+------------+-------------+--------+--------+--------+--------+--------+------+------+------+------+-------+------+------+
|Module Name | DSP Mapping | A Size | B Size | C Size | D Size | P Size | AREG | BREG | CREG | DREG | ADREG | MREG | PREG | 
+------------+-------------+--------+--------+--------+--------+--------+------+------+------+------+-------+------+------+
|piped_mac   | C+(A2*B2)'  | 8      | 8      | 32     | -      | 32     | 1    | 1    | 0    | -    | -     | 1    | 0    | 
+------------+-------------+--------+--------+--------+--------+--------+------+------+------+------+-------+------+------+

Note: The table above is a preliminary report that shows the DSPs inferred at the current stage of the synthesis flow. Some DSP may be reimplemented as non DSP primitives later in the synthesis flow. Multiple instantiated DSPs are reported only once.
---------------------------------------------------------------------------------
Finished ROM, RAM, DSP and Shift Register Reporting
---------------------------------------------------------------------------------
---------------------------------------------------------------------------------
Start Applying XDC Timing Constraints
---------------------------------------------------------------------------------
---------------------------------------------------------------------------------
Finished Applying XDC Timing Constraints : Time (s): cpu = 00:00:14 ; elapsed = 00:00:19 . Memory (MB): peak = 2567.762 ; gain = 222.328 ; free physical = 7155 ; free virtual = 18046
---------------------------------------------------------------------------------
---------------------------------------------------------------------------------
Start Timing Optimization
---------------------------------------------------------------------------------
---------------------------------------------------------------------------------
Finished Timing Optimization : Time (s): cpu = 00:00:14 ; elapsed = 00:00:19 . Memory (MB): peak = 2567.762 ; gain = 222.328 ; free physical = 7146 ; free virtual = 18037
---------------------------------------------------------------------------------
---------------------------------------------------------------------------------
Start Technology Mapping
---------------------------------------------------------------------------------
---------------------------------------------------------------------------------
Finished Technology Mapping : Time (s): cpu = 00:00:14 ; elapsed = 00:00:19 . Memory (MB): peak = 2567.762 ; gain = 222.328 ; free physical = 7137 ; free virtual = 18028
---------------------------------------------------------------------------------
---------------------------------------------------------------------------------
Start IO Insertion
---------------------------------------------------------------------------------
---------------------------------------------------------------------------------
Start Flattening Before IO Insertion
---------------------------------------------------------------------------------
---------------------------------------------------------------------------------
Finished Flattening Before IO Insertion
---------------------------------------------------------------------------------
---------------------------------------------------------------------------------
Start Final Netlist Cleanup
---------------------------------------------------------------------------------
---------------------------------------------------------------------------------
Finished Final Netlist Cleanup
---------------------------------------------------------------------------------
---------------------------------------------------------------------------------
Finished IO Insertion : Time (s): cpu = 00:00:16 ; elapsed = 00:00:21 . Memory (MB): peak = 2573.699 ; gain = 228.266 ; free physical = 7142 ; free virtual = 18033
---------------------------------------------------------------------------------
---------------------------------------------------------------------------------
Start Renaming Generated Instances
---------------------------------------------------------------------------------
---------------------------------------------------------------------------------
Finished Renaming Generated Instances : Time (s): cpu = 00:00:16 ; elapsed = 00:00:21 . Memory (MB): peak = 2573.699 ; gain = 228.266 ; free physical = 7142 ; free virtual = 18033
---------------------------------------------------------------------------------
---------------------------------------------------------------------------------
Start Rebuilding User Hierarchy
---------------------------------------------------------------------------------
---------------------------------------------------------------------------------
Finished Rebuilding User Hierarchy : Time (s): cpu = 00:00:16 ; elapsed = 00:00:21 . Memory (MB): peak = 2573.699 ; gain = 228.266 ; free physical = 7142 ; free virtual = 18033
---------------------------------------------------------------------------------
---------------------------------------------------------------------------------
Start Renaming Generated Ports
---------------------------------------------------------------------------------
---------------------------------------------------------------------------------
Finished Renaming Generated Ports : Time (s): cpu = 00:00:16 ; elapsed = 00:00:21 . Memory (MB): peak = 2573.699 ; gain = 228.266 ; free physical = 7142 ; free virtual = 18033
---------------------------------------------------------------------------------
---------------------------------------------------------------------------------
Start Handling Custom Attributes
---------------------------------------------------------------------------------
---------------------------------------------------------------------------------
Finished Handling Custom Attributes : Time (s): cpu = 00:00:16 ; elapsed = 00:00:21 . Memory (MB): peak = 2573.699 ; gain = 228.266 ; free physical = 7142 ; free virtual = 18033
---------------------------------------------------------------------------------
---------------------------------------------------------------------------------
Start Renaming Generated Nets
---------------------------------------------------------------------------------
---------------------------------------------------------------------------------
Finished Renaming Generated Nets : Time (s): cpu = 00:00:16 ; elapsed = 00:00:21 . Memory (MB): peak = 2573.699 ; gain = 228.266 ; free physical = 7142 ; free virtual = 18033
---------------------------------------------------------------------------------
---------------------------------------------------------------------------------
Start Writing Synthesis Report
---------------------------------------------------------------------------------

Report BlackBoxes: 
+-+--------------+----------+
| |BlackBox name |Instances |
+-+--------------+----------+
+-+--------------+----------+

Report Cell Usage: 
+------+--------+------+
|      |Cell    |Count |
+------+--------+------+
|1     |BUFG    |     1|
|2     |DSP48E1 |     1|
|3     |LUT1    |     1|
|4     |LUT2    |    18|
|5     |LUT3    |    34|
|6     |LUT4    |     3|
|7     |LUT5    |     4|
|8     |LUT6    |     1|
|9     |FDRE    |   121|
|10    |FDSE    |    17|
|11    |IBUF    |    30|
|12    |OBUF    |    43|
+------+--------+------+
---------------------------------------------------------------------------------
Finished Writing Synthesis Report : Time (s): cpu = 00:00:16 ; elapsed = 00:00:21 . Memory (MB): peak = 2573.699 ; gain = 228.266 ; free physical = 7142 ; free virtual = 18033
---------------------------------------------------------------------------------
Synthesis finished with 0 errors, 0 critical warnings and 0 warnings.
Synthesis Optimization Runtime : Time (s): cpu = 00:00:14 ; elapsed = 00:00:19 . Memory (MB): peak = 2573.699 ; gain = 89.562 ; free physical = 7142 ; free virtual = 18033
Synthesis Optimization Complete : Time (s): cpu = 00:00:16 ; elapsed = 00:00:22 . Memory (MB): peak = 2573.707 ; gain = 228.266 ; free physical = 7142 ; free virtual = 18033
INFO: [Project 1-571] Translating synthesized netlist
Netlist sorting complete. Time (s): cpu = 00:00:00 ; elapsed = 00:00:00.01 . Memory (MB): peak = 2573.707 ; gain = 0.000 ; free physical = 7224 ; free virtual = 18117
INFO: [Netlist 29-17] Analyzing 1 Unisim elements for replacement
INFO: [Netlist 29-28] Unisim Transformation completed in 0 CPU seconds
INFO: [Project 1-570] Preparing netlist for logic optimization
INFO: [Opt 31-138] Pushed 0 inverter(s) to 0 load pin(s).
Netlist sorting complete. Time (s): cpu = 00:00:00 ; elapsed = 00:00:00 . Memory (MB): peak = 2573.707 ; gain = 0.000 ; free physical = 7192 ; free virtual = 18085
INFO: [Project 1-111] Unisim Transformation Summary:
No Unisim elements were transformed.

INFO: [Common 17-83] Releasing license: Synthesis
20 Infos, 5 Warnings, 0 Critical Warnings and 0 Errors encountered.
synth_design completed successfully
synth_design: Time (s): cpu = 00:00:23 ; elapsed = 00:00:33 . Memory (MB): peak = 2573.707 ; gain = 228.336 ; free physical = 7198 ; free virtual = 18091
INFO: [Common 17-1381] The checkpoint '/home/jwk0425/487lab3/CPRE-487-Lab03/cpre487-587-lab3-main/piped_mac/vivado/tc_piped_mac/tc_piped_mac.runs/synth_1/piped_mac.dcp' has been generated.
INFO: [runtcl-4] Executing : report_utilization -file piped_mac_utilization_synth.rpt -pb piped_mac_utilization_synth.pb
INFO: [Common 17-206] Exiting Vivado at Wed Sep 23 14:46:53 2026...
